23:12:27 **** Incremental Build of configuration Debug for project stm32f4-disco ****
make -j8 all 
arm-none-eabi-gcc "../Core/Src/main.c" -mcpu=cortex-m4 -std=gnu11 -g3 -DDEBUG -DUSE_HAL_DRIVER -DSTM32F429xx -c -I../Core/Inc -I../Drivers/STM32F4xx_HAL_Driver/Inc -I../Drivers/STM32F4xx_HAL_Driver/Inc/Legacy -I../Drivers/CMSIS/Device/ST/STM32F4xx/Include -I../Drivers/CMSIS/Include -O0 -ffunction-sections -fdata-sections -Wall -fstack-usage -MMD -MP -MF"Core/Src/main.d" -MT"Core/Src/main.o" --specs=nano.specs -mfpu=fpv4-sp-d16 -mfloat-abi=hard -mthumb -o "Core/Src/main.o"
arm-none-eabi-gcc "../Core/Src/stepper.c" -mcpu=cortex-m4 -std=gnu11 -g3 -DDEBUG -DUSE_HAL_DRIVER -DSTM32F429xx -c -I../Core/Inc -I../Drivers/STM32F4xx_HAL_Driver/Inc -I../Drivers/STM32F4xx_HAL_Driver/Inc/Legacy -I../Drivers/CMSIS/Device/ST/STM32F4xx/Include -I../Drivers/CMSIS/Include -O0 -ffunction-sections -fdata-sections -Wall -fstack-usage -MMD -MP -MF"Core/Src/stepper.d" -MT"Core/Src/stepper.o" --specs=nano.specs -mfpu=fpv4-sp-d16 -mfloat-abi=hard -mthumb -o "Core/Src/stepper.o"
arm-none-eabi-gcc -o "stm32f4-disco.elf" @"objects.list"   -mcpu=cortex-m4 -T"E:\Project\STM32\Stepper Motor\stm32f4-disco\STM32F429ZITX_FLASH.ld" --specs=nosys.specs -Wl,-Map="stm32f4-disco.map" -Wl,--gc-sections -static --specs=nano.specs -mfpu=fpv4-sp-d16 -mfloat-abi=hard -mthumb -Wl,--start-group -lc -lm -Wl,--end-group
Finished building target: stm32f4-disco.elf
 
arm-none-eabi-objdump -h -S  stm32f4-disco.elf  > "stm32f4-disco.list"
arm-none-eabi-objcopy  -O binary  stm32f4-disco.elf  "stm32f4-disco.bin"
arm-none-eabi-size   stm32f4-disco.elf 
   text	   data	    bss	    dec	    hex	filename
  33288	    132	   3468	  36888	   9018	stm32f4-disco.elf
Finished building: default.size.stdout
 
Finished building: stm32f4-disco.bin
 
Finished building: stm32f4-disco.list
 
17:23:19 **** Incremental Build of configuration Debug for project stm32f4-disco ****
make -j8 all 
arm-none-eabi-gcc "../Core/Src/crc.c" -mcpu=cortex-m4 -std=gnu11 -g3 -DDEBUG -DUSE_HAL_DRIVER -DSTM32F429xx -c -I../Core/Inc -I../Drivers/STM32F4xx_HAL_Driver/Inc -I../Drivers/STM32F4xx_HAL_Driver/Inc/Legacy -I../Drivers/CMSIS/Device/ST/STM32F4xx/Include -I../Drivers/CMSIS/Include -O0 -ffunction-sections -fdata-sections -Wall -fstack-usage -MMD -MP -MF"Core/Src/crc.d" -MT"Core/Src/crc.o" --specs=nano.specs -mfpu=fpv4-sp-d16 -mfloat-abi=hard -mthumb -o "Core/Src/crc.o"
arm-none-eabi-gcc "../Core/Src/dma2d.c" -mcpu=cortex-m4 -std=gnu11 -g3 -DDEBUG -DUSE_HAL_DRIVER -DSTM32F429xx -c -I../Core/Inc -I../Drivers/STM32F4xx_HAL_Driver/Inc -I../Drivers/STM32F4xx_HAL_Driver/Inc/Legacy -I../Drivers/CMSIS/Device/ST/STM32F4xx/Include -I../Drivers/CMSIS/Include -O0 -ffunction-sections -fdata-sections -Wall -fstack-usage -MMD -MP -MF"Core/Src/dma2d.d" -MT"Core/Src/dma2d.o" --specs=nano.specs -mfpu=fpv4-sp-d16 -mfloat-abi=hard -mthumb -o "Core/Src/dma2d.o"
arm-none-eabi-gcc "../Core/Src/fmc.c" -mcpu=cortex-m4 -std=gnu11 -g3 -DDEBUG -DUSE_HAL_DRIVER -DSTM32F429xx -c -I../Core/Inc -I../Drivers/STM32F4xx_HAL_Driver/Inc -I../Drivers/STM32F4xx_HAL_Driver/Inc/Legacy -I../Drivers/CMSIS/Device/ST/STM32F4xx/Include -I../Drivers/CMSIS/Include -O0 -ffunction-sections -fdata-sections -Wall -fstack-usage -MMD -MP -MF"Core/Src/fmc.d" -MT"Core/Src/fmc.o" --specs=nano.specs -mfpu=fpv4-sp-d16 -mfloat-abi=hard -mthumb -o "Core/Src/fmc.o"
arm-none-eabi-gcc "../Core/Src/gpio.c" -mcpu=cortex-m4 -std=gnu11 -g3 -DDEBUG -DUSE_HAL_DRIVER -DSTM32F429xx -c -I../Core/Inc -I../Drivers/STM32F4xx_HAL_Driver/Inc -I../Drivers/STM32F4xx_HAL_Driver/Inc/Legacy -I../Drivers/CMSIS/Device/ST/STM32F4xx/Include -I../Drivers/CMSIS/Include -O0 -ffunction-sections -fdata-sections -Wall -fstack-usage -MMD -MP -MF"Core/Src/gpio.d" -MT"Core/Src/gpio.o" --specs=nano.specs -mfpu=fpv4-sp-d16 -mfloat-abi=hard -mthumb -o "Core/Src/gpio.o"
arm-none-eabi-gcc "../Core/Src/i2c.c" -mcpu=cortex-m4 -std=gnu11 -g3 -DDEBUG -DUSE_HAL_DRIVER -DSTM32F429xx -c -I../Core/Inc -I../Drivers/STM32F4xx_HAL_Driver/Inc -I../Drivers/STM32F4xx_HAL_Driver/Inc/Legacy -I../Drivers/CMSIS/Device/ST/STM32F4xx/Include -I../Drivers/CMSIS/Include -O0 -ffunction-sections -fdata-sections -Wall -fstack-usage -MMD -MP -MF"Core/Src/i2c.d" -MT"Core/Src/i2c.o" --specs=nano.specs -mfpu=fpv4-sp-d16 -mfloat-abi=hard -mthumb -o "Core/Src/i2c.o"
arm-none-eabi-gcc "../Core/Src/ltdc.c" -mcpu=cortex-m4 -std=gnu11 -g3 -DDEBUG -DUSE_HAL_DRIVER -DSTM32F429xx -c -I../Core/Inc -I../Drivers/STM32F4xx_HAL_Driver/Inc -I../Drivers/STM32F4xx_HAL_Driver/Inc/Legacy -I../Drivers/CMSIS/Device/ST/STM32F4xx/Include -I../Drivers/CMSIS/Include -O0 -ffunction-sections -fdata-sections -Wall -fstack-usage -MMD -MP -MF"Core/Src/ltdc.d" -MT"Core/Src/ltdc.o" --specs=nano.specs -mfpu=fpv4-sp-d16 -mfloat-abi=hard -mthumb -o "Core/Src/ltdc.o"
arm-none-eabi-gcc "../Core/Src/main.c" -mcpu=cortex-m4 -std=gnu11 -g3 -DDEBUG -DUSE_HAL_DRIVER -DSTM32F429xx -c -I../Core/Inc -I../Drivers/STM32F4xx_HAL_Driver/Inc -I../Drivers/STM32F4xx_HAL_Driver/Inc/Legacy -I../Drivers/CMSIS/Device/ST/STM32F4xx/Include -I../Drivers/CMSIS/Include -O0 -ffunction-sections -fdata-sections -Wall -fstack-usage -MMD -MP -MF"Core/Src/main.d" -MT"Core/Src/main.o" --specs=nano.specs -mfpu=fpv4-sp-d16 -mfloat-abi=hard -mthumb -o "Core/Src/main.o"
arm-none-eabi-gcc "../Core/Src/queue.c" -mcpu=cortex-m4 -std=gnu11 -g3 -DDEBUG -DUSE_HAL_DRIVER -DSTM32F429xx -c -I../Core/Inc -I../Drivers/STM32F4xx_HAL_Driver/Inc -I../Drivers/STM32F4xx_HAL_Driver/Inc/Legacy -I../Drivers/CMSIS/Device/ST/STM32F4xx/Include -I../Drivers/CMSIS/Include -O0 -ffunction-sections -fdata-sections -Wall -fstack-usage -MMD -MP -MF"Core/Src/queue.d" -MT"Core/Src/queue.o" --specs=nano.specs -mfpu=fpv4-sp-d16 -mfloat-abi=hard -mthumb -o "Core/Src/queue.o"
../Core/Src/gpio.c: In function 'HAL_GPIO_EXTI_Callback':
../Core/Src/gpio.c:147:2: warning: implicit declaration of function 'TX_send_Int' [-Wimplicit-function-declaration]
  147 |  TX_send_Int(1000);
      |  ^~~~~~~~~~~
../Core/Src/main.c: In function 'main':
../Core/Src/main.c:160:5: error: 'runMotof_f' undeclared (first use in this function); did you mean 'runMotor_f'?
  160 |     runMotof_f=0;
      |     ^~~~~~~~~~
      |     runMotor_f
../Core/Src/main.c:160:5: note: each undeclared identifier is reported only once for each function it appears in
make: *** [Core/Src/subdir.mk:85: Core/Src/main.o] Error 1
make: *** Waiting for unfinished jobs....
"make -j8 all" terminated with exit code 2. Build might be incomplete.
17:24:59 **** Incremental Build of configuration Debug for project stm32f4-disco ****
make -j8 all 
arm-none-eabi-gcc "../Core/Src/main.c" -mcpu=cortex-m4 -std=gnu11 -g3 -DDEBUG -DUSE_HAL_DRIVER -DSTM32F429xx -c -I../Core/Inc -I../Drivers/STM32F4xx_HAL_Driver/Inc -I../Drivers/STM32F4xx_HAL_Driver/Inc/Legacy -I../Drivers/CMSIS/Device/ST/STM32F4xx/Include -I../Drivers/CMSIS/Include -O0 -ffunction-sections -fdata-sections -Wall -fstack-usage -MMD -MP -MF"Core/Src/main.d" -MT"Core/Src/main.o" --specs=nano.specs -mfpu=fpv4-sp-d16 -mfloat-abi=hard -mthumb -o "Core/Src/main.o"
arm-none-eabi-gcc "../Core/Src/spi.c" -mcpu=cortex-m4 -std=gnu11 -g3 -DDEBUG -DUSE_HAL_DRIVER -DSTM32F429xx -c -I../Core/Inc -I../Drivers/STM32F4xx_HAL_Driver/Inc -I../Drivers/STM32F4xx_HAL_Driver/Inc/Legacy -I../Drivers/CMSIS/Device/ST/STM32F4xx/Include -I../Drivers/CMSIS/Include -O0 -ffunction-sections -fdata-sections -Wall -fstack-usage -MMD -MP -MF"Core/Src/spi.d" -MT"Core/Src/spi.o" --specs=nano.specs -mfpu=fpv4-sp-d16 -mfloat-abi=hard -mthumb -o "Core/Src/spi.o"
arm-none-eabi-gcc "../Core/Src/stepper.c" -mcpu=cortex-m4 -std=gnu11 -g3 -DDEBUG -DUSE_HAL_DRIVER -DSTM32F429xx -c -I../Core/Inc -I../Drivers/STM32F4xx_HAL_Driver/Inc -I../Drivers/STM32F4xx_HAL_Driver/Inc/Legacy -I../Drivers/CMSIS/Device/ST/STM32F4xx/Include -I../Drivers/CMSIS/Include -O0 -ffunction-sections -fdata-sections -Wall -fstack-usage -MMD -MP -MF"Core/Src/stepper.d" -MT"Core/Src/stepper.o" --specs=nano.specs -mfpu=fpv4-sp-d16 -mfloat-abi=hard -mthumb -o "Core/Src/stepper.o"
arm-none-eabi-gcc "../Core/Src/stm32f4xx_hal_msp.c" -mcpu=cortex-m4 -std=gnu11 -g3 -DDEBUG -DUSE_HAL_DRIVER -DSTM32F429xx -c -I../Core/Inc -I../Drivers/STM32F4xx_HAL_Driver/Inc -I../Drivers/STM32F4xx_HAL_Driver/Inc/Legacy -I../Drivers/CMSIS/Device/ST/STM32F4xx/Include -I../Drivers/CMSIS/Include -O0 -ffunction-sections -fdata-sections -Wall -fstack-usage -MMD -MP -MF"Core/Src/stm32f4xx_hal_msp.d" -MT"Core/Src/stm32f4xx_hal_msp.o" --specs=nano.specs -mfpu=fpv4-sp-d16 -mfloat-abi=hard -mthumb -o "Core/Src/stm32f4xx_hal_msp.o"
arm-none-eabi-gcc "../Core/Src/stm32f4xx_it.c" -mcpu=cortex-m4 -std=gnu11 -g3 -DDEBUG -DUSE_HAL_DRIVER -DSTM32F429xx -c -I../Core/Inc -I../Drivers/STM32F4xx_HAL_Driver/Inc -I../Drivers/STM32F4xx_HAL_Driver/Inc/Legacy -I../Drivers/CMSIS/Device/ST/STM32F4xx/Include -I../Drivers/CMSIS/Include -O0 -ffunction-sections -fdata-sections -Wall -fstack-usage -MMD -MP -MF"Core/Src/stm32f4xx_it.d" -MT"Core/Src/stm32f4xx_it.o" --specs=nano.specs -mfpu=fpv4-sp-d16 -mfloat-abi=hard -mthumb -o "Core/Src/stm32f4xx_it.o"
arm-none-eabi-gcc "../Core/Src/tim.c" -mcpu=cortex-m4 -std=gnu11 -g3 -DDEBUG -DUSE_HAL_DRIVER -DSTM32F429xx -c -I../Core/Inc -I../Drivers/STM32F4xx_HAL_Driver/Inc -I../Drivers/STM32F4xx_HAL_Driver/Inc/Legacy -I../Drivers/CMSIS/Device/ST/STM32F4xx/Include -I../Drivers/CMSIS/Include -O0 -ffunction-sections -fdata-sections -Wall -fstack-usage -MMD -MP -MF"Core/Src/tim.d" -MT"Core/Src/tim.o" --specs=nano.specs -mfpu=fpv4-sp-d16 -mfloat-abi=hard -mthumb -o "Core/Src/tim.o"
arm-none-eabi-gcc "../Core/Src/usart.c" -mcpu=cortex-m4 -std=gnu11 -g3 -DDEBUG -DUSE_HAL_DRIVER -DSTM32F429xx -c -I../Core/Inc -I../Drivers/STM32F4xx_HAL_Driver/Inc -I../Drivers/STM32F4xx_HAL_Driver/Inc/Legacy -I../Drivers/CMSIS/Device/ST/STM32F4xx/Include -I../Drivers/CMSIS/Include -O0 -ffunction-sections -fdata-sections -Wall -fstack-usage -MMD -MP -MF"Core/Src/usart.d" -MT"Core/Src/usart.o" --specs=nano.specs -mfpu=fpv4-sp-d16 -mfloat-abi=hard -mthumb -o "Core/Src/usart.o"
arm-none-eabi-gcc "../Core/Src/usb_otg.c" -mcpu=cortex-m4 -std=gnu11 -g3 -DDEBUG -DUSE_HAL_DRIVER -DSTM32F429xx -c -I../Core/Inc -I../Drivers/STM32F4xx_HAL_Driver/Inc -I../Drivers/STM32F4xx_HAL_Driver/Inc/Legacy -I../Drivers/CMSIS/Device/ST/STM32F4xx/Include -I../Drivers/CMSIS/Include -O0 -ffunction-sections -fdata-sections -Wall -fstack-usage -MMD -MP -MF"Core/Src/usb_otg.d" -MT"Core/Src/usb_otg.o" --specs=nano.specs -mfpu=fpv4-sp-d16 -mfloat-abi=hard -mthumb -o "Core/Src/usb_otg.o"
../Core/Src/usart.c: In function 'TX_send_Int':
../Core/Src/usart.c:216:7: warning: passing argument 1 of 'itoa' makes integer from pointer without a cast [-Wint-conversion]
  216 |  itoa(i,ibuf,10);
      |       ^
      |       |
      |       uint16_t * {aka short unsigned int *}
In file included from ../Core/Inc/main.h:35,
                 from ../Core/Inc/usart.h:28,
                 from ../Core/Src/usart.c:21:
c:\st\stm32cubeide_1.6.1\stm32cubeide\plugins\com.st.stm32cube.ide.mcu.externaltools.gnu-tools-for-stm32.9-2020-q2-update.win32_1.5.0.202011040924\tools\arm-none-eabi\include\stdlib.h:227:8: note: expected 'int' but argument is of type 'uint16_t *' {aka 'short unsigned int *'}
  227 | char * itoa (int, char *, int);
      |        ^~~~
../Core/Src/usart.c:216:9: warning: pointer targets in passing argument 2 of 'itoa' differ in signedness [-Wpointer-sign]
  216 |  itoa(i,ibuf,10);
      |         ^~~~
      |         |
      |         uint8_t * {aka unsigned char *}
In file included from ../Core/Inc/main.h:35,
                 from ../Core/Inc/usart.h:28,
                 from ../Core/Src/usart.c:21:
c:\st\stm32cubeide_1.6.1\stm32cubeide\plugins\com.st.stm32cube.ide.mcu.externaltools.gnu-tools-for-stm32.9-2020-q2-update.win32_1.5.0.202011040924\tools\arm-none-eabi\include\stdlib.h:227:8: note: expected 'char *' but argument is of type 'uint8_t *' {aka 'unsigned char *'}
  227 | char * itoa (int, char *, int);
      |        ^~~~
../Core/Src/usart.c:217:9: warning: the address of 'ibuf' will always evaluate as 'true' [-Waddress]
  217 |  while (ibuf){
      |         ^~~~
../Core/Src/main.c: In function 'main':
../Core/Src/main.c:161:5: error: 'runMotor_f_f' undeclared (first use in this function); did you mean 'runMotor_f'?
  161 |     runMotor_f_f=0;
      |     ^~~~~~~~~~~~
      |     runMotor_f
../Core/Src/main.c:161:5: note: each undeclared identifier is reported only once for each function it appears in
make: *** [Core/Src/subdir.mk:85: Core/Src/main.o] Error 1
make: *** Waiting for unfinished jobs....
"make -j8 all" terminated with exit code 2. Build might be incomplete.
17:25:48 **** Incremental Build of configuration Debug for project stm32f4-disco ****
make -j8 all 
arm-none-eabi-gcc "../Core/Src/main.c" -mcpu=cortex-m4 -std=gnu11 -g3 -DDEBUG -DUSE_HAL_DRIVER -DSTM32F429xx -c -I../Core/Inc -I../Drivers/STM32F4xx_HAL_Driver/Inc -I../Drivers/STM32F4xx_HAL_Driver/Inc/Legacy -I../Drivers/CMSIS/Device/ST/STM32F4xx/Include -I../Drivers/CMSIS/Include -O0 -ffunction-sections -fdata-sections -Wall -fstack-usage -MMD -MP -MF"Core/Src/main.d" -MT"Core/Src/main.o" --specs=nano.specs -mfpu=fpv4-sp-d16 -mfloat-abi=hard -mthumb -o "Core/Src/main.o"
arm-none-eabi-gcc "../Core/Src/usart.c" -mcpu=cortex-m4 -std=gnu11 -g3 -DDEBUG -DUSE_HAL_DRIVER -DSTM32F429xx -c -I../Core/Inc -I../Drivers/STM32F4xx_HAL_Driver/Inc -I../Drivers/STM32F4xx_HAL_Driver/Inc/Legacy -I../Drivers/CMSIS/Device/ST/STM32F4xx/Include -I../Drivers/CMSIS/Include -O0 -ffunction-sections -fdata-sections -Wall -fstack-usage -MMD -MP -MF"Core/Src/usart.d" -MT"Core/Src/usart.o" --specs=nano.specs -mfpu=fpv4-sp-d16 -mfloat-abi=hard -mthumb -o "Core/Src/usart.o"
../Core/Src/usart.c: In function 'TX_send_Int':
../Core/Src/usart.c:216:7: warning: passing argument 1 of 'itoa' makes integer from pointer without a cast [-Wint-conversion]
  216 |  itoa(i,ibuf,10);
      |       ^
      |       |
      |       uint16_t * {aka short unsigned int *}
In file included from ../Core/Inc/main.h:35,
                 from ../Core/Inc/usart.h:28,
                 from ../Core/Src/usart.c:21:
c:\st\stm32cubeide_1.6.1\stm32cubeide\plugins\com.st.stm32cube.ide.mcu.externaltools.gnu-tools-for-stm32.9-2020-q2-update.win32_1.5.0.202011040924\tools\arm-none-eabi\include\stdlib.h:227:8: note: expected 'int' but argument is of type 'uint16_t *' {aka 'short unsigned int *'}
  227 | char * itoa (int, char *, int);
      |        ^~~~
../Core/Src/usart.c:216:9: warning: pointer targets in passing argument 2 of 'itoa' differ in signedness [-Wpointer-sign]
  216 |  itoa(i,ibuf,10);
      |         ^~~~
      |         |
      |         uint8_t * {aka unsigned char *}
In file included from ../Core/Inc/main.h:35,
                 from ../Core/Inc/usart.h:28,
                 from ../Core/Src/usart.c:21:
c:\st\stm32cubeide_1.6.1\stm32cubeide\plugins\com.st.stm32cube.ide.mcu.externaltools.gnu-tools-for-stm32.9-2020-q2-update.win32_1.5.0.202011040924\tools\arm-none-eabi\include\stdlib.h:227:8: note: expected 'char *' but argument is of type 'uint8_t *' {aka 'unsigned char *'}
  227 | char * itoa (int, char *, int);
      |        ^~~~
../Core/Src/main.c: In function 'main':
../Core/Src/main.c:161:5: error: 'runMotor_f_f' undeclared (first use in this function); did you mean 'runMotor_f'?
  161 |     runMotor_f_f=0;
      |     ^~~~~~~~~~~~
      |     runMotor_f
../Core/Src/main.c:161:5: note: each undeclared identifier is reported only once for each function it appears in
make: *** [Core/Src/subdir.mk:85: Core/Src/main.o] Error 1
make: *** Waiting for unfinished jobs....
"make -j8 all" terminated with exit code 2. Build might be incomplete.
17:29:45 **** Incremental Build of configuration Debug for project stm32f4-disco ****
make -j8 all 
arm-none-eabi-gcc "../Core/Src/main.c" -mcpu=cortex-m4 -std=gnu11 -g3 -DDEBUG -DUSE_HAL_DRIVER -DSTM32F429xx -c -I../Core/Inc -I../Drivers/STM32F4xx_HAL_Driver/Inc -I../Drivers/STM32F4xx_HAL_Driver/Inc/Legacy -I../Drivers/CMSIS/Device/ST/STM32F4xx/Include -I../Drivers/CMSIS/Include -O0 -ffunction-sections -fdata-sections -Wall -fstack-usage -MMD -MP -MF"Core/Src/main.d" -MT"Core/Src/main.o" --specs=nano.specs -mfpu=fpv4-sp-d16 -mfloat-abi=hard -mthumb -o "Core/Src/main.o"
arm-none-eabi-gcc "../Core/Src/usart.c" -mcpu=cortex-m4 -std=gnu11 -g3 -DDEBUG -DUSE_HAL_DRIVER -DSTM32F429xx -c -I../Core/Inc -I../Drivers/STM32F4xx_HAL_Driver/Inc -I../Drivers/STM32F4xx_HAL_Driver/Inc/Legacy -I../Drivers/CMSIS/Device/ST/STM32F4xx/Include -I../Drivers/CMSIS/Include -O0 -ffunction-sections -fdata-sections -Wall -fstack-usage -MMD -MP -MF"Core/Src/usart.d" -MT"Core/Src/usart.o" --specs=nano.specs -mfpu=fpv4-sp-d16 -mfloat-abi=hard -mthumb -o "Core/Src/usart.o"
../Core/Src/usart.c: In function 'TX_send_Int':
../Core/Src/usart.c:216:7: warning: passing argument 1 of 'itoa' makes integer from pointer without a cast [-Wint-conversion]
  216 |  itoa(i,ibuf,10);
      |       ^
      |       |
      |       int16_t * {aka short int *}
In file included from ../Core/Inc/main.h:35,
                 from ../Core/Inc/usart.h:28,
                 from ../Core/Src/usart.c:21:
c:\st\stm32cubeide_1.6.1\stm32cubeide\plugins\com.st.stm32cube.ide.mcu.externaltools.gnu-tools-for-stm32.9-2020-q2-update.win32_1.5.0.202011040924\tools\arm-none-eabi\include\stdlib.h:227:8: note: expected 'int' but argument is of type 'int16_t *' {aka 'short int *'}
  227 | char * itoa (int, char *, int);
      |        ^~~~
../Core/Src/usart.c:216:9: warning: pointer targets in passing argument 2 of 'itoa' differ in signedness [-Wpointer-sign]
  216 |  itoa(i,ibuf,10);
      |         ^~~~
      |         |
      |         uint8_t * {aka unsigned char *}
In file included from ../Core/Inc/main.h:35,
                 from ../Core/Inc/usart.h:28,
                 from ../Core/Src/usart.c:21:
c:\st\stm32cubeide_1.6.1\stm32cubeide\plugins\com.st.stm32cube.ide.mcu.externaltools.gnu-tools-for-stm32.9-2020-q2-update.win32_1.5.0.202011040924\tools\arm-none-eabi\include\stdlib.h:227:8: note: expected 'char *' but argument is of type 'uint8_t *' {aka 'unsigned char *'}
  227 | char * itoa (int, char *, int);
      |        ^~~~
../Core/Src/main.c: In function 'main':
../Core/Src/main.c:161:5: error: 'runMotor_f_f' undeclared (first use in this function); did you mean 'runMotor_f'?
  161 |     runMotor_f_f=0;
      |     ^~~~~~~~~~~~
      |     runMotor_f
../Core/Src/main.c:161:5: note: each undeclared identifier is reported only once for each function it appears in
make: *** [Core/Src/subdir.mk:85: Core/Src/main.o] Error 1
make: *** Waiting for unfinished jobs....
"make -j8 all" terminated with exit code 2. Build might be incomplete.
17:30:35 **** Incremental Build of configuration Debug for project stm32f4-disco ****
make -j8 all 
arm-none-eabi-gcc "../Core/Src/main.c" -mcpu=cortex-m4 -std=gnu11 -g3 -DDEBUG -DUSE_HAL_DRIVER -DSTM32F429xx -c -I../Core/Inc -I../Drivers/STM32F4xx_HAL_Driver/Inc -I../Drivers/STM32F4xx_HAL_Driver/Inc/Legacy -I../Drivers/CMSIS/Device/ST/STM32F4xx/Include -I../Drivers/CMSIS/Include -O0 -ffunction-sections -fdata-sections -Wall -fstack-usage -MMD -MP -MF"Core/Src/main.d" -MT"Core/Src/main.o" --specs=nano.specs -mfpu=fpv4-sp-d16 -mfloat-abi=hard -mthumb -o "Core/Src/main.o"
arm-none-eabi-gcc "../Core/Src/usart.c" -mcpu=cortex-m4 -std=gnu11 -g3 -DDEBUG -DUSE_HAL_DRIVER -DSTM32F429xx -c -I../Core/Inc -I../Drivers/STM32F4xx_HAL_Driver/Inc -I../Drivers/STM32F4xx_HAL_Driver/Inc/Legacy -I../Drivers/CMSIS/Device/ST/STM32F4xx/Include -I../Drivers/CMSIS/Include -O0 -ffunction-sections -fdata-sections -Wall -fstack-usage -MMD -MP -MF"Core/Src/usart.d" -MT"Core/Src/usart.o" --specs=nano.specs -mfpu=fpv4-sp-d16 -mfloat-abi=hard -mthumb -o "Core/Src/usart.o"
../Core/Src/usart.c: In function 'TX_send_Int':
../Core/Src/usart.c:216:9: warning: pointer targets in passing argument 2 of 'itoa' differ in signedness [-Wpointer-sign]
  216 |  itoa(i,ibuf,10);
      |         ^~~~
      |         |
      |         uint8_t * {aka unsigned char *}
In file included from ../Core/Inc/main.h:35,
                 from ../Core/Inc/usart.h:28,
                 from ../Core/Src/usart.c:21:
c:\st\stm32cubeide_1.6.1\stm32cubeide\plugins\com.st.stm32cube.ide.mcu.externaltools.gnu-tools-for-stm32.9-2020-q2-update.win32_1.5.0.202011040924\tools\arm-none-eabi\include\stdlib.h:227:8: note: expected 'char *' but argument is of type 'uint8_t *' {aka 'unsigned char *'}
  227 | char * itoa (int, char *, int);
      |        ^~~~
../Core/Src/main.c: In function 'main':
../Core/Src/main.c:161:5: error: 'runMotor_f_f' undeclared (first use in this function); did you mean 'runMotor_f'?
  161 |     runMotor_f_f=0;
      |     ^~~~~~~~~~~~
      |     runMotor_f
../Core/Src/main.c:161:5: note: each undeclared identifier is reported only once for each function it appears in
make: *** [Core/Src/subdir.mk:85: Core/Src/main.o] Error 1
make: *** Waiting for unfinished jobs....
"make -j8 all" terminated with exit code 2. Build might be incomplete.
17:36:55 **** Incremental Build of configuration Debug for project stm32f4-disco ****
make -j8 all 
arm-none-eabi-gcc "../Core/Src/main.c" -mcpu=cortex-m4 -std=gnu11 -g3 -DDEBUG -DUSE_HAL_DRIVER -DSTM32F429xx -c -I../Core/Inc -I../Drivers/STM32F4xx_HAL_Driver/Inc -I../Drivers/STM32F4xx_HAL_Driver/Inc/Legacy -I../Drivers/CMSIS/Device/ST/STM32F4xx/Include -I../Drivers/CMSIS/Include -O0 -ffunction-sections -fdata-sections -Wall -fstack-usage -MMD -MP -MF"Core/Src/main.d" -MT"Core/Src/main.o" --specs=nano.specs -mfpu=fpv4-sp-d16 -mfloat-abi=hard -mthumb -o "Core/Src/main.o"
arm-none-eabi-gcc "../Core/Src/usart.c" -mcpu=cortex-m4 -std=gnu11 -g3 -DDEBUG -DUSE_HAL_DRIVER -DSTM32F429xx -c -I../Core/Inc -I../Drivers/STM32F4xx_HAL_Driver/Inc -I../Drivers/STM32F4xx_HAL_Driver/Inc/Legacy -I../Drivers/CMSIS/Device/ST/STM32F4xx/Include -I../Drivers/CMSIS/Include -O0 -ffunction-sections -fdata-sections -Wall -fstack-usage -MMD -MP -MF"Core/Src/usart.d" -MT"Core/Src/usart.o" --specs=nano.specs -mfpu=fpv4-sp-d16 -mfloat-abi=hard -mthumb -o "Core/Src/usart.o"
../Core/Src/usart.c: In function 'TX_send_Int':
../Core/Src/usart.c:220:32: warning: pointer targets in passing argument 2 of 'HAL_UART_Transmit_IT' differ in signedness [-Wpointer-sign]
  220 |  HAL_UART_Transmit_IT(&huart5, ibuf, len);
      |                                ^~~~
      |                                |
      |                                char *
In file included from ../Core/Inc/stm32f4xx_hal_conf.h:406,
                 from ../Drivers/STM32F4xx_HAL_Driver/Inc/stm32f4xx_hal.h:30,
                 from ../Core/Inc/main.h:31,
                 from ../Core/Inc/usart.h:28,
                 from ../Core/Src/usart.c:21:
../Drivers/STM32F4xx_HAL_Driver/Inc/stm32f4xx_hal_uart.h:723:76: note: expected 'uint8_t *' {aka 'unsigned char *'} but argument is of type 'char *'
  723 | HAL_StatusTypeDef HAL_UART_Transmit_IT(UART_HandleTypeDef *huart, uint8_t *pData, uint16_t Size);
      |                                                                   ~~~~~~~~~^~~~~
../Core/Src/main.c: In function 'main':
../Core/Src/main.c:161:5: error: 'runMotor_f_f' undeclared (first use in this function); did you mean 'runMotor_f'?
  161 |     runMotor_f_f=0;
      |     ^~~~~~~~~~~~
      |     runMotor_f
../Core/Src/main.c:161:5: note: each undeclared identifier is reported only once for each function it appears in
make: *** [Core/Src/subdir.mk:85: Core/Src/main.o] Error 1
make: *** Waiting for unfinished jobs....
"make -j8 all" terminated with exit code 2. Build might be incomplete.
17:40:06 **** Incremental Build of configuration Debug for project stm32f4-disco ****
make -j8 all 
arm-none-eabi-gcc "../Core/Src/main.c" -mcpu=cortex-m4 -std=gnu11 -g3 -DDEBUG -DUSE_HAL_DRIVER -DSTM32F429xx -c -I../Core/Inc -I../Drivers/STM32F4xx_HAL_Driver/Inc -I../Drivers/STM32F4xx_HAL_Driver/Inc/Legacy -I../Drivers/CMSIS/Device/ST/STM32F4xx/Include -I../Drivers/CMSIS/Include -O0 -ffunction-sections -fdata-sections -Wall -fstack-usage -MMD -MP -MF"Core/Src/main.d" -MT"Core/Src/main.o" --specs=nano.specs -mfpu=fpv4-sp-d16 -mfloat-abi=hard -mthumb -o "Core/Src/main.o"
arm-none-eabi-gcc "../Core/Src/usart.c" -mcpu=cortex-m4 -std=gnu11 -g3 -DDEBUG -DUSE_HAL_DRIVER -DSTM32F429xx -c -I../Core/Inc -I../Drivers/STM32F4xx_HAL_Driver/Inc -I../Drivers/STM32F4xx_HAL_Driver/Inc/Legacy -I../Drivers/CMSIS/Device/ST/STM32F4xx/Include -I../Drivers/CMSIS/Include -O0 -ffunction-sections -fdata-sections -Wall -fstack-usage -MMD -MP -MF"Core/Src/usart.d" -MT"Core/Src/usart.o" --specs=nano.specs -mfpu=fpv4-sp-d16 -mfloat-abi=hard -mthumb -o "Core/Src/usart.o"
../Core/Src/usart.c: In function 'TX_send_Int':
../Core/Src/usart.c:220:32: warning: pointer targets in passing argument 2 of 'HAL_UART_Transmit_IT' differ in signedness [-Wpointer-sign]
  220 |  HAL_UART_Transmit_IT(&huart5, ibuf, len);
      |                                ^~~~
      |                                |
      |                                char *
In file included from ../Core/Inc/stm32f4xx_hal_conf.h:406,
                 from ../Drivers/STM32F4xx_HAL_Driver/Inc/stm32f4xx_hal.h:30,
                 from ../Core/Inc/main.h:31,
                 from ../Core/Inc/usart.h:28,
                 from ../Core/Src/usart.c:21:
../Drivers/STM32F4xx_HAL_Driver/Inc/stm32f4xx_hal_uart.h:723:76: note: expected 'uint8_t *' {aka 'unsigned char *'} but argument is of type 'char *'
  723 | HAL_StatusTypeDef HAL_UART_Transmit_IT(UART_HandleTypeDef *huart, uint8_t *pData, uint16_t Size);
      |                                                                   ~~~~~~~~~^~~~~
../Core/Src/main.c: In function 'main':
../Core/Src/main.c:161:5: error: 'runMotor_f_f' undeclared (first use in this function); did you mean 'runMotor_f'?
  161 |     runMotor_f_f=0;
      |     ^~~~~~~~~~~~
      |     runMotor_f
../Core/Src/main.c:161:5: note: each undeclared identifier is reported only once for each function it appears in
make: *** [Core/Src/subdir.mk:85: Core/Src/main.o] Error 1
make: *** Waiting for unfinished jobs....
"make -j8 all" terminated with exit code 2. Build might be incomplete.
17:41:06 **** Incremental Build of configuration Debug for project stm32f4-disco ****
make -j8 all 
arm-none-eabi-gcc "../Core/Src/main.c" -mcpu=cortex-m4 -std=gnu11 -g3 -DDEBUG -DUSE_HAL_DRIVER -DSTM32F429xx -c -I../Core/Inc -I../Drivers/STM32F4xx_HAL_Driver/Inc -I../Drivers/STM32F4xx_HAL_Driver/Inc/Legacy -I../Drivers/CMSIS/Device/ST/STM32F4xx/Include -I../Drivers/CMSIS/Include -O0 -ffunction-sections -fdata-sections -Wall -fstack-usage -MMD -MP -MF"Core/Src/main.d" -MT"Core/Src/main.o" --specs=nano.specs -mfpu=fpv4-sp-d16 -mfloat-abi=hard -mthumb -o "Core/Src/main.o"
arm-none-eabi-gcc "../Core/Src/usart.c" -mcpu=cortex-m4 -std=gnu11 -g3 -DDEBUG -DUSE_HAL_DRIVER -DSTM32F429xx -c -I../Core/Inc -I../Drivers/STM32F4xx_HAL_Driver/Inc -I../Drivers/STM32F4xx_HAL_Driver/Inc/Legacy -I../Drivers/CMSIS/Device/ST/STM32F4xx/Include -I../Drivers/CMSIS/Include -O0 -ffunction-sections -fdata-sections -Wall -fstack-usage -MMD -MP -MF"Core/Src/usart.d" -MT"Core/Src/usart.o" --specs=nano.specs -mfpu=fpv4-sp-d16 -mfloat-abi=hard -mthumb -o "Core/Src/usart.o"
../Core/Src/usart.c: In function 'TX_send_Int':
../Core/Src/usart.c:216:9: warning: pointer targets in passing argument 2 of 'itoa' differ in signedness [-Wpointer-sign]
  216 |  itoa(i,ibuf,10);
      |         ^~~~
      |         |
      |         uint8_t * {aka unsigned char *}
In file included from ../Core/Inc/main.h:35,
                 from ../Core/Inc/usart.h:28,
                 from ../Core/Src/usart.c:21:
c:\st\stm32cubeide_1.6.1\stm32cubeide\plugins\com.st.stm32cube.ide.mcu.externaltools.gnu-tools-for-stm32.9-2020-q2-update.win32_1.5.0.202011040924\tools\arm-none-eabi\include\stdlib.h:227:8: note: expected 'char *' but argument is of type 'uint8_t *' {aka 'unsigned char *'}
  227 | char * itoa (int, char *, int);
      |        ^~~~
../Core/Src/main.c: In function 'main':
../Core/Src/main.c:161:5: error: 'runMotor_f_f' undeclared (first use in this function); did you mean 'runMotor_f'?
  161 |     runMotor_f_f=0;
      |     ^~~~~~~~~~~~
      |     runMotor_f
../Core/Src/main.c:161:5: note: each undeclared identifier is reported only once for each function it appears in
make: *** [Core/Src/subdir.mk:85: Core/Src/main.o] Error 1
make: *** Waiting for unfinished jobs....
"make -j8 all" terminated with exit code 2. Build might be incomplete.
17:41:49 **** Incremental Build of configuration Debug for project stm32f4-disco ****
make -j8 all 
arm-none-eabi-gcc "../Core/Src/main.c" -mcpu=cortex-m4 -std=gnu11 -g3 -DDEBUG -DUSE_HAL_DRIVER -DSTM32F429xx -c -I../Core/Inc -I../Drivers/STM32F4xx_HAL_Driver/Inc -I../Drivers/STM32F4xx_HAL_Driver/Inc/Legacy -I../Drivers/CMSIS/Device/ST/STM32F4xx/Include -I../Drivers/CMSIS/Include -O0 -ffunction-sections -fdata-sections -Wall -fstack-usage -MMD -MP -MF"Core/Src/main.d" -MT"Core/Src/main.o" --specs=nano.specs -mfpu=fpv4-sp-d16 -mfloat-abi=hard -mthumb -o "Core/Src/main.o"
arm-none-eabi-gcc "../Core/Src/usart.c" -mcpu=cortex-m4 -std=gnu11 -g3 -DDEBUG -DUSE_HAL_DRIVER -DSTM32F429xx -c -I../Core/Inc -I../Drivers/STM32F4xx_HAL_Driver/Inc -I../Drivers/STM32F4xx_HAL_Driver/Inc/Legacy -I../Drivers/CMSIS/Device/ST/STM32F4xx/Include -I../Drivers/CMSIS/Include -O0 -ffunction-sections -fdata-sections -Wall -fstack-usage -MMD -MP -MF"Core/Src/usart.d" -MT"Core/Src/usart.o" --specs=nano.specs -mfpu=fpv4-sp-d16 -mfloat-abi=hard -mthumb -o "Core/Src/usart.o"
../Core/Src/usart.c: In function 'TX_send_Int':
../Core/Src/usart.c:220:32: warning: cast from pointer to integer of different size [-Wpointer-to-int-cast]
  220 |  HAL_UART_Transmit_IT(&huart5, (uint8_t)ibuf, len);
      |                                ^
../Core/Src/usart.c:220:32: warning: passing argument 2 of 'HAL_UART_Transmit_IT' makes pointer from integer without a cast [-Wint-conversion]
  220 |  HAL_UART_Transmit_IT(&huart5, (uint8_t)ibuf, len);
      |                                ^~~~~~~~~~~~~
      |                                |
      |                                unsigned char
In file included from ../Core/Inc/stm32f4xx_hal_conf.h:406,
                 from ../Drivers/STM32F4xx_HAL_Driver/Inc/stm32f4xx_hal.h:30,
                 from ../Core/Inc/main.h:31,
                 from ../Core/Inc/usart.h:28,
                 from ../Core/Src/usart.c:21:
../Drivers/STM32F4xx_HAL_Driver/Inc/stm32f4xx_hal_uart.h:723:76: note: expected 'uint8_t *' {aka 'unsigned char *'} but argument is of type 'unsigned char'
  723 | HAL_StatusTypeDef HAL_UART_Transmit_IT(UART_HandleTypeDef *huart, uint8_t *pData, uint16_t Size);
      |                                                                   ~~~~~~~~~^~~~~
arm-none-eabi-gcc -o "stm32f4-disco.elf" @"objects.list"   -mcpu=cortex-m4 -T"E:\Project\STM32\Stepper Motor\stm32f4-disco\STM32F429ZITX_FLASH.ld" --specs=nosys.specs -Wl,-Map="stm32f4-disco.map" -Wl,--gc-sections -static --specs=nano.specs -mfpu=fpv4-sp-d16 -mfloat-abi=hard -mthumb -Wl,--start-group -lc -lm -Wl,--end-group
Finished building target: stm32f4-disco.elf
 
arm-none-eabi-objdump -h -S  stm32f4-disco.elf  > "stm32f4-disco.list"
arm-none-eabi-objcopy  -O binary  stm32f4-disco.elf  "stm32f4-disco.bin"
arm-none-eabi-size   stm32f4-disco.elf 
   text	   data	    bss	    dec	    hex	filename
  33632	    132	   3476	  37240	   9178	stm32f4-disco.elf
Finished building: default.size.stdout
 
Finished building: stm32f4-disco.bin
 
Finished building: stm32f4-disco.list
 
17:42:25 **** Incremental Build of configuration Debug for project stm32f4-disco ****
make -j8 all 
arm-none-eabi-gcc "../Core/Src/usart.c" -mcpu=cortex-m4 -std=gnu11 -g3 -DDEBUG -DUSE_HAL_DRIVER -DSTM32F429xx -c -I../Core/Inc -I../Drivers/STM32F4xx_HAL_Driver/Inc -I../Drivers/STM32F4xx_HAL_Driver/Inc/Legacy -I../Drivers/CMSIS/Device/ST/STM32F4xx/Include -I../Drivers/CMSIS/Include -O0 -ffunction-sections -fdata-sections -Wall -fstack-usage -MMD -MP -MF"Core/Src/usart.d" -MT"Core/Src/usart.o" --specs=nano.specs -mfpu=fpv4-sp-d16 -mfloat-abi=hard -mthumb -o "Core/Src/usart.o"
../Core/Src/usart.c: In function 'TX_send_Int':
../Core/Src/usart.c:220:32: warning: cast from pointer to integer of different size [-Wpointer-to-int-cast]
  220 |  HAL_UART_Transmit_IT(&huart5, (uint8_t)ibuf, 3);
      |                                ^
../Core/Src/usart.c:220:32: warning: passing argument 2 of 'HAL_UART_Transmit_IT' makes pointer from integer without a cast [-Wint-conversion]
  220 |  HAL_UART_Transmit_IT(&huart5, (uint8_t)ibuf, 3);
      |                                ^~~~~~~~~~~~~
      |                                |
      |                                unsigned char
In file included from ../Core/Inc/stm32f4xx_hal_conf.h:406,
                 from ../Drivers/STM32F4xx_HAL_Driver/Inc/stm32f4xx_hal.h:30,
                 from ../Core/Inc/main.h:31,
                 from ../Core/Inc/usart.h:28,
                 from ../Core/Src/usart.c:21:
../Drivers/STM32F4xx_HAL_Driver/Inc/stm32f4xx_hal_uart.h:723:76: note: expected 'uint8_t *' {aka 'unsigned char *'} but argument is of type 'unsigned char'
  723 | HAL_StatusTypeDef HAL_UART_Transmit_IT(UART_HandleTypeDef *huart, uint8_t *pData, uint16_t Size);
      |                                                                   ~~~~~~~~~^~~~~
arm-none-eabi-gcc -o "stm32f4-disco.elf" @"objects.list"   -mcpu=cortex-m4 -T"E:\Project\STM32\Stepper Motor\stm32f4-disco\STM32F429ZITX_FLASH.ld" --specs=nosys.specs -Wl,-Map="stm32f4-disco.map" -Wl,--gc-sections -static --specs=nano.specs -mfpu=fpv4-sp-d16 -mfloat-abi=hard -mthumb -Wl,--start-group -lc -lm -Wl,--end-group
Finished building target: stm32f4-disco.elf
 
arm-none-eabi-objdump -h -S  stm32f4-disco.elf  > "stm32f4-disco.list"
arm-none-eabi-objcopy  -O binary  stm32f4-disco.elf  "stm32f4-disco.bin"
arm-none-eabi-size   stm32f4-disco.elf 
   text	   data	    bss	    dec	    hex	filename
  33628	    132	   3476	  37236	   9174	stm32f4-disco.elf
Finished building: default.size.stdout
 
Finished building: stm32f4-disco.bin
 
Finished building: stm32f4-disco.list
 
17:43:00 **** Incremental Build of configuration Debug for project stm32f4-disco ****
make -j8 all 
arm-none-eabi-gcc "../Core/Src/usart.c" -mcpu=cortex-m4 -std=gnu11 -g3 -DDEBUG -DUSE_HAL_DRIVER -DSTM32F429xx -c -I../Core/Inc -I../Drivers/STM32F4xx_HAL_Driver/Inc -I../Drivers/STM32F4xx_HAL_Driver/Inc/Legacy -I../Drivers/CMSIS/Device/ST/STM32F4xx/Include -I../Drivers/CMSIS/Include -O0 -ffunction-sections -fdata-sections -Wall -fstack-usage -MMD -MP -MF"Core/Src/usart.d" -MT"Core/Src/usart.o" --specs=nano.specs -mfpu=fpv4-sp-d16 -mfloat-abi=hard -mthumb -o "Core/Src/usart.o"
../Core/Src/usart.c: In function 'TX_send_Int':
../Core/Src/usart.c:220:32: warning: cast from pointer to integer of different size [-Wpointer-to-int-cast]
  220 |  HAL_UART_Transmit_IT(&huart5, (uint8_t)ibuf, len);
      |                                ^
../Core/Src/usart.c:220:32: warning: passing argument 2 of 'HAL_UART_Transmit_IT' makes pointer from integer without a cast [-Wint-conversion]
  220 |  HAL_UART_Transmit_IT(&huart5, (uint8_t)ibuf, len);
      |                                ^~~~~~~~~~~~~
      |                                |
      |                                unsigned char
In file included from ../Core/Inc/stm32f4xx_hal_conf.h:406,
                 from ../Drivers/STM32F4xx_HAL_Driver/Inc/stm32f4xx_hal.h:30,
                 from ../Core/Inc/main.h:31,
                 from ../Core/Inc/usart.h:28,
                 from ../Core/Src/usart.c:21:
../Drivers/STM32F4xx_HAL_Driver/Inc/stm32f4xx_hal_uart.h:723:76: note: expected 'uint8_t *' {aka 'unsigned char *'} but argument is of type 'unsigned char'
  723 | HAL_StatusTypeDef HAL_UART_Transmit_IT(UART_HandleTypeDef *huart, uint8_t *pData, uint16_t Size);
      |                                                                   ~~~~~~~~~^~~~~
arm-none-eabi-gcc -o "stm32f4-disco.elf" @"objects.list"   -mcpu=cortex-m4 -T"E:\Project\STM32\Stepper Motor\stm32f4-disco\STM32F429ZITX_FLASH.ld" --specs=nosys.specs -Wl,-Map="stm32f4-disco.map" -Wl,--gc-sections -static --specs=nano.specs -mfpu=fpv4-sp-d16 -mfloat-abi=hard -mthumb -Wl,--start-group -lc -lm -Wl,--end-group
Finished building target: stm32f4-disco.elf
 
arm-none-eabi-objdump -h -S  stm32f4-disco.elf  > "stm32f4-disco.list"
arm-none-eabi-objcopy  -O binary  stm32f4-disco.elf  "stm32f4-disco.bin"
arm-none-eabi-size   stm32f4-disco.elf 
   text	   data	    bss	    dec	    hex	filename
  33632	    132	   3476	  37240	   9178	stm32f4-disco.elf
Finished building: default.size.stdout
 
Finished building: stm32f4-disco.bin
 
Finished building: stm32f4-disco.list
 
17:43:49 **** Incremental Build of configuration Debug for project stm32f4-disco ****
make -j8 all 
arm-none-eabi-gcc "../Core/Src/usart.c" -mcpu=cortex-m4 -std=gnu11 -g3 -DDEBUG -DUSE_HAL_DRIVER -DSTM32F429xx -c -I../Core/Inc -I../Drivers/STM32F4xx_HAL_Driver/Inc -I../Drivers/STM32F4xx_HAL_Driver/Inc/Legacy -I../Drivers/CMSIS/Device/ST/STM32F4xx/Include -I../Drivers/CMSIS/Include -O0 -ffunction-sections -fdata-sections -Wall -fstack-usage -MMD -MP -MF"Core/Src/usart.d" -MT"Core/Src/usart.o" --specs=nano.specs -mfpu=fpv4-sp-d16 -mfloat-abi=hard -mthumb -o "Core/Src/usart.o"
../Core/Src/usart.c: In function 'TX_send_Int':
../Core/Src/usart.c:220:32: warning: cast from pointer to integer of different size [-Wpointer-to-int-cast]
  220 |  HAL_UART_Transmit_IT(&huart5, (uint8_t)ibuf, 3);
      |                                ^
../Core/Src/usart.c:220:32: warning: passing argument 2 of 'HAL_UART_Transmit_IT' makes pointer from integer without a cast [-Wint-conversion]
  220 |  HAL_UART_Transmit_IT(&huart5, (uint8_t)ibuf, 3);
      |                                ^~~~~~~~~~~~~
      |                                |
      |                                unsigned char
In file included from ../Core/Inc/stm32f4xx_hal_conf.h:406,
                 from ../Drivers/STM32F4xx_HAL_Driver/Inc/stm32f4xx_hal.h:30,
                 from ../Core/Inc/main.h:31,
                 from ../Core/Inc/usart.h:28,
                 from ../Core/Src/usart.c:21:
../Drivers/STM32F4xx_HAL_Driver/Inc/stm32f4xx_hal_uart.h:723:76: note: expected 'uint8_t *' {aka 'unsigned char *'} but argument is of type 'unsigned char'
  723 | HAL_StatusTypeDef HAL_UART_Transmit_IT(UART_HandleTypeDef *huart, uint8_t *pData, uint16_t Size);
      |                                                                   ~~~~~~~~~^~~~~
arm-none-eabi-gcc -o "stm32f4-disco.elf" @"objects.list"   -mcpu=cortex-m4 -T"E:\Project\STM32\Stepper Motor\stm32f4-disco\STM32F429ZITX_FLASH.ld" --specs=nosys.specs -Wl,-Map="stm32f4-disco.map" -Wl,--gc-sections -static --specs=nano.specs -mfpu=fpv4-sp-d16 -mfloat-abi=hard -mthumb -Wl,--start-group -lc -lm -Wl,--end-group
Finished building target: stm32f4-disco.elf
 
arm-none-eabi-objdump -h -S  stm32f4-disco.elf  > "stm32f4-disco.list"
arm-none-eabi-objcopy  -O binary  stm32f4-disco.elf  "stm32f4-disco.bin"
arm-none-eabi-size   stm32f4-disco.elf 
   text	   data	    bss	    dec	    hex	filename
  33628	    132	   3476	  37236	   9174	stm32f4-disco.elf
Finished building: default.size.stdout
 
Finished building: stm32f4-disco.bin
 
Finished building: stm32f4-disco.list
 
17:44:20 **** Incremental Build of configuration Debug for project stm32f4-disco ****
make -j8 all 
arm-none-eabi-gcc "../Core/Src/gpio.c" -mcpu=cortex-m4 -std=gnu11 -g3 -DDEBUG -DUSE_HAL_DRIVER -DSTM32F429xx -c -I../Core/Inc -I../Drivers/STM32F4xx_HAL_Driver/Inc -I../Drivers/STM32F4xx_HAL_Driver/Inc/Legacy -I../Drivers/CMSIS/Device/ST/STM32F4xx/Include -I../Drivers/CMSIS/Include -O0 -ffunction-sections -fdata-sections -Wall -fstack-usage -MMD -MP -MF"Core/Src/gpio.d" -MT"Core/Src/gpio.o" --specs=nano.specs -mfpu=fpv4-sp-d16 -mfloat-abi=hard -mthumb -o "Core/Src/gpio.o"
arm-none-eabi-gcc "../Core/Src/main.c" -mcpu=cortex-m4 -std=gnu11 -g3 -DDEBUG -DUSE_HAL_DRIVER -DSTM32F429xx -c -I../Core/Inc -I../Drivers/STM32F4xx_HAL_Driver/Inc -I../Drivers/STM32F4xx_HAL_Driver/Inc/Legacy -I../Drivers/CMSIS/Device/ST/STM32F4xx/Include -I../Drivers/CMSIS/Include -O0 -ffunction-sections -fdata-sections -Wall -fstack-usage -MMD -MP -MF"Core/Src/main.d" -MT"Core/Src/main.o" --specs=nano.specs -mfpu=fpv4-sp-d16 -mfloat-abi=hard -mthumb -o "Core/Src/main.o"
arm-none-eabi-gcc "../Core/Src/stepper.c" -mcpu=cortex-m4 -std=gnu11 -g3 -DDEBUG -DUSE_HAL_DRIVER -DSTM32F429xx -c -I../Core/Inc -I../Drivers/STM32F4xx_HAL_Driver/Inc -I../Drivers/STM32F4xx_HAL_Driver/Inc/Legacy -I../Drivers/CMSIS/Device/ST/STM32F4xx/Include -I../Drivers/CMSIS/Include -O0 -ffunction-sections -fdata-sections -Wall -fstack-usage -MMD -MP -MF"Core/Src/stepper.d" -MT"Core/Src/stepper.o" --specs=nano.specs -mfpu=fpv4-sp-d16 -mfloat-abi=hard -mthumb -o "Core/Src/stepper.o"
arm-none-eabi-gcc "../Core/Src/usart.c" -mcpu=cortex-m4 -std=gnu11 -g3 -DDEBUG -DUSE_HAL_DRIVER -DSTM32F429xx -c -I../Core/Inc -I../Drivers/STM32F4xx_HAL_Driver/Inc -I../Drivers/STM32F4xx_HAL_Driver/Inc/Legacy -I../Drivers/CMSIS/Device/ST/STM32F4xx/Include -I../Drivers/CMSIS/Include -O0 -ffunction-sections -fdata-sections -Wall -fstack-usage -MMD -MP -MF"Core/Src/usart.d" -MT"Core/Src/usart.o" --specs=nano.specs -mfpu=fpv4-sp-d16 -mfloat-abi=hard -mthumb -o "Core/Src/usart.o"
../Core/Src/usart.c: In function 'TX_send_Int':
../Core/Src/usart.c:220:32: warning: cast from pointer to integer of different size [-Wpointer-to-int-cast]
  220 |  HAL_UART_Transmit_IT(&huart5, (uint8_t)ibuf, 3);
      |                                ^
../Core/Src/usart.c:220:32: warning: passing argument 2 of 'HAL_UART_Transmit_IT' makes pointer from integer without a cast [-Wint-conversion]
  220 |  HAL_UART_Transmit_IT(&huart5, (uint8_t)ibuf, 3);
      |                                ^~~~~~~~~~~~~
      |                                |
      |                                unsigned char
In file included from ../Core/Inc/stm32f4xx_hal_conf.h:406,
                 from ../Drivers/STM32F4xx_HAL_Driver/Inc/stm32f4xx_hal.h:30,
                 from ../Core/Inc/main.h:31,
                 from ../Core/Inc/usart.h:28,
                 from ../Core/Src/usart.c:21:
../Drivers/STM32F4xx_HAL_Driver/Inc/stm32f4xx_hal_uart.h:723:76: note: expected 'uint8_t *' {aka 'unsigned char *'} but argument is of type 'unsigned char'
  723 | HAL_StatusTypeDef HAL_UART_Transmit_IT(UART_HandleTypeDef *huart, uint8_t *pData, uint16_t Size);
      |                                                                   ~~~~~~~~~^~~~~
arm-none-eabi-gcc -o "stm32f4-disco.elf" @"objects.list"   -mcpu=cortex-m4 -T"E:\Project\STM32\Stepper Motor\stm32f4-disco\STM32F429ZITX_FLASH.ld" --specs=nosys.specs -Wl,-Map="stm32f4-disco.map" -Wl,--gc-sections -static --specs=nano.specs -mfpu=fpv4-sp-d16 -mfloat-abi=hard -mthumb -Wl,--start-group -lc -lm -Wl,--end-group
Finished building target: stm32f4-disco.elf
 
arm-none-eabi-objdump -h -S  stm32f4-disco.elf  > "stm32f4-disco.list"
arm-none-eabi-objcopy  -O binary  stm32f4-disco.elf  "stm32f4-disco.bin"
arm-none-eabi-size   stm32f4-disco.elf 
   text	   data	    bss	    dec	    hex	filename
  33628	    132	   3476	  37236	   9174	stm32f4-disco.elf
Finished building: default.size.stdout
 
Finished building: stm32f4-disco.bin
 
Finished building: stm32f4-disco.list
 
17:46:44 **** Incremental Build of configuration Debug for project stm32f4-disco ****
make -j8 all 
arm-none-eabi-gcc "../Core/Src/usart.c" -mcpu=cortex-m4 -std=gnu11 -g3 -DDEBUG -DUSE_HAL_DRIVER -DSTM32F429xx -c -I../Core/Inc -I../Drivers/STM32F4xx_HAL_Driver/Inc -I../Drivers/STM32F4xx_HAL_Driver/Inc/Legacy -I../Drivers/CMSIS/Device/ST/STM32F4xx/Include -I../Drivers/CMSIS/Include -O0 -ffunction-sections -fdata-sections -Wall -fstack-usage -MMD -MP -MF"Core/Src/usart.d" -MT"Core/Src/usart.o" --specs=nano.specs -mfpu=fpv4-sp-d16 -mfloat-abi=hard -mthumb -o "Core/Src/usart.o"
../Core/Src/usart.c: In function 'TX_send_Int':
../Core/Src/usart.c:220:32: warning: cast from pointer to integer of different size [-Wpointer-to-int-cast]
  220 |  HAL_UART_Transmit_IT(&huart5, (uint8_t)ibuf, len);
      |                                ^
../Core/Src/usart.c:220:32: warning: passing argument 2 of 'HAL_UART_Transmit_IT' makes pointer from integer without a cast [-Wint-conversion]
  220 |  HAL_UART_Transmit_IT(&huart5, (uint8_t)ibuf, len);
      |                                ^~~~~~~~~~~~~
      |                                |
      |                                unsigned char
In file included from ../Core/Inc/stm32f4xx_hal_conf.h:406,
                 from ../Drivers/STM32F4xx_HAL_Driver/Inc/stm32f4xx_hal.h:30,
                 from ../Core/Inc/main.h:31,
                 from ../Core/Inc/usart.h:28,
                 from ../Core/Src/usart.c:21:
../Drivers/STM32F4xx_HAL_Driver/Inc/stm32f4xx_hal_uart.h:723:76: note: expected 'uint8_t *' {aka 'unsigned char *'} but argument is of type 'unsigned char'
  723 | HAL_StatusTypeDef HAL_UART_Transmit_IT(UART_HandleTypeDef *huart, uint8_t *pData, uint16_t Size);
      |                                                                   ~~~~~~~~~^~~~~
arm-none-eabi-gcc -o "stm32f4-disco.elf" @"objects.list"   -mcpu=cortex-m4 -T"E:\Project\STM32\Stepper Motor\stm32f4-disco\STM32F429ZITX_FLASH.ld" --specs=nosys.specs -Wl,-Map="stm32f4-disco.map" -Wl,--gc-sections -static --specs=nano.specs -mfpu=fpv4-sp-d16 -mfloat-abi=hard -mthumb -Wl,--start-group -lc -lm -Wl,--end-group
Finished building target: stm32f4-disco.elf
 
arm-none-eabi-objdump -h -S  stm32f4-disco.elf  > "stm32f4-disco.list"
arm-none-eabi-objcopy  -O binary  stm32f4-disco.elf  "stm32f4-disco.bin"
arm-none-eabi-size   stm32f4-disco.elf 
   text	   data	    bss	    dec	    hex	filename
  33632	    132	   3476	  37240	   9178	stm32f4-disco.elf
Finished building: default.size.stdout
 
Finished building: stm32f4-disco.bin
 
Finished building: stm32f4-disco.list
 
17:48:55 **** Incremental Build of configuration Debug for project stm32f4-disco ****
make -j8 all 
arm-none-eabi-gcc "../Core/Src/usart.c" -mcpu=cortex-m4 -std=gnu11 -g3 -DDEBUG -DUSE_HAL_DRIVER -DSTM32F429xx -c -I../Core/Inc -I../Drivers/STM32F4xx_HAL_Driver/Inc -I../Drivers/STM32F4xx_HAL_Driver/Inc/Legacy -I../Drivers/CMSIS/Device/ST/STM32F4xx/Include -I../Drivers/CMSIS/Include -O0 -ffunction-sections -fdata-sections -Wall -fstack-usage -MMD -MP -MF"Core/Src/usart.d" -MT"Core/Src/usart.o" --specs=nano.specs -mfpu=fpv4-sp-d16 -mfloat-abi=hard -mthumb -o "Core/Src/usart.o"
../Core/Src/usart.c: In function 'TX_send_Int':
../Core/Src/usart.c:216:9: warning: pointer targets in passing argument 2 of 'itoa' differ in signedness [-Wpointer-sign]
  216 |  itoa(i,ibuf,10);
      |         ^~~~
      |         |
      |         unsigned char *
In file included from ../Core/Inc/main.h:35,
                 from ../Core/Inc/usart.h:28,
                 from ../Core/Src/usart.c:21:
c:\st\stm32cubeide_1.6.1\stm32cubeide\plugins\com.st.stm32cube.ide.mcu.externaltools.gnu-tools-for-stm32.9-2020-q2-update.win32_1.5.0.202011040924\tools\arm-none-eabi\include\stdlib.h:227:8: note: expected 'char *' but argument is of type 'unsigned char *'
  227 | char * itoa (int, char *, int);
      |        ^~~~
arm-none-eabi-gcc -o "stm32f4-disco.elf" @"objects.list"   -mcpu=cortex-m4 -T"E:\Project\STM32\Stepper Motor\stm32f4-disco\STM32F429ZITX_FLASH.ld" --specs=nosys.specs -Wl,-Map="stm32f4-disco.map" -Wl,--gc-sections -static --specs=nano.specs -mfpu=fpv4-sp-d16 -mfloat-abi=hard -mthumb -Wl,--start-group -lc -lm -Wl,--end-group
Finished building target: stm32f4-disco.elf
 
arm-none-eabi-objdump -h -S  stm32f4-disco.elf  > "stm32f4-disco.list"
arm-none-eabi-objcopy  -O binary  stm32f4-disco.elf  "stm32f4-disco.bin"
arm-none-eabi-size   stm32f4-disco.elf 
   text	   data	    bss	    dec	    hex	filename
  33628	    132	   3476	  37236	   9174	stm32f4-disco.elf
Finished building: default.size.stdout
 
Finished building: stm32f4-disco.bin
 
Finished building: stm32f4-disco.list
 
17:50:58 **** Incremental Build of configuration Debug for project stm32f4-disco ****
make -j8 all 
arm-none-eabi-gcc "../Core/Src/gpio.c" -mcpu=cortex-m4 -std=gnu11 -g3 -DDEBUG -DUSE_HAL_DRIVER -DSTM32F429xx -c -I../Core/Inc -I../Drivers/STM32F4xx_HAL_Driver/Inc -I../Drivers/STM32F4xx_HAL_Driver/Inc/Legacy -I../Drivers/CMSIS/Device/ST/STM32F4xx/Include -I../Drivers/CMSIS/Include -O0 -ffunction-sections -fdata-sections -Wall -fstack-usage -MMD -MP -MF"Core/Src/gpio.d" -MT"Core/Src/gpio.o" --specs=nano.specs -mfpu=fpv4-sp-d16 -mfloat-abi=hard -mthumb -o "Core/Src/gpio.o"
arm-none-eabi-gcc "../Core/Src/usart.c" -mcpu=cortex-m4 -std=gnu11 -g3 -DDEBUG -DUSE_HAL_DRIVER -DSTM32F429xx -c -I../Core/Inc -I../Drivers/STM32F4xx_HAL_Driver/Inc -I../Drivers/STM32F4xx_HAL_Driver/Inc/Legacy -I../Drivers/CMSIS/Device/ST/STM32F4xx/Include -I../Drivers/CMSIS/Include -O0 -ffunction-sections -fdata-sections -Wall -fstack-usage -MMD -MP -MF"Core/Src/usart.d" -MT"Core/Src/usart.o" --specs=nano.specs -mfpu=fpv4-sp-d16 -mfloat-abi=hard -mthumb -o "Core/Src/usart.o"
../Core/Src/usart.c:212:6: error: conflicting types for 'TX_send_Int'
  212 | void TX_send_Int(uint16_t i)
      |      ^~~~~~~~~~~
In file included from ../Core/Src/usart.c:21:
../Core/Inc/usart.h:45:6: note: previous declaration of 'TX_send_Int' was here
   45 | void TX_send_Int(int i);
      |      ^~~~~~~~~~~
../Core/Src/usart.c: In function 'TX_send_Int':
../Core/Src/usart.c:216:9: warning: pointer targets in passing argument 2 of 'itoa' differ in signedness [-Wpointer-sign]
  216 |  itoa(i,ibuf,10);
      |         ^~~~
      |         |
      |         unsigned char *
In file included from ../Core/Inc/main.h:35,
                 from ../Core/Inc/usart.h:28,
                 from ../Core/Src/usart.c:21:
c:\st\stm32cubeide_1.6.1\stm32cubeide\plugins\com.st.stm32cube.ide.mcu.externaltools.gnu-tools-for-stm32.9-2020-q2-update.win32_1.5.0.202011040924\tools\arm-none-eabi\include\stdlib.h:227:8: note: expected 'char *' but argument is of type 'unsigned char *'
  227 | char * itoa (int, char *, int);
      |        ^~~~
make: *** [Core/Src/subdir.mk:107: Core/Src/usart.o] Error 1
make: *** Waiting for unfinished jobs....
"make -j8 all" terminated with exit code 2. Build might be incomplete.
17:51:20 **** Incremental Build of configuration Debug for project stm32f4-disco ****
make -j8 all 
arm-none-eabi-gcc "../Core/Src/gpio.c" -mcpu=cortex-m4 -std=gnu11 -g3 -DDEBUG -DUSE_HAL_DRIVER -DSTM32F429xx -c -I../Core/Inc -I../Drivers/STM32F4xx_HAL_Driver/Inc -I../Drivers/STM32F4xx_HAL_Driver/Inc/Legacy -I../Drivers/CMSIS/Device/ST/STM32F4xx/Include -I../Drivers/CMSIS/Include -O0 -ffunction-sections -fdata-sections -Wall -fstack-usage -MMD -MP -MF"Core/Src/gpio.d" -MT"Core/Src/gpio.o" --specs=nano.specs -mfpu=fpv4-sp-d16 -mfloat-abi=hard -mthumb -o "Core/Src/gpio.o"
arm-none-eabi-gcc "../Core/Src/main.c" -mcpu=cortex-m4 -std=gnu11 -g3 -DDEBUG -DUSE_HAL_DRIVER -DSTM32F429xx -c -I../Core/Inc -I../Drivers/STM32F4xx_HAL_Driver/Inc -I../Drivers/STM32F4xx_HAL_Driver/Inc/Legacy -I../Drivers/CMSIS/Device/ST/STM32F4xx/Include -I../Drivers/CMSIS/Include -O0 -ffunction-sections -fdata-sections -Wall -fstack-usage -MMD -MP -MF"Core/Src/main.d" -MT"Core/Src/main.o" --specs=nano.specs -mfpu=fpv4-sp-d16 -mfloat-abi=hard -mthumb -o "Core/Src/main.o"
arm-none-eabi-gcc "../Core/Src/stepper.c" -mcpu=cortex-m4 -std=gnu11 -g3 -DDEBUG -DUSE_HAL_DRIVER -DSTM32F429xx -c -I../Core/Inc -I../Drivers/STM32F4xx_HAL_Driver/Inc -I../Drivers/STM32F4xx_HAL_Driver/Inc/Legacy -I../Drivers/CMSIS/Device/ST/STM32F4xx/Include -I../Drivers/CMSIS/Include -O0 -ffunction-sections -fdata-sections -Wall -fstack-usage -MMD -MP -MF"Core/Src/stepper.d" -MT"Core/Src/stepper.o" --specs=nano.specs -mfpu=fpv4-sp-d16 -mfloat-abi=hard -mthumb -o "Core/Src/stepper.o"
arm-none-eabi-gcc "../Core/Src/usart.c" -mcpu=cortex-m4 -std=gnu11 -g3 -DDEBUG -DUSE_HAL_DRIVER -DSTM32F429xx -c -I../Core/Inc -I../Drivers/STM32F4xx_HAL_Driver/Inc -I../Drivers/STM32F4xx_HAL_Driver/Inc/Legacy -I../Drivers/CMSIS/Device/ST/STM32F4xx/Include -I../Drivers/CMSIS/Include -O0 -ffunction-sections -fdata-sections -Wall -fstack-usage -MMD -MP -MF"Core/Src/usart.d" -MT"Core/Src/usart.o" --specs=nano.specs -mfpu=fpv4-sp-d16 -mfloat-abi=hard -mthumb -o "Core/Src/usart.o"
../Core/Src/usart.c: In function 'TX_send_Int':
../Core/Src/usart.c:216:9: warning: pointer targets in passing argument 2 of 'itoa' differ in signedness [-Wpointer-sign]
  216 |  itoa(i,ibuf,10);
      |         ^~~~
      |         |
      |         unsigned char *
In file included from ../Core/Inc/main.h:35,
                 from ../Core/Inc/usart.h:28,
                 from ../Core/Src/usart.c:21:
c:\st\stm32cubeide_1.6.1\stm32cubeide\plugins\com.st.stm32cube.ide.mcu.externaltools.gnu-tools-for-stm32.9-2020-q2-update.win32_1.5.0.202011040924\tools\arm-none-eabi\include\stdlib.h:227:8: note: expected 'char *' but argument is of type 'unsigned char *'
  227 | char * itoa (int, char *, int);
      |        ^~~~
arm-none-eabi-gcc -o "stm32f4-disco.elf" @"objects.list"   -mcpu=cortex-m4 -T"E:\Project\STM32\Stepper Motor\stm32f4-disco\STM32F429ZITX_FLASH.ld" --specs=nosys.specs -Wl,-Map="stm32f4-disco.map" -Wl,--gc-sections -static --specs=nano.specs -mfpu=fpv4-sp-d16 -mfloat-abi=hard -mthumb -Wl,--start-group -lc -lm -Wl,--end-group
Finished building target: stm32f4-disco.elf
 
arm-none-eabi-objdump -h -S  stm32f4-disco.elf  > "stm32f4-disco.list"
arm-none-eabi-objcopy  -O binary  stm32f4-disco.elf  "stm32f4-disco.bin"
arm-none-eabi-size   stm32f4-disco.elf 
   text	   data	    bss	    dec	    hex	filename
  33632	    132	   3476	  37240	   9178	stm32f4-disco.elf
Finished building: default.size.stdout
 
Finished building: stm32f4-disco.bin
 
Finished building: stm32f4-disco.list
 
17:52:50 **** Incremental Build of configuration Debug for project stm32f4-disco ****
make -j8 all 
arm-none-eabi-gcc "../Core/Src/usart.c" -mcpu=cortex-m4 -std=gnu11 -g3 -DDEBUG -DUSE_HAL_DRIVER -DSTM32F429xx -c -I../Core/Inc -I../Drivers/STM32F4xx_HAL_Driver/Inc -I../Drivers/STM32F4xx_HAL_Driver/Inc/Legacy -I../Drivers/CMSIS/Device/ST/STM32F4xx/Include -I../Drivers/CMSIS/Include -O0 -ffunction-sections -fdata-sections -Wall -fstack-usage -MMD -MP -MF"Core/Src/usart.d" -MT"Core/Src/usart.o" --specs=nano.specs -mfpu=fpv4-sp-d16 -mfloat-abi=hard -mthumb -o "Core/Src/usart.o"
../Core/Src/usart.c: In function 'TX_send_Int':
../Core/Src/usart.c:217:9: warning: pointer targets in passing argument 2 of 'itoa' differ in signedness [-Wpointer-sign]
  217 |  itoa(c,ibuf,10);
      |         ^~~~
      |         |
      |         unsigned char *
In file included from ../Core/Inc/main.h:35,
                 from ../Core/Inc/usart.h:28,
                 from ../Core/Src/usart.c:21:
c:\st\stm32cubeide_1.6.1\stm32cubeide\plugins\com.st.stm32cube.ide.mcu.externaltools.gnu-tools-for-stm32.9-2020-q2-update.win32_1.5.0.202011040924\tools\arm-none-eabi\include\stdlib.h:227:8: note: expected 'char *' but argument is of type 'unsigned char *'
  227 | char * itoa (int, char *, int);
      |        ^~~~
arm-none-eabi-gcc -o "stm32f4-disco.elf" @"objects.list"   -mcpu=cortex-m4 -T"E:\Project\STM32\Stepper Motor\stm32f4-disco\STM32F429ZITX_FLASH.ld" --specs=nosys.specs -Wl,-Map="stm32f4-disco.map" -Wl,--gc-sections -static --specs=nano.specs -mfpu=fpv4-sp-d16 -mfloat-abi=hard -mthumb -Wl,--start-group -lc -lm -Wl,--end-group
Finished building target: stm32f4-disco.elf
 
arm-none-eabi-objdump -h -S  stm32f4-disco.elf  > "stm32f4-disco.list"
arm-none-eabi-objcopy  -O binary  stm32f4-disco.elf  "stm32f4-disco.bin"
arm-none-eabi-size   stm32f4-disco.elf 
   text	   data	    bss	    dec	    hex	filename
  33636	    132	   3476	  37244	   917c	stm32f4-disco.elf
Finished building: default.size.stdout
 
Finished building: stm32f4-disco.bin
 
Finished building: stm32f4-disco.list
 
17:55:48 **** Incremental Build of configuration Debug for project stm32f4-disco ****
make -j8 all 
arm-none-eabi-gcc "../Core/Src/usart.c" -mcpu=cortex-m4 -std=gnu11 -g3 -DDEBUG -DUSE_HAL_DRIVER -DSTM32F429xx -c -I../Core/Inc -I../Drivers/STM32F4xx_HAL_Driver/Inc -I../Drivers/STM32F4xx_HAL_Driver/Inc/Legacy -I../Drivers/CMSIS/Device/ST/STM32F4xx/Include -I../Drivers/CMSIS/Include -O0 -ffunction-sections -fdata-sections -Wall -fstack-usage -MMD -MP -MF"Core/Src/usart.d" -MT"Core/Src/usart.o" --specs=nano.specs -mfpu=fpv4-sp-d16 -mfloat-abi=hard -mthumb -o "Core/Src/usart.o"
../Core/Src/usart.c: In function 'TX_send_Int':
../Core/Src/usart.c:217:9: warning: pointer targets in passing argument 2 of 'itoa' differ in signedness [-Wpointer-sign]
  217 |  itoa(c,ibuf,10);
      |         ^~~~
      |         |
      |         unsigned char *
In file included from ../Core/Inc/main.h:35,
                 from ../Core/Inc/usart.h:28,
                 from ../Core/Src/usart.c:21:
c:\st\stm32cubeide_1.6.1\stm32cubeide\plugins\com.st.stm32cube.ide.mcu.externaltools.gnu-tools-for-stm32.9-2020-q2-update.win32_1.5.0.202011040924\tools\arm-none-eabi\include\stdlib.h:227:8: note: expected 'char *' but argument is of type 'unsigned char *'
  227 | char * itoa (int, char *, int);
      |        ^~~~
arm-none-eabi-gcc -o "stm32f4-disco.elf" @"objects.list"   -mcpu=cortex-m4 -T"E:\Project\STM32\Stepper Motor\stm32f4-disco\STM32F429ZITX_FLASH.ld" --specs=nosys.specs -Wl,-Map="stm32f4-disco.map" -Wl,--gc-sections -static --specs=nano.specs -mfpu=fpv4-sp-d16 -mfloat-abi=hard -mthumb -Wl,--start-group -lc -lm -Wl,--end-group
Finished building target: stm32f4-disco.elf
 
arm-none-eabi-objdump -h -S  stm32f4-disco.elf  > "stm32f4-disco.list"
arm-none-eabi-objcopy  -O binary  stm32f4-disco.elf  "stm32f4-disco.bin"
arm-none-eabi-size   stm32f4-disco.elf 
   text	   data	    bss	    dec	    hex	filename
  33636	    132	   3476	  37244	   917c	stm32f4-disco.elf
Finished building: default.size.stdout
 
Finished building: stm32f4-disco.bin
 
Finished building: stm32f4-disco.list
 
17:56:14 **** Incremental Build of configuration Debug for project stm32f4-disco ****
make -j8 all 
arm-none-eabi-gcc "../Core/Src/usart.c" -mcpu=cortex-m4 -std=gnu11 -g3 -DDEBUG -DUSE_HAL_DRIVER -DSTM32F429xx -c -I../Core/Inc -I../Drivers/STM32F4xx_HAL_Driver/Inc -I../Drivers/STM32F4xx_HAL_Driver/Inc/Legacy -I../Drivers/CMSIS/Device/ST/STM32F4xx/Include -I../Drivers/CMSIS/Include -O0 -ffunction-sections -fdata-sections -Wall -fstack-usage -MMD -MP -MF"Core/Src/usart.d" -MT"Core/Src/usart.o" --specs=nano.specs -mfpu=fpv4-sp-d16 -mfloat-abi=hard -mthumb -o "Core/Src/usart.o"
../Core/Src/usart.c: In function 'TX_send_Int':
../Core/Src/usart.c:217:9: warning: pointer targets in passing argument 2 of 'itoa' differ in signedness [-Wpointer-sign]
  217 |  itoa(c,ibuf,10);
      |         ^~~~
      |         |
      |         unsigned char *
In file included from ../Core/Inc/main.h:35,
                 from ../Core/Inc/usart.h:28,
                 from ../Core/Src/usart.c:21:
c:\st\stm32cubeide_1.6.1\stm32cubeide\plugins\com.st.stm32cube.ide.mcu.externaltools.gnu-tools-for-stm32.9-2020-q2-update.win32_1.5.0.202011040924\tools\arm-none-eabi\include\stdlib.h:227:8: note: expected 'char *' but argument is of type 'unsigned char *'
  227 | char * itoa (int, char *, int);
      |        ^~~~
arm-none-eabi-gcc -o "stm32f4-disco.elf" @"objects.list"   -mcpu=cortex-m4 -T"E:\Project\STM32\Stepper Motor\stm32f4-disco\STM32F429ZITX_FLASH.ld" --specs=nosys.specs -Wl,-Map="stm32f4-disco.map" -Wl,--gc-sections -static --specs=nano.specs -mfpu=fpv4-sp-d16 -mfloat-abi=hard -mthumb -Wl,--start-group -lc -lm -Wl,--end-group
Finished building target: stm32f4-disco.elf
 
arm-none-eabi-objdump -h -S  stm32f4-disco.elf  > "stm32f4-disco.list"
arm-none-eabi-objcopy  -O binary  stm32f4-disco.elf  "stm32f4-disco.bin"
arm-none-eabi-size   stm32f4-disco.elf 
   text	   data	    bss	    dec	    hex	filename
  33636	    132	   3476	  37244	   917c	stm32f4-disco.elf
Finished building: default.size.stdout
 
Finished building: stm32f4-disco.bin
 
Finished building: stm32f4-disco.list
 
17:56:50 **** Incremental Build of configuration Debug for project stm32f4-disco ****
make -j8 all 
arm-none-eabi-gcc "../Core/Src/usart.c" -mcpu=cortex-m4 -std=gnu11 -g3 -DDEBUG -DUSE_HAL_DRIVER -DSTM32F429xx -c -I../Core/Inc -I../Drivers/STM32F4xx_HAL_Driver/Inc -I../Drivers/STM32F4xx_HAL_Driver/Inc/Legacy -I../Drivers/CMSIS/Device/ST/STM32F4xx/Include -I../Drivers/CMSIS/Include -O0 -ffunction-sections -fdata-sections -Wall -fstack-usage -MMD -MP -MF"Core/Src/usart.d" -MT"Core/Src/usart.o" --specs=nano.specs -mfpu=fpv4-sp-d16 -mfloat-abi=hard -mthumb -o "Core/Src/usart.o"
../Core/Src/usart.c: In function 'TX_send_Int':
../Core/Src/usart.c:217:9: warning: pointer targets in passing argument 2 of 'itoa' differ in signedness [-Wpointer-sign]
  217 |  itoa(c,ibuf,10);
      |         ^~~~
      |         |
      |         unsigned char *
In file included from ../Core/Inc/main.h:35,
                 from ../Core/Inc/usart.h:28,
                 from ../Core/Src/usart.c:21:
c:\st\stm32cubeide_1.6.1\stm32cubeide\plugins\com.st.stm32cube.ide.mcu.externaltools.gnu-tools-for-stm32.9-2020-q2-update.win32_1.5.0.202011040924\tools\arm-none-eabi\include\stdlib.h:227:8: note: expected 'char *' but argument is of type 'unsigned char *'
  227 | char * itoa (int, char *, int);
      |        ^~~~
arm-none-eabi-gcc -o "stm32f4-disco.elf" @"objects.list"   -mcpu=cortex-m4 -T"E:\Project\STM32\Stepper Motor\stm32f4-disco\STM32F429ZITX_FLASH.ld" --specs=nosys.specs -Wl,-Map="stm32f4-disco.map" -Wl,--gc-sections -static --specs=nano.specs -mfpu=fpv4-sp-d16 -mfloat-abi=hard -mthumb -Wl,--start-group -lc -lm -Wl,--end-group
Finished building target: stm32f4-disco.elf
 
arm-none-eabi-objdump -h -S  stm32f4-disco.elf  > "stm32f4-disco.list"
arm-none-eabi-objcopy  -O binary  stm32f4-disco.elf  "stm32f4-disco.bin"
arm-none-eabi-size   stm32f4-disco.elf 
   text	   data	    bss	    dec	    hex	filename
  33636	    132	   3476	  37244	   917c	stm32f4-disco.elf
Finished building: default.size.stdout
 
Finished building: stm32f4-disco.bin
 
Finished building: stm32f4-disco.list
 
17:59:53 **** Incremental Build of configuration Debug for project stm32f4-disco ****
make -j8 all 
arm-none-eabi-gcc "../Core/Src/usart.c" -mcpu=cortex-m4 -std=gnu11 -g3 -DDEBUG -DUSE_HAL_DRIVER -DSTM32F429xx -c -I../Core/Inc -I../Drivers/STM32F4xx_HAL_Driver/Inc -I../Drivers/STM32F4xx_HAL_Driver/Inc/Legacy -I../Drivers/CMSIS/Device/ST/STM32F4xx/Include -I../Drivers/CMSIS/Include -O0 -ffunction-sections -fdata-sections -Wall -fstack-usage -MMD -MP -MF"Core/Src/usart.d" -MT"Core/Src/usart.o" --specs=nano.specs -mfpu=fpv4-sp-d16 -mfloat-abi=hard -mthumb -o "Core/Src/usart.o"
../Core/Src/usart.c: In function 'TX_send_Int':
../Core/Src/usart.c:217:9: warning: pointer targets in passing argument 2 of 'itoa' differ in signedness [-Wpointer-sign]
  217 |  itoa(c,ibuf,10);
      |         ^~~~
      |         |
      |         unsigned char *
In file included from ../Core/Inc/main.h:35,
                 from ../Core/Inc/usart.h:28,
                 from ../Core/Src/usart.c:21:
c:\st\stm32cubeide_1.6.1\stm32cubeide\plugins\com.st.stm32cube.ide.mcu.externaltools.gnu-tools-for-stm32.9-2020-q2-update.win32_1.5.0.202011040924\tools\arm-none-eabi\include\stdlib.h:227:8: note: expected 'char *' but argument is of type 'unsigned char *'
  227 | char * itoa (int, char *, int);
      |        ^~~~
arm-none-eabi-gcc -o "stm32f4-disco.elf" @"objects.list"   -mcpu=cortex-m4 -T"E:\Project\STM32\Stepper Motor\stm32f4-disco\STM32F429ZITX_FLASH.ld" --specs=nosys.specs -Wl,-Map="stm32f4-disco.map" -Wl,--gc-sections -static --specs=nano.specs -mfpu=fpv4-sp-d16 -mfloat-abi=hard -mthumb -Wl,--start-group -lc -lm -Wl,--end-group
Finished building target: stm32f4-disco.elf
 
arm-none-eabi-objdump -h -S  stm32f4-disco.elf  > "stm32f4-disco.list"
arm-none-eabi-objcopy  -O binary  stm32f4-disco.elf  "stm32f4-disco.bin"
arm-none-eabi-size   stm32f4-disco.elf 
   text	   data	    bss	    dec	    hex	filename
  33636	    132	   3476	  37244	   917c	stm32f4-disco.elf
Finished building: default.size.stdout
 
Finished building: stm32f4-disco.bin
 
Finished building: stm32f4-disco.list
 
18:04:06 **** Incremental Build of configuration Debug for project stm32f4-disco ****
make -j8 all 
arm-none-eabi-gcc "../Core/Src/gpio.c" -mcpu=cortex-m4 -std=gnu11 -g3 -DDEBUG -DUSE_HAL_DRIVER -DSTM32F429xx -c -I../Core/Inc -I../Drivers/STM32F4xx_HAL_Driver/Inc -I../Drivers/STM32F4xx_HAL_Driver/Inc/Legacy -I../Drivers/CMSIS/Device/ST/STM32F4xx/Include -I../Drivers/CMSIS/Include -O0 -ffunction-sections -fdata-sections -Wall -fstack-usage -MMD -MP -MF"Core/Src/gpio.d" -MT"Core/Src/gpio.o" --specs=nano.specs -mfpu=fpv4-sp-d16 -mfloat-abi=hard -mthumb -o "Core/Src/gpio.o"
arm-none-eabi-gcc "../Core/Src/usart.c" -mcpu=cortex-m4 -std=gnu11 -g3 -DDEBUG -DUSE_HAL_DRIVER -DSTM32F429xx -c -I../Core/Inc -I../Drivers/STM32F4xx_HAL_Driver/Inc -I../Drivers/STM32F4xx_HAL_Driver/Inc/Legacy -I../Drivers/CMSIS/Device/ST/STM32F4xx/Include -I../Drivers/CMSIS/Include -O0 -ffunction-sections -fdata-sections -Wall -fstack-usage -MMD -MP -MF"Core/Src/usart.d" -MT"Core/Src/usart.o" --specs=nano.specs -mfpu=fpv4-sp-d16 -mfloat-abi=hard -mthumb -o "Core/Src/usart.o"
../Core/Src/usart.c: In function 'TX_send_Int':
../Core/Src/usart.c:217:9: warning: pointer targets in passing argument 2 of 'itoa' differ in signedness [-Wpointer-sign]
  217 |  itoa(i,ibuf,10);
      |         ^~~~
      |         |
      |         unsigned char *
In file included from ../Core/Inc/main.h:35,
                 from ../Core/Inc/usart.h:28,
                 from ../Core/Src/usart.c:21:
c:\st\stm32cubeide_1.6.1\stm32cubeide\plugins\com.st.stm32cube.ide.mcu.externaltools.gnu-tools-for-stm32.9-2020-q2-update.win32_1.5.0.202011040924\tools\arm-none-eabi\include\stdlib.h:227:8: note: expected 'char *' but argument is of type 'unsigned char *'
  227 | char * itoa (int, char *, int);
      |        ^~~~
../Core/Src/usart.c:214:11: warning: unused variable 'c' [-Wunused-variable]
  214 |  uint16_t c=500;
      |           ^
arm-none-eabi-gcc -o "stm32f4-disco.elf" @"objects.list"   -mcpu=cortex-m4 -T"E:\Project\STM32\Stepper Motor\stm32f4-disco\STM32F429ZITX_FLASH.ld" --specs=nosys.specs -Wl,-Map="stm32f4-disco.map" -Wl,--gc-sections -static --specs=nano.specs -mfpu=fpv4-sp-d16 -mfloat-abi=hard -mthumb -Wl,--start-group -lc -lm -Wl,--end-group
Finished building target: stm32f4-disco.elf
 
arm-none-eabi-objdump -h -S  stm32f4-disco.elf  > "stm32f4-disco.list"
arm-none-eabi-objcopy  -O binary  stm32f4-disco.elf  "stm32f4-disco.bin"
arm-none-eabi-size   stm32f4-disco.elf 
   text	   data	    bss	    dec	    hex	filename
  33636	    132	   3476	  37244	   917c	stm32f4-disco.elf
Finished building: default.size.stdout
 
Finished building: stm32f4-disco.bin
 
Finished building: stm32f4-disco.list
 
17:14:22 **** Clean-only build of configuration Debug for project stm32f4-disco ****
make -j8 clean 
rm -rf *
 
17:14:32 **** Incremental Build of configuration Debug for project stm32f4-disco ****
make -j8 all 
arm-none-eabi-gcc "../Drivers/STM32F4xx_HAL_Driver/Src/stm32f4xx_hal.c" -mcpu=cortex-m4 -std=gnu11 -g3 -DDEBUG -DUSE_HAL_DRIVER -DSTM32F429xx -c -I../Core/Inc -I../Drivers/STM32F4xx_HAL_Driver/Inc -I../Drivers/STM32F4xx_HAL_Driver/Inc/Legacy -I../Drivers/CMSIS/Device/ST/STM32F4xx/Include -I../Drivers/CMSIS/Include -O0 -ffunction-sections -fdata-sections -Wall -fstack-usage -MMD -MP -MF"Drivers/STM32F4xx_HAL_Driver/Src/stm32f4xx_hal.d" -MT"Drivers/STM32F4xx_HAL_Driver/Src/stm32f4xx_hal.o" --specs=nano.specs -mfpu=fpv4-sp-d16 -mfloat-abi=hard -mthumb -o "Drivers/STM32F4xx_HAL_Driver/Src/stm32f4xx_hal.o"
arm-none-eabi-gcc "../Drivers/STM32F4xx_HAL_Driver/Src/stm32f4xx_hal_cortex.c" -mcpu=cortex-m4 -std=gnu11 -g3 -DDEBUG -DUSE_HAL_DRIVER -DSTM32F429xx -c -I../Core/Inc -I../Drivers/STM32F4xx_HAL_Driver/Inc -I../Drivers/STM32F4xx_HAL_Driver/Inc/Legacy -I../Drivers/CMSIS/Device/ST/STM32F4xx/Include -I../Drivers/CMSIS/Include -O0 -ffunction-sections -fdata-sections -Wall -fstack-usage -MMD -MP -MF"Drivers/STM32F4xx_HAL_Driver/Src/stm32f4xx_hal_cortex.d" -MT"Drivers/STM32F4xx_HAL_Driver/Src/stm32f4xx_hal_cortex.o" --specs=nano.specs -mfpu=fpv4-sp-d16 -mfloat-abi=hard -mthumb -o "Drivers/STM32F4xx_HAL_Driver/Src/stm32f4xx_hal_cortex.o"
arm-none-eabi-gcc "../Drivers/STM32F4xx_HAL_Driver/Src/stm32f4xx_hal_crc.c" -mcpu=cortex-m4 -std=gnu11 -g3 -DDEBUG -DUSE_HAL_DRIVER -DSTM32F429xx -c -I../Core/Inc -I../Drivers/STM32F4xx_HAL_Driver/Inc -I../Drivers/STM32F4xx_HAL_Driver/Inc/Legacy -I../Drivers/CMSIS/Device/ST/STM32F4xx/Include -I../Drivers/CMSIS/Include -O0 -ffunction-sections -fdata-sections -Wall -fstack-usage -MMD -MP -MF"Drivers/STM32F4xx_HAL_Driver/Src/stm32f4xx_hal_crc.d" -MT"Drivers/STM32F4xx_HAL_Driver/Src/stm32f4xx_hal_crc.o" --specs=nano.specs -mfpu=fpv4-sp-d16 -mfloat-abi=hard -mthumb -o "Drivers/STM32F4xx_HAL_Driver/Src/stm32f4xx_hal_crc.o"
arm-none-eabi-gcc "../Drivers/STM32F4xx_HAL_Driver/Src/stm32f4xx_hal_dma.c" -mcpu=cortex-m4 -std=gnu11 -g3 -DDEBUG -DUSE_HAL_DRIVER -DSTM32F429xx -c -I../Core/Inc -I../Drivers/STM32F4xx_HAL_Driver/Inc -I../Drivers/STM32F4xx_HAL_Driver/Inc/Legacy -I../Drivers/CMSIS/Device/ST/STM32F4xx/Include -I../Drivers/CMSIS/Include -O0 -ffunction-sections -fdata-sections -Wall -fstack-usage -MMD -MP -MF"Drivers/STM32F4xx_HAL_Driver/Src/stm32f4xx_hal_dma.d" -MT"Drivers/STM32F4xx_HAL_Driver/Src/stm32f4xx_hal_dma.o" --specs=nano.specs -mfpu=fpv4-sp-d16 -mfloat-abi=hard -mthumb -o "Drivers/STM32F4xx_HAL_Driver/Src/stm32f4xx_hal_dma.o"
arm-none-eabi-gcc "../Drivers/STM32F4xx_HAL_Driver/Src/stm32f4xx_hal_dma2d.c" -mcpu=cortex-m4 -std=gnu11 -g3 -DDEBUG -DUSE_HAL_DRIVER -DSTM32F429xx -c -I../Core/Inc -I../Drivers/STM32F4xx_HAL_Driver/Inc -I../Drivers/STM32F4xx_HAL_Driver/Inc/Legacy -I../Drivers/CMSIS/Device/ST/STM32F4xx/Include -I../Drivers/CMSIS/Include -O0 -ffunction-sections -fdata-sections -Wall -fstack-usage -MMD -MP -MF"Drivers/STM32F4xx_HAL_Driver/Src/stm32f4xx_hal_dma2d.d" -MT"Drivers/STM32F4xx_HAL_Driver/Src/stm32f4xx_hal_dma2d.o" --specs=nano.specs -mfpu=fpv4-sp-d16 -mfloat-abi=hard -mthumb -o "Drivers/STM32F4xx_HAL_Driver/Src/stm32f4xx_hal_dma2d.o"
arm-none-eabi-gcc "../Drivers/STM32F4xx_HAL_Driver/Src/stm32f4xx_hal_dma_ex.c" -mcpu=cortex-m4 -std=gnu11 -g3 -DDEBUG -DUSE_HAL_DRIVER -DSTM32F429xx -c -I../Core/Inc -I../Drivers/STM32F4xx_HAL_Driver/Inc -I../Drivers/STM32F4xx_HAL_Driver/Inc/Legacy -I../Drivers/CMSIS/Device/ST/STM32F4xx/Include -I../Drivers/CMSIS/Include -O0 -ffunction-sections -fdata-sections -Wall -fstack-usage -MMD -MP -MF"Drivers/STM32F4xx_HAL_Driver/Src/stm32f4xx_hal_dma_ex.d" -MT"Drivers/STM32F4xx_HAL_Driver/Src/stm32f4xx_hal_dma_ex.o" --specs=nano.specs -mfpu=fpv4-sp-d16 -mfloat-abi=hard -mthumb -o "Drivers/STM32F4xx_HAL_Driver/Src/stm32f4xx_hal_dma_ex.o"
arm-none-eabi-gcc "../Drivers/STM32F4xx_HAL_Driver/Src/stm32f4xx_hal_dsi.c" -mcpu=cortex-m4 -std=gnu11 -g3 -DDEBUG -DUSE_HAL_DRIVER -DSTM32F429xx -c -I../Core/Inc -I../Drivers/STM32F4xx_HAL_Driver/Inc -I../Drivers/STM32F4xx_HAL_Driver/Inc/Legacy -I../Drivers/CMSIS/Device/ST/STM32F4xx/Include -I../Drivers/CMSIS/Include -O0 -ffunction-sections -fdata-sections -Wall -fstack-usage -MMD -MP -MF"Drivers/STM32F4xx_HAL_Driver/Src/stm32f4xx_hal_dsi.d" -MT"Drivers/STM32F4xx_HAL_Driver/Src/stm32f4xx_hal_dsi.o" --specs=nano.specs -mfpu=fpv4-sp-d16 -mfloat-abi=hard -mthumb -o "Drivers/STM32F4xx_HAL_Driver/Src/stm32f4xx_hal_dsi.o"
arm-none-eabi-gcc "../Drivers/STM32F4xx_HAL_Driver/Src/stm32f4xx_hal_exti.c" -mcpu=cortex-m4 -std=gnu11 -g3 -DDEBUG -DUSE_HAL_DRIVER -DSTM32F429xx -c -I../Core/Inc -I../Drivers/STM32F4xx_HAL_Driver/Inc -I../Drivers/STM32F4xx_HAL_Driver/Inc/Legacy -I../Drivers/CMSIS/Device/ST/STM32F4xx/Include -I../Drivers/CMSIS/Include -O0 -ffunction-sections -fdata-sections -Wall -fstack-usage -MMD -MP -MF"Drivers/STM32F4xx_HAL_Driver/Src/stm32f4xx_hal_exti.d" -MT"Drivers/STM32F4xx_HAL_Driver/Src/stm32f4xx_hal_exti.o" --specs=nano.specs -mfpu=fpv4-sp-d16 -mfloat-abi=hard -mthumb -o "Drivers/STM32F4xx_HAL_Driver/Src/stm32f4xx_hal_exti.o"
arm-none-eabi-gcc "../Drivers/STM32F4xx_HAL_Driver/Src/stm32f4xx_hal_flash.c" -mcpu=cortex-m4 -std=gnu11 -g3 -DDEBUG -DUSE_HAL_DRIVER -DSTM32F429xx -c -I../Core/Inc -I../Drivers/STM32F4xx_HAL_Driver/Inc -I../Drivers/STM32F4xx_HAL_Driver/Inc/Legacy -I../Drivers/CMSIS/Device/ST/STM32F4xx/Include -I../Drivers/CMSIS/Include -O0 -ffunction-sections -fdata-sections -Wall -fstack-usage -MMD -MP -MF"Drivers/STM32F4xx_HAL_Driver/Src/stm32f4xx_hal_flash.d" -MT"Drivers/STM32F4xx_HAL_Driver/Src/stm32f4xx_hal_flash.o" --specs=nano.specs -mfpu=fpv4-sp-d16 -mfloat-abi=hard -mthumb -o "Drivers/STM32F4xx_HAL_Driver/Src/stm32f4xx_hal_flash.o"
arm-none-eabi-gcc "../Drivers/STM32F4xx_HAL_Driver/Src/stm32f4xx_hal_flash_ex.c" -mcpu=cortex-m4 -std=gnu11 -g3 -DDEBUG -DUSE_HAL_DRIVER -DSTM32F429xx -c -I../Core/Inc -I../Drivers/STM32F4xx_HAL_Driver/Inc -I../Drivers/STM32F4xx_HAL_Driver/Inc/Legacy -I../Drivers/CMSIS/Device/ST/STM32F4xx/Include -I../Drivers/CMSIS/Include -O0 -ffunction-sections -fdata-sections -Wall -fstack-usage -MMD -MP -MF"Drivers/STM32F4xx_HAL_Driver/Src/stm32f4xx_hal_flash_ex.d" -MT"Drivers/STM32F4xx_HAL_Driver/Src/stm32f4xx_hal_flash_ex.o" --specs=nano.specs -mfpu=fpv4-sp-d16 -mfloat-abi=hard -mthumb -o "Drivers/STM32F4xx_HAL_Driver/Src/stm32f4xx_hal_flash_ex.o"
arm-none-eabi-gcc "../Drivers/STM32F4xx_HAL_Driver/Src/stm32f4xx_hal_flash_ramfunc.c" -mcpu=cortex-m4 -std=gnu11 -g3 -DDEBUG -DUSE_HAL_DRIVER -DSTM32F429xx -c -I../Core/Inc -I../Drivers/STM32F4xx_HAL_Driver/Inc -I../Drivers/STM32F4xx_HAL_Driver/Inc/Legacy -I../Drivers/CMSIS/Device/ST/STM32F4xx/Include -I../Drivers/CMSIS/Include -O0 -ffunction-sections -fdata-sections -Wall -fstack-usage -MMD -MP -MF"Drivers/STM32F4xx_HAL_Driver/Src/stm32f4xx_hal_flash_ramfunc.d" -MT"Drivers/STM32F4xx_HAL_Driver/Src/stm32f4xx_hal_flash_ramfunc.o" --specs=nano.specs -mfpu=fpv4-sp-d16 -mfloat-abi=hard -mthumb -o "Drivers/STM32F4xx_HAL_Driver/Src/stm32f4xx_hal_flash_ramfunc.o"
arm-none-eabi-gcc "../Drivers/STM32F4xx_HAL_Driver/Src/stm32f4xx_hal_gpio.c" -mcpu=cortex-m4 -std=gnu11 -g3 -DDEBUG -DUSE_HAL_DRIVER -DSTM32F429xx -c -I../Core/Inc -I../Drivers/STM32F4xx_HAL_Driver/Inc -I../Drivers/STM32F4xx_HAL_Driver/Inc/Legacy -I../Drivers/CMSIS/Device/ST/STM32F4xx/Include -I../Drivers/CMSIS/Include -O0 -ffunction-sections -fdata-sections -Wall -fstack-usage -MMD -MP -MF"Drivers/STM32F4xx_HAL_Driver/Src/stm32f4xx_hal_gpio.d" -MT"Drivers/STM32F4xx_HAL_Driver/Src/stm32f4xx_hal_gpio.o" --specs=nano.specs -mfpu=fpv4-sp-d16 -mfloat-abi=hard -mthumb -o "Drivers/STM32F4xx_HAL_Driver/Src/stm32f4xx_hal_gpio.o"
arm-none-eabi-gcc "../Drivers/STM32F4xx_HAL_Driver/Src/stm32f4xx_hal_hcd.c" -mcpu=cortex-m4 -std=gnu11 -g3 -DDEBUG -DUSE_HAL_DRIVER -DSTM32F429xx -c -I../Core/Inc -I../Drivers/STM32F4xx_HAL_Driver/Inc -I../Drivers/STM32F4xx_HAL_Driver/Inc/Legacy -I../Drivers/CMSIS/Device/ST/STM32F4xx/Include -I../Drivers/CMSIS/Include -O0 -ffunction-sections -fdata-sections -Wall -fstack-usage -MMD -MP -MF"Drivers/STM32F4xx_HAL_Driver/Src/stm32f4xx_hal_hcd.d" -MT"Drivers/STM32F4xx_HAL_Driver/Src/stm32f4xx_hal_hcd.o" --specs=nano.specs -mfpu=fpv4-sp-d16 -mfloat-abi=hard -mthumb -o "Drivers/STM32F4xx_HAL_Driver/Src/stm32f4xx_hal_hcd.o"
arm-none-eabi-gcc "../Drivers/STM32F4xx_HAL_Driver/Src/stm32f4xx_hal_i2c.c" -mcpu=cortex-m4 -std=gnu11 -g3 -DDEBUG -DUSE_HAL_DRIVER -DSTM32F429xx -c -I../Core/Inc -I../Drivers/STM32F4xx_HAL_Driver/Inc -I../Drivers/STM32F4xx_HAL_Driver/Inc/Legacy -I../Drivers/CMSIS/Device/ST/STM32F4xx/Include -I../Drivers/CMSIS/Include -O0 -ffunction-sections -fdata-sections -Wall -fstack-usage -MMD -MP -MF"Drivers/STM32F4xx_HAL_Driver/Src/stm32f4xx_hal_i2c.d" -MT"Drivers/STM32F4xx_HAL_Driver/Src/stm32f4xx_hal_i2c.o" --specs=nano.specs -mfpu=fpv4-sp-d16 -mfloat-abi=hard -mthumb -o "Drivers/STM32F4xx_HAL_Driver/Src/stm32f4xx_hal_i2c.o"
arm-none-eabi-gcc "../Drivers/STM32F4xx_HAL_Driver/Src/stm32f4xx_hal_i2c_ex.c" -mcpu=cortex-m4 -std=gnu11 -g3 -DDEBUG -DUSE_HAL_DRIVER -DSTM32F429xx -c -I../Core/Inc -I../Drivers/STM32F4xx_HAL_Driver/Inc -I../Drivers/STM32F4xx_HAL_Driver/Inc/Legacy -I../Drivers/CMSIS/Device/ST/STM32F4xx/Include -I../Drivers/CMSIS/Include -O0 -ffunction-sections -fdata-sections -Wall -fstack-usage -MMD -MP -MF"Drivers/STM32F4xx_HAL_Driver/Src/stm32f4xx_hal_i2c_ex.d" -MT"Drivers/STM32F4xx_HAL_Driver/Src/stm32f4xx_hal_i2c_ex.o" --specs=nano.specs -mfpu=fpv4-sp-d16 -mfloat-abi=hard -mthumb -o "Drivers/STM32F4xx_HAL_Driver/Src/stm32f4xx_hal_i2c_ex.o"
arm-none-eabi-gcc "../Drivers/STM32F4xx_HAL_Driver/Src/stm32f4xx_hal_ltdc.c" -mcpu=cortex-m4 -std=gnu11 -g3 -DDEBUG -DUSE_HAL_DRIVER -DSTM32F429xx -c -I../Core/Inc -I../Drivers/STM32F4xx_HAL_Driver/Inc -I../Drivers/STM32F4xx_HAL_Driver/Inc/Legacy -I../Drivers/CMSIS/Device/ST/STM32F4xx/Include -I../Drivers/CMSIS/Include -O0 -ffunction-sections -fdata-sections -Wall -fstack-usage -MMD -MP -MF"Drivers/STM32F4xx_HAL_Driver/Src/stm32f4xx_hal_ltdc.d" -MT"Drivers/STM32F4xx_HAL_Driver/Src/stm32f4xx_hal_ltdc.o" --specs=nano.specs -mfpu=fpv4-sp-d16 -mfloat-abi=hard -mthumb -o "Drivers/STM32F4xx_HAL_Driver/Src/stm32f4xx_hal_ltdc.o"
arm-none-eabi-gcc "../Drivers/STM32F4xx_HAL_Driver/Src/stm32f4xx_hal_ltdc_ex.c" -mcpu=cortex-m4 -std=gnu11 -g3 -DDEBUG -DUSE_HAL_DRIVER -DSTM32F429xx -c -I../Core/Inc -I../Drivers/STM32F4xx_HAL_Driver/Inc -I../Drivers/STM32F4xx_HAL_Driver/Inc/Legacy -I../Drivers/CMSIS/Device/ST/STM32F4xx/Include -I../Drivers/CMSIS/Include -O0 -ffunction-sections -fdata-sections -Wall -fstack-usage -MMD -MP -MF"Drivers/STM32F4xx_HAL_Driver/Src/stm32f4xx_hal_ltdc_ex.d" -MT"Drivers/STM32F4xx_HAL_Driver/Src/stm32f4xx_hal_ltdc_ex.o" --specs=nano.specs -mfpu=fpv4-sp-d16 -mfloat-abi=hard -mthumb -o "Drivers/STM32F4xx_HAL_Driver/Src/stm32f4xx_hal_ltdc_ex.o"
arm-none-eabi-gcc "../Drivers/STM32F4xx_HAL_Driver/Src/stm32f4xx_hal_pwr.c" -mcpu=cortex-m4 -std=gnu11 -g3 -DDEBUG -DUSE_HAL_DRIVER -DSTM32F429xx -c -I../Core/Inc -I../Drivers/STM32F4xx_HAL_Driver/Inc -I../Drivers/STM32F4xx_HAL_Driver/Inc/Legacy -I../Drivers/CMSIS/Device/ST/STM32F4xx/Include -I../Drivers/CMSIS/Include -O0 -ffunction-sections -fdata-sections -Wall -fstack-usage -MMD -MP -MF"Drivers/STM32F4xx_HAL_Driver/Src/stm32f4xx_hal_pwr.d" -MT"Drivers/STM32F4xx_HAL_Driver/Src/stm32f4xx_hal_pwr.o" --specs=nano.specs -mfpu=fpv4-sp-d16 -mfloat-abi=hard -mthumb -o "Drivers/STM32F4xx_HAL_Driver/Src/stm32f4xx_hal_pwr.o"
arm-none-eabi-gcc "../Drivers/STM32F4xx_HAL_Driver/Src/stm32f4xx_hal_pwr_ex.c" -mcpu=cortex-m4 -std=gnu11 -g3 -DDEBUG -DUSE_HAL_DRIVER -DSTM32F429xx -c -I../Core/Inc -I../Drivers/STM32F4xx_HAL_Driver/Inc -I../Drivers/STM32F4xx_HAL_Driver/Inc/Legacy -I../Drivers/CMSIS/Device/ST/STM32F4xx/Include -I../Drivers/CMSIS/Include -O0 -ffunction-sections -fdata-sections -Wall -fstack-usage -MMD -MP -MF"Drivers/STM32F4xx_HAL_Driver/Src/stm32f4xx_hal_pwr_ex.d" -MT"Drivers/STM32F4xx_HAL_Driver/Src/stm32f4xx_hal_pwr_ex.o" --specs=nano.specs -mfpu=fpv4-sp-d16 -mfloat-abi=hard -mthumb -o "Drivers/STM32F4xx_HAL_Driver/Src/stm32f4xx_hal_pwr_ex.o"
arm-none-eabi-gcc "../Drivers/STM32F4xx_HAL_Driver/Src/stm32f4xx_hal_rcc.c" -mcpu=cortex-m4 -std=gnu11 -g3 -DDEBUG -DUSE_HAL_DRIVER -DSTM32F429xx -c -I../Core/Inc -I../Drivers/STM32F4xx_HAL_Driver/Inc -I../Drivers/STM32F4xx_HAL_Driver/Inc/Legacy -I../Drivers/CMSIS/Device/ST/STM32F4xx/Include -I../Drivers/CMSIS/Include -O0 -ffunction-sections -fdata-sections -Wall -fstack-usage -MMD -MP -MF"Drivers/STM32F4xx_HAL_Driver/Src/stm32f4xx_hal_rcc.d" -MT"Drivers/STM32F4xx_HAL_Driver/Src/stm32f4xx_hal_rcc.o" --specs=nano.specs -mfpu=fpv4-sp-d16 -mfloat-abi=hard -mthumb -o "Drivers/STM32F4xx_HAL_Driver/Src/stm32f4xx_hal_rcc.o"
[...]
   36 | #include "stepper.h"
  +++ |+#include <stdio.h>
   37 | 
../Core/Src/main.c: In function 'HAL_TIM_PeriodElapsedCallback':
../Core/Src/main.c:264:4: warning: implicit declaration of function 'print' [-Wimplicit-function-declaration]
  264 |    print("%d\n", c)
      |    ^~~~~
../Core/Src/main.c:264:20: error: expected ';' before '}' token
  264 |    print("%d\n", c)
      |                    ^
      |                    ;
  265 |   }
      |   ~                 
make: *** [Core/Src/subdir.mk:85: Core/Src/main.o] Error 1
"make -j8 all" terminated with exit code 2. Build might be incomplete.
19:45:31 **** Incremental Build of configuration Debug for project stm32f4-disco ****
make -j8 all 
arm-none-eabi-gcc "../Core/Src/main.c" -mcpu=cortex-m4 -std=gnu11 -g3 -DDEBUG -DUSE_HAL_DRIVER -DSTM32F429xx -c -I../Core/Inc -I../Drivers/STM32F4xx_HAL_Driver/Inc -I../Drivers/STM32F4xx_HAL_Driver/Inc/Legacy -I../Drivers/CMSIS/Device/ST/STM32F4xx/Include -I../Drivers/CMSIS/Include -O0 -ffunction-sections -fdata-sections -Wall -fstack-usage -MMD -MP -MF"Core/Src/main.d" -MT"Core/Src/main.o" --specs=nano.specs -mfpu=fpv4-sp-d16 -mfloat-abi=hard -mthumb -o "Core/Src/main.o"
../Core/Src/main.c: In function 'main':
../Core/Src/main.c:138:3: warning: statement with no effect [-Wunused-value]
  138 |   HAL_TIM_Base_Start;
      |   ^~~~~~~~~~~~~~~~~~
../Core/Src/main.c:163:5: warning: implicit declaration of function 'printf' [-Wimplicit-function-declaration]
  163 |     printf("s_delay : %d s_count : %d \n", motor_data.step_delay, motor_data.step_count);
      |     ^~~~~~
../Core/Src/main.c:163:5: warning: incompatible implicit declaration of built-in function 'printf'
../Core/Src/main.c:37:1: note: include '<stdio.h>' or provide a declaration of 'printf'
   36 | #include "stepper.h"
  +++ |+#include <stdio.h>
   37 | 
../Core/Src/main.c: In function 'HAL_TIM_PeriodElapsedCallback':
../Core/Src/main.c:264:4: warning: implicit declaration of function 'print' [-Wimplicit-function-declaration]
  264 |    print("%d\n", c);
      |    ^~~~~
../Core/Src/main.c:262:5: warning: 'c' may be used uninitialized in this function [-Wmaybe-uninitialized]
  262 |    c++;
      |    ~^~
arm-none-eabi-gcc -o "stm32f4-disco.elf" @"objects.list"   -mcpu=cortex-m4 -T"E:\Project\STM32\Stepper Motor\stm32f4-disco\STM32F429ZITX_FLASH.ld" --specs=nosys.specs -Wl,-Map="stm32f4-disco.map" -Wl,--gc-sections -static --specs=nano.specs -mfpu=fpv4-sp-d16 -mfloat-abi=hard -mthumb -Wl,--start-group -lc -lm -Wl,--end-group
c:\st\stm32cubeide_1.6.1\stm32cubeide\plugins\com.st.stm32cube.ide.mcu.externaltools.gnu-tools-for-stm32.9-2020-q2-update.win32_1.5.0.202011040924\tools\arm-none-eabi\bin\ld.exe: Core/Src/main.o: in function `HAL_TIM_PeriodElapsedCallback':
E:/Project/STM32/Stepper Motor/stm32f4-disco/Debug/../Core/Src/main.c:264: undefined reference to `print'
collect2.exe: error: ld returned 1 exit status
make: *** [makefile:65: stm32f4-disco.elf] Error 1
"make -j8 all" terminated with exit code 2. Build might be incomplete.
19:46:05 **** Incremental Build of configuration Debug for project stm32f4-disco ****
make -j8 all 
arm-none-eabi-gcc "../Core/Src/main.c" -mcpu=cortex-m4 -std=gnu11 -g3 -DDEBUG -DUSE_HAL_DRIVER -DSTM32F429xx -c -I../Core/Inc -I../Drivers/STM32F4xx_HAL_Driver/Inc -I../Drivers/STM32F4xx_HAL_Driver/Inc/Legacy -I../Drivers/CMSIS/Device/ST/STM32F4xx/Include -I../Drivers/CMSIS/Include -O0 -ffunction-sections -fdata-sections -Wall -fstack-usage -MMD -MP -MF"Core/Src/main.d" -MT"Core/Src/main.o" --specs=nano.specs -mfpu=fpv4-sp-d16 -mfloat-abi=hard -mthumb -o "Core/Src/main.o"
../Core/Src/main.c: In function 'main':
../Core/Src/main.c:163:5: warning: implicit declaration of function 'printf' [-Wimplicit-function-declaration]
  163 |     printf("s_delay : %d s_count : %d \n", motor_data.step_delay, motor_data.step_count);
      |     ^~~~~~
../Core/Src/main.c:163:5: warning: incompatible implicit declaration of built-in function 'printf'
../Core/Src/main.c:37:1: note: include '<stdio.h>' or provide a declaration of 'printf'
   36 | #include "stepper.h"
  +++ |+#include <stdio.h>
   37 | 
../Core/Src/main.c: In function 'HAL_TIM_PeriodElapsedCallback':
../Core/Src/main.c:264:4: warning: implicit declaration of function 'print' [-Wimplicit-function-declaration]
  264 |    print("%d\n", c);
      |    ^~~~~
../Core/Src/main.c:262:5: warning: 'c' may be used uninitialized in this function [-Wmaybe-uninitialized]
  262 |    c++;
      |    ~^~
arm-none-eabi-gcc -o "stm32f4-disco.elf" @"objects.list"   -mcpu=cortex-m4 -T"E:\Project\STM32\Stepper Motor\stm32f4-disco\STM32F429ZITX_FLASH.ld" --specs=nosys.specs -Wl,-Map="stm32f4-disco.map" -Wl,--gc-sections -static --specs=nano.specs -mfpu=fpv4-sp-d16 -mfloat-abi=hard -mthumb -Wl,--start-group -lc -lm -Wl,--end-group
c:\st\stm32cubeide_1.6.1\stm32cubeide\plugins\com.st.stm32cube.ide.mcu.externaltools.gnu-tools-for-stm32.9-2020-q2-update.win32_1.5.0.202011040924\tools\arm-none-eabi\bin\ld.exe: Core/Src/main.o: in function `HAL_TIM_PeriodElapsedCallback':
E:/Project/STM32/Stepper Motor/stm32f4-disco/Debug/../Core/Src/main.c:264: undefined reference to `print'
collect2.exe: error: ld returned 1 exit status
make: *** [makefile:65: stm32f4-disco.elf] Error 1
"make -j8 all" terminated with exit code 2. Build might be incomplete.
19:47:04 **** Incremental Build of configuration Debug for project stm32f4-disco ****
make -j8 all 
arm-none-eabi-gcc "../Core/Src/main.c" -mcpu=cortex-m4 -std=gnu11 -g3 -DDEBUG -DUSE_HAL_DRIVER -DSTM32F429xx -c -I../Core/Inc -I../Drivers/STM32F4xx_HAL_Driver/Inc -I../Drivers/STM32F4xx_HAL_Driver/Inc/Legacy -I../Drivers/CMSIS/Device/ST/STM32F4xx/Include -I../Drivers/CMSIS/Include -O0 -ffunction-sections -fdata-sections -Wall -fstack-usage -MMD -MP -MF"Core/Src/main.d" -MT"Core/Src/main.o" --specs=nano.specs -mfpu=fpv4-sp-d16 -mfloat-abi=hard -mthumb -o "Core/Src/main.o"
../Core/Src/main.c: In function 'main':
../Core/Src/main.c:163:5: warning: implicit declaration of function 'printf' [-Wimplicit-function-declaration]
  163 |     printf("s_delay : %d s_count : %d \n", motor_data.step_delay, motor_data.step_count);
      |     ^~~~~~
../Core/Src/main.c:163:5: warning: incompatible implicit declaration of built-in function 'printf'
../Core/Src/main.c:37:1: note: include '<stdio.h>' or provide a declaration of 'printf'
   36 | #include "stepper.h"
  +++ |+#include <stdio.h>
   37 | 
../Core/Src/main.c: In function 'HAL_TIM_PeriodElapsedCallback':
../Core/Src/main.c:264:4: warning: implicit declaration of function 'print' [-Wimplicit-function-declaration]
  264 |    print("%d\n", c);
      |    ^~~~~
arm-none-eabi-gcc -o "stm32f4-disco.elf" @"objects.list"   -mcpu=cortex-m4 -T"E:\Project\STM32\Stepper Motor\stm32f4-disco\STM32F429ZITX_FLASH.ld" --specs=nosys.specs -Wl,-Map="stm32f4-disco.map" -Wl,--gc-sections -static --specs=nano.specs -mfpu=fpv4-sp-d16 -mfloat-abi=hard -mthumb -Wl,--start-group -lc -lm -Wl,--end-group
c:\st\stm32cubeide_1.6.1\stm32cubeide\plugins\com.st.stm32cube.ide.mcu.externaltools.gnu-tools-for-stm32.9-2020-q2-update.win32_1.5.0.202011040924\tools\arm-none-eabi\bin\ld.exe: Core/Src/main.o: in function `HAL_TIM_PeriodElapsedCallback':
E:/Project/STM32/Stepper Motor/stm32f4-disco/Debug/../Core/Src/main.c:264: undefined reference to `print'
collect2.exe: error: ld returned 1 exit status
make: *** [makefile:65: stm32f4-disco.elf] Error 1
"make -j8 all" terminated with exit code 2. Build might be incomplete.
19:47:48 **** Incremental Build of configuration Debug for project stm32f4-disco ****
make -j8 all 
arm-none-eabi-gcc "../Core/Src/main.c" -mcpu=cortex-m4 -std=gnu11 -g3 -DDEBUG -DUSE_HAL_DRIVER -DSTM32F429xx -c -I../Core/Inc -I../Drivers/STM32F4xx_HAL_Driver/Inc -I../Drivers/STM32F4xx_HAL_Driver/Inc/Legacy -I../Drivers/CMSIS/Device/ST/STM32F4xx/Include -I../Drivers/CMSIS/Include -O0 -ffunction-sections -fdata-sections -Wall -fstack-usage -MMD -MP -MF"Core/Src/main.d" -MT"Core/Src/main.o" --specs=nano.specs -mfpu=fpv4-sp-d16 -mfloat-abi=hard -mthumb -o "Core/Src/main.o"
../Core/Src/main.c: In function 'HAL_TIM_PeriodElapsedCallback':
../Core/Src/main.c:264:4: warning: implicit declaration of function 'printf' [-Wimplicit-function-declaration]
  264 |    printf("%d\n", c);
      |    ^~~~~~
../Core/Src/main.c:264:4: warning: incompatible implicit declaration of built-in function 'printf'
../Core/Src/main.c:37:1: note: include '<stdio.h>' or provide a declaration of 'printf'
   36 | #include "stepper.h"
  +++ |+#include <stdio.h>
   37 | 
arm-none-eabi-gcc -o "stm32f4-disco.elf" @"objects.list"   -mcpu=cortex-m4 -T"E:\Project\STM32\Stepper Motor\stm32f4-disco\STM32F429ZITX_FLASH.ld" --specs=nosys.specs -Wl,-Map="stm32f4-disco.map" -Wl,--gc-sections -static --specs=nano.specs -mfpu=fpv4-sp-d16 -mfloat-abi=hard -mthumb -Wl,--start-group -lc -lm -Wl,--end-group
Finished building target: stm32f4-disco.elf
 
arm-none-eabi-objdump -h -S  stm32f4-disco.elf  > "stm32f4-disco.list"
arm-none-eabi-objcopy  -O binary  stm32f4-disco.elf  "stm32f4-disco.bin"
arm-none-eabi-size   stm32f4-disco.elf 
   text	   data	    bss	    dec	    hex	filename
  38740	    124	   3508	  42372	   a584	stm32f4-disco.elf
Finished building: default.size.stdout
 
Finished building: stm32f4-disco.bin
 
Finished building: stm32f4-disco.list
 
19:48:20 **** Incremental Build of configuration Debug for project stm32f4-disco ****
make -j8 all 
arm-none-eabi-gcc "../Core/Src/main.c" -mcpu=cortex-m4 -std=gnu11 -g3 -DDEBUG -DUSE_HAL_DRIVER -DSTM32F429xx -c -I../Core/Inc -I../Drivers/STM32F4xx_HAL_Driver/Inc -I../Drivers/STM32F4xx_HAL_Driver/Inc/Legacy -I../Drivers/CMSIS/Device/ST/STM32F4xx/Include -I../Drivers/CMSIS/Include -O0 -ffunction-sections -fdata-sections -Wall -fstack-usage -MMD -MP -MF"Core/Src/main.d" -MT"Core/Src/main.o" --specs=nano.specs -mfpu=fpv4-sp-d16 -mfloat-abi=hard -mthumb -o "Core/Src/main.o"
../Core/Src/main.c: In function 'HAL_TIM_PeriodElapsedCallback':
../Core/Src/main.c:264:4: warning: implicit declaration of function 'printf' [-Wimplicit-function-declaration]
  264 |    printf("%d\n", c);
      |    ^~~~~~
../Core/Src/main.c:264:4: warning: incompatible implicit declaration of built-in function 'printf'
../Core/Src/main.c:37:1: note: include '<stdio.h>' or provide a declaration of 'printf'
   36 | #include "stepper.h"
  +++ |+#include <stdio.h>
   37 | 
arm-none-eabi-gcc -o "stm32f4-disco.elf" @"objects.list"   -mcpu=cortex-m4 -T"E:\Project\STM32\Stepper Motor\stm32f4-disco\STM32F429ZITX_FLASH.ld" --specs=nosys.specs -Wl,-Map="stm32f4-disco.map" -Wl,--gc-sections -static --specs=nano.specs -mfpu=fpv4-sp-d16 -mfloat-abi=hard -mthumb -Wl,--start-group -lc -lm -Wl,--end-group
Finished building target: stm32f4-disco.elf
 
arm-none-eabi-objdump -h -S  stm32f4-disco.elf  > "stm32f4-disco.list"
arm-none-eabi-objcopy  -O binary  stm32f4-disco.elf  "stm32f4-disco.bin"
arm-none-eabi-size   stm32f4-disco.elf 
   text	   data	    bss	    dec	    hex	filename
  38740	    124	   3508	  42372	   a584	stm32f4-disco.elf
Finished building: default.size.stdout
 
Finished building: stm32f4-disco.bin
 
Finished building: stm32f4-disco.list
 
19:50:56 **** Incremental Build of configuration Debug for project stm32f4-disco ****
make -j8 all 
arm-none-eabi-gcc "../Core/Src/main.c" -mcpu=cortex-m4 -std=gnu11 -g3 -DDEBUG -DUSE_HAL_DRIVER -DSTM32F429xx -c -I../Core/Inc -I../Drivers/STM32F4xx_HAL_Driver/Inc -I../Drivers/STM32F4xx_HAL_Driver/Inc/Legacy -I../Drivers/CMSIS/Device/ST/STM32F4xx/Include -I../Drivers/CMSIS/Include -O0 -ffunction-sections -fdata-sections -Wall -fstack-usage -MMD -MP -MF"Core/Src/main.d" -MT"Core/Src/main.o" --specs=nano.specs -mfpu=fpv4-sp-d16 -mfloat-abi=hard -mthumb -o "Core/Src/main.o"
arm-none-eabi-gcc -o "stm32f4-disco.elf" @"objects.list"   -mcpu=cortex-m4 -T"E:\Project\STM32\Stepper Motor\stm32f4-disco\STM32F429ZITX_FLASH.ld" --specs=nosys.specs -Wl,-Map="stm32f4-disco.map" -Wl,--gc-sections -static --specs=nano.specs -mfpu=fpv4-sp-d16 -mfloat-abi=hard -mthumb -Wl,--start-group -lc -lm -Wl,--end-group
Finished building target: stm32f4-disco.elf
 
arm-none-eabi-objdump -h -S  stm32f4-disco.elf  > "stm32f4-disco.list"
arm-none-eabi-objcopy  -O binary  stm32f4-disco.elf  "stm32f4-disco.bin"
arm-none-eabi-size   stm32f4-disco.elf 
   text	   data	    bss	    dec	    hex	filename
  37108	    132	   3508	  40748	   9f2c	stm32f4-disco.elf
Finished building: default.size.stdout
 
Finished building: stm32f4-disco.bin
 
Finished building: stm32f4-disco.list
 
19:51:14 **** Incremental Build of configuration Debug for project stm32f4-disco ****
make -j8 all 
arm-none-eabi-gcc "../Core/Src/main.c" -mcpu=cortex-m4 -std=gnu11 -g3 -DDEBUG -DUSE_HAL_DRIVER -DSTM32F429xx -c -I../Core/Inc -I../Drivers/STM32F4xx_HAL_Driver/Inc -I../Drivers/STM32F4xx_HAL_Driver/Inc/Legacy -I../Drivers/CMSIS/Device/ST/STM32F4xx/Include -I../Drivers/CMSIS/Include -O0 -ffunction-sections -fdata-sections -Wall -fstack-usage -MMD -MP -MF"Core/Src/main.d" -MT"Core/Src/main.o" --specs=nano.specs -mfpu=fpv4-sp-d16 -mfloat-abi=hard -mthumb -o "Core/Src/main.o"
arm-none-eabi-gcc -o "stm32f4-disco.elf" @"objects.list"   -mcpu=cortex-m4 -T"E:\Project\STM32\Stepper Motor\stm32f4-disco\STM32F429ZITX_FLASH.ld" --specs=nosys.specs -Wl,-Map="stm32f4-disco.map" -Wl,--gc-sections -static --specs=nano.specs -mfpu=fpv4-sp-d16 -mfloat-abi=hard -mthumb -Wl,--start-group -lc -lm -Wl,--end-group
Finished building target: stm32f4-disco.elf
 
arm-none-eabi-objdump -h -S  stm32f4-disco.elf  > "stm32f4-disco.list"
arm-none-eabi-objcopy  -O binary  stm32f4-disco.elf  "stm32f4-disco.bin"
arm-none-eabi-size   stm32f4-disco.elf 
   text	   data	    bss	    dec	    hex	filename
  36884	    132	   3508	  40524	   9e4c	stm32f4-disco.elf
Finished building: default.size.stdout
 
Finished building: stm32f4-disco.bin
 
Finished building: stm32f4-disco.list
 
19:51:48 **** Incremental Build of configuration Debug for project stm32f4-disco ****
make -j8 all 
arm-none-eabi-gcc "../Core/Src/main.c" -mcpu=cortex-m4 -std=gnu11 -g3 -DDEBUG -DUSE_HAL_DRIVER -DSTM32F429xx -c -I../Core/Inc -I../Drivers/STM32F4xx_HAL_Driver/Inc -I../Drivers/STM32F4xx_HAL_Driver/Inc/Legacy -I../Drivers/CMSIS/Device/ST/STM32F4xx/Include -I../Drivers/CMSIS/Include -O0 -ffunction-sections -fdata-sections -Wall -fstack-usage -MMD -MP -MF"Core/Src/main.d" -MT"Core/Src/main.o" --specs=nano.specs -mfpu=fpv4-sp-d16 -mfloat-abi=hard -mthumb -o "Core/Src/main.o"
../Core/Src/main.c: In function 'main':
../Core/Src/main.c:163:5: warning: implicit declaration of function 'printf' [-Wimplicit-function-declaration]
  163 |     printf("s_delay : %d s_count : %d \n", motor_data.step_delay, motor_data.step_count);
      |     ^~~~~~
../Core/Src/main.c:163:5: warning: incompatible implicit declaration of built-in function 'printf'
../Core/Src/main.c:37:1: note: include '<stdio.h>' or provide a declaration of 'printf'
   36 | #include "stepper.h"
  +++ |+#include <stdio.h>
   37 | 
arm-none-eabi-gcc -o "stm32f4-disco.elf" @"objects.list"   -mcpu=cortex-m4 -T"E:\Project\STM32\Stepper Motor\stm32f4-disco\STM32F429ZITX_FLASH.ld" --specs=nosys.specs -Wl,-Map="stm32f4-disco.map" -Wl,--gc-sections -static --specs=nano.specs -mfpu=fpv4-sp-d16 -mfloat-abi=hard -mthumb -Wl,--start-group -lc -lm -Wl,--end-group
Finished building target: stm32f4-disco.elf
 
arm-none-eabi-objdump -h -S  stm32f4-disco.elf  > "stm32f4-disco.list"
arm-none-eabi-objcopy  -O binary  stm32f4-disco.elf  "stm32f4-disco.bin"
arm-none-eabi-size   stm32f4-disco.elf 
   text	   data	    bss	    dec	    hex	filename
  39280	    132	   3508	  42920	   a7a8	stm32f4-disco.elf
Finished building: default.size.stdout
 
Finished building: stm32f4-disco.bin
 
Finished building: stm32f4-disco.list
 
19:54:31 **** Incremental Build of configuration Debug for project stm32f4-disco ****
make -j8 all 
arm-none-eabi-gcc "../Core/Src/main.c" -mcpu=cortex-m4 -std=gnu11 -g3 -DDEBUG -DUSE_HAL_DRIVER -DSTM32F429xx -c -I../Core/Inc -I../Drivers/STM32F4xx_HAL_Driver/Inc -I../Drivers/STM32F4xx_HAL_Driver/Inc/Legacy -I../Drivers/CMSIS/Device/ST/STM32F4xx/Include -I../Drivers/CMSIS/Include -O0 -ffunction-sections -fdata-sections -Wall -fstack-usage -MMD -MP -MF"Core/Src/main.d" -MT"Core/Src/main.o" --specs=nano.specs -mfpu=fpv4-sp-d16 -mfloat-abi=hard -mthumb -o "Core/Src/main.o"
arm-none-eabi-gcc "../Core/Src/stepper.c" -mcpu=cortex-m4 -std=gnu11 -g3 -DDEBUG -DUSE_HAL_DRIVER -DSTM32F429xx -c -I../Core/Inc -I../Drivers/STM32F4xx_HAL_Driver/Inc -I../Drivers/STM32F4xx_HAL_Driver/Inc/Legacy -I../Drivers/CMSIS/Device/ST/STM32F4xx/Include -I../Drivers/CMSIS/Include -O0 -ffunction-sections -fdata-sections -Wall -fstack-usage -MMD -MP -MF"Core/Src/stepper.d" -MT"Core/Src/stepper.o" --specs=nano.specs -mfpu=fpv4-sp-d16 -mfloat-abi=hard -mthumb -o "Core/Src/stepper.o"
../Core/Src/stepper.c: In function 'updateStepper':
../Core/Src/stepper.c:156:3: warning: implicit declaration of function 'printf' [-Wimplicit-function-declaration]
  156 |   printf("ok!\n");
      |   ^~~~~~
../Core/Src/stepper.c:156:3: warning: incompatible implicit declaration of built-in function 'printf'
../Core/Src/stepper.c:9:1: note: include '<stdio.h>' or provide a declaration of 'printf'
    8 | #include <math.h>
  +++ |+#include <stdio.h>
    9 | 
arm-none-eabi-gcc -o "stm32f4-disco.elf" @"objects.list"   -mcpu=cortex-m4 -T"E:\Project\STM32\Stepper Motor\stm32f4-disco\STM32F429ZITX_FLASH.ld" --specs=nosys.specs -Wl,-Map="stm32f4-disco.map" -Wl,--gc-sections -static --specs=nano.specs -mfpu=fpv4-sp-d16 -mfloat-abi=hard -mthumb -Wl,--start-group -lc -lm -Wl,--end-group
Finished building target: stm32f4-disco.elf
 
arm-none-eabi-objdump -h -S  stm32f4-disco.elf  > "stm32f4-disco.list"
arm-none-eabi-objcopy  -O binary  stm32f4-disco.elf  "stm32f4-disco.bin"
arm-none-eabi-size   stm32f4-disco.elf 
   text	   data	    bss	    dec	    hex	filename
  37720	    132	   3508	  41360	   a190	stm32f4-disco.elf
Finished building: default.size.stdout
 
Finished building: stm32f4-disco.bin
 
Finished building: stm32f4-disco.list
 
19:55:46 **** Incremental Build of configuration Debug for project stm32f4-disco ****
make -j8 all 
arm-none-eabi-gcc "../Core/Src/stepper.c" -mcpu=cortex-m4 -std=gnu11 -g3 -DDEBUG -DUSE_HAL_DRIVER -DSTM32F429xx -c -I../Core/Inc -I../Drivers/STM32F4xx_HAL_Driver/Inc -I../Drivers/STM32F4xx_HAL_Driver/Inc/Legacy -I../Drivers/CMSIS/Device/ST/STM32F4xx/Include -I../Drivers/CMSIS/Include -O0 -ffunction-sections -fdata-sections -Wall -fstack-usage -MMD -MP -MF"Core/Src/stepper.d" -MT"Core/Src/stepper.o" --specs=nano.specs -mfpu=fpv4-sp-d16 -mfloat-abi=hard -mthumb -o "Core/Src/stepper.o"
../Core/Src/stepper.c: In function 'updateStepper':
../Core/Src/stepper.c:156:3: warning: implicit declaration of function 'printf' [-Wimplicit-function-declaration]
  156 |   printf("ok!\n");
      |   ^~~~~~
../Core/Src/stepper.c:156:3: warning: incompatible implicit declaration of built-in function 'printf'
../Core/Src/stepper.c:9:1: note: include '<stdio.h>' or provide a declaration of 'printf'
    8 | #include <math.h>
  +++ |+#include <stdio.h>
    9 | 
arm-none-eabi-gcc -o "stm32f4-disco.elf" @"objects.list"   -mcpu=cortex-m4 -T"E:\Project\STM32\Stepper Motor\stm32f4-disco\STM32F429ZITX_FLASH.ld" --specs=nosys.specs -Wl,-Map="stm32f4-disco.map" -Wl,--gc-sections -static --specs=nano.specs -mfpu=fpv4-sp-d16 -mfloat-abi=hard -mthumb -Wl,--start-group -lc -lm -Wl,--end-group
Finished building target: stm32f4-disco.elf
 
arm-none-eabi-objdump -h -S  stm32f4-disco.elf  > "stm32f4-disco.list"
arm-none-eabi-objcopy  -O binary  stm32f4-disco.elf  "stm32f4-disco.bin"
arm-none-eabi-size   stm32f4-disco.elf 
   text	   data	    bss	    dec	    hex	filename
  37708	    132	   3508	  41348	   a184	stm32f4-disco.elf
Finished building: default.size.stdout
 
Finished building: stm32f4-disco.bin
 
Finished building: stm32f4-disco.list
 
