19:55:46 **** Incremental Build of configuration Debug for project stm32f4-disco ****
make -j8 all 
arm-none-eabi-gcc "../Core/Src/stepper.c" -mcpu=cortex-m4 -std=gnu11 -g3 -DDEBUG -DUSE_HAL_DRIVER -DSTM32F429xx -c -I../Core/Inc -I../Drivers/STM32F4xx_HAL_Driver/Inc -I../Drivers/STM32F4xx_HAL_Driver/Inc/Legacy -I../Drivers/CMSIS/Device/ST/STM32F4xx/Include -I../Drivers/CMSIS/Include -O0 -ffunction-sections -fdata-sections -Wall -fstack-usage -MMD -MP -MF"Core/Src/stepper.d" -MT"Core/Src/stepper.o" --specs=nano.specs -mfpu=fpv4-sp-d16 -mfloat-abi=hard -mthumb -o "Core/Src/stepper.o"
../Core/Src/stepper.c: In function 'updateStepper':
../Core/Src/stepper.c:156:3: warning: implicit declaration of function 'printf' [-Wimplicit-function-declaration]
  156 |   printf("ok!\n");
      |   ^~~~~~
../Core/Src/stepper.c:156:3: warning: incompatible implicit declaration of built-in function 'printf'
../Core/Src/stepper.c:9:1: note: include '<stdio.h>' or provide a declaration of 'printf'
    8 | #include <math.h>
  +++ |+#include <stdio.h>
    9 | 
arm-none-eabi-gcc -o "stm32f4-disco.elf" @"objects.list"   -mcpu=cortex-m4 -T"E:\Project\STM32\Stepper Motor\stm32f4-disco\STM32F429ZITX_FLASH.ld" --specs=nosys.specs -Wl,-Map="stm32f4-disco.map" -Wl,--gc-sections -static --specs=nano.specs -mfpu=fpv4-sp-d16 -mfloat-abi=hard -mthumb -Wl,--start-group -lc -lm -Wl,--end-group
Finished building target: stm32f4-disco.elf
 
arm-none-eabi-objdump -h -S  stm32f4-disco.elf  > "stm32f4-disco.list"
arm-none-eabi-objcopy  -O binary  stm32f4-disco.elf  "stm32f4-disco.bin"
arm-none-eabi-size   stm32f4-disco.elf 
   text	   data	    bss	    dec	    hex	filename
  37708	    132	   3508	  41348	   a184	stm32f4-disco.elf
Finished building: default.size.stdout
 
Finished building: stm32f4-disco.bin
 
Finished building: stm32f4-disco.list
 

19:55:49 Build Finished. 0 errors, 2 warnings. (took 2s.920ms)

