Archive member included to satisfy reference by file (symbol)

/opt/st/stm32cubeide_1.7.0/plugins/com.st.stm32cube.ide.mcu.externaltools.gnu-tools-for-stm32.9-2020-q2-update.linux64_2.0.0.202105311346/tools/bin/../lib/gcc/arm-none-eabi/9.3.1/../../../../arm-none-eabi/lib/thumb/v7e-m+fp/hard/libc_nano.a(lib_a-atoi.o)
                              ./Core/Src/main.o (atoi)
/opt/st/stm32cubeide_1.7.0/plugins/com.st.stm32cube.ide.mcu.externaltools.gnu-tools-for-stm32.9-2020-q2-update.linux64_2.0.0.202105311346/tools/bin/../lib/gcc/arm-none-eabi/9.3.1/../../../../arm-none-eabi/lib/thumb/v7e-m+fp/hard/libc_nano.a(lib_a-errno.o)
                              ./Core/Src/retarget.o (__errno)
/opt/st/stm32cubeide_1.7.0/plugins/com.st.stm32cube.ide.mcu.externaltools.gnu-tools-for-stm32.9-2020-q2-update.linux64_2.0.0.202105311346/tools/bin/../lib/gcc/arm-none-eabi/9.3.1/../../../../arm-none-eabi/lib/thumb/v7e-m+fp/hard/libc_nano.a(lib_a-exit.o)
                              /opt/st/stm32cubeide_1.7.0/plugins/com.st.stm32cube.ide.mcu.externaltools.gnu-tools-for-stm32.9-2020-q2-update.linux64_2.0.0.202105311346/tools/bin/../lib/gcc/arm-none-eabi/9.3.1/../../../../arm-none-eabi/lib/thumb/v7e-m+fp/hard/crt0.o (exit)
/opt/st/stm32cubeide_1.7.0/plugins/com.st.stm32cube.ide.mcu.externaltools.gnu-tools-for-stm32.9-2020-q2-update.linux64_2.0.0.202105311346/tools/bin/../lib/gcc/arm-none-eabi/9.3.1/../../../../arm-none-eabi/lib/thumb/v7e-m+fp/hard/libc_nano.a(lib_a-impure.o)
                              /opt/st/stm32cubeide_1.7.0/plugins/com.st.stm32cube.ide.mcu.externaltools.gnu-tools-for-stm32.9-2020-q2-update.linux64_2.0.0.202105311346/tools/bin/../lib/gcc/arm-none-eabi/9.3.1/../../../../arm-none-eabi/lib/thumb/v7e-m+fp/hard/libc_nano.a(lib_a-exit.o) (_global_impure_ptr)
/opt/st/stm32cubeide_1.7.0/plugins/com.st.stm32cube.ide.mcu.externaltools.gnu-tools-for-stm32.9-2020-q2-update.linux64_2.0.0.202105311346/tools/bin/../lib/gcc/arm-none-eabi/9.3.1/../../../../arm-none-eabi/lib/thumb/v7e-m+fp/hard/libc_nano.a(lib_a-init.o)
                              /opt/st/stm32cubeide_1.7.0/plugins/com.st.stm32cube.ide.mcu.externaltools.gnu-tools-for-stm32.9-2020-q2-update.linux64_2.0.0.202105311346/tools/bin/../lib/gcc/arm-none-eabi/9.3.1/../../../../arm-none-eabi/lib/thumb/v7e-m+fp/hard/crt0.o (__libc_init_array)
/opt/st/stm32cubeide_1.7.0/plugins/com.st.stm32cube.ide.mcu.externaltools.gnu-tools-for-stm32.9-2020-q2-update.linux64_2.0.0.202105311346/tools/bin/../lib/gcc/arm-none-eabi/9.3.1/../../../../arm-none-eabi/lib/thumb/v7e-m+fp/hard/libc_nano.a(lib_a-itoa.o)
                              ./Core/Src/usart.o (itoa)
/opt/st/stm32cubeide_1.7.0/plugins/com.st.stm32cube.ide.mcu.externaltools.gnu-tools-for-stm32.9-2020-q2-update.linux64_2.0.0.202105311346/tools/bin/../lib/gcc/arm-none-eabi/9.3.1/../../../../arm-none-eabi/lib/thumb/v7e-m+fp/hard/libc_nano.a(lib_a-memset.o)
                              /opt/st/stm32cubeide_1.7.0/plugins/com.st.stm32cube.ide.mcu.externaltools.gnu-tools-for-stm32.9-2020-q2-update.linux64_2.0.0.202105311346/tools/bin/../lib/gcc/arm-none-eabi/9.3.1/../../../../arm-none-eabi/lib/thumb/v7e-m+fp/hard/crt0.o (memset)
/opt/st/stm32cubeide_1.7.0/plugins/com.st.stm32cube.ide.mcu.externaltools.gnu-tools-for-stm32.9-2020-q2-update.linux64_2.0.0.202105311346/tools/bin/../lib/gcc/arm-none-eabi/9.3.1/../../../../arm-none-eabi/lib/thumb/v7e-m+fp/hard/libc_nano.a(lib_a-printf.o)
                              ./Core/Src/main.o (printf)
/opt/st/stm32cubeide_1.7.0/plugins/com.st.stm32cube.ide.mcu.externaltools.gnu-tools-for-stm32.9-2020-q2-update.linux64_2.0.0.202105311346/tools/bin/../lib/gcc/arm-none-eabi/9.3.1/../../../../arm-none-eabi/lib/thumb/v7e-m+fp/hard/libc_nano.a(lib_a-setvbuf.o)
                              ./Core/Src/retarget.o (setvbuf)
/opt/st/stm32cubeide_1.7.0/plugins/com.st.stm32cube.ide.mcu.externaltools.gnu-tools-for-stm32.9-2020-q2-update.linux64_2.0.0.202105311346/tools/bin/../lib/gcc/arm-none-eabi/9.3.1/../../../../arm-none-eabi/lib/thumb/v7e-m+fp/hard/libc_nano.a(lib_a-strchr.o)
                              ./Core/Src/main.o (strchr)
/opt/st/stm32cubeide_1.7.0/plugins/com.st.stm32cube.ide.mcu.externaltools.gnu-tools-for-stm32.9-2020-q2-update.linux64_2.0.0.202105311346/tools/bin/../lib/gcc/arm-none-eabi/9.3.1/../../../../arm-none-eabi/lib/thumb/v7e-m+fp/hard/libc_nano.a(lib_a-strtol.o)
                              /opt/st/stm32cubeide_1.7.0/plugins/com.st.stm32cube.ide.mcu.externaltools.gnu-tools-for-stm32.9-2020-q2-update.linux64_2.0.0.202105311346/tools/bin/../lib/gcc/arm-none-eabi/9.3.1/../../../../arm-none-eabi/lib/thumb/v7e-m+fp/hard/libc_nano.a(lib_a-atoi.o) (_strtol_r)
/opt/st/stm32cubeide_1.7.0/plugins/com.st.stm32cube.ide.mcu.externaltools.gnu-tools-for-stm32.9-2020-q2-update.linux64_2.0.0.202105311346/tools/bin/../lib/gcc/arm-none-eabi/9.3.1/../../../../arm-none-eabi/lib/thumb/v7e-m+fp/hard/libc_nano.a(lib_a-utoa.o)
[...]
Memory Configuration

Name             Origin             Length             Attributes
CCMRAM           0x0000000010000000 0x0000000000010000 xrw
RAM              0x0000000020000000 0x0000000000030000 xrw
FLASH            0x0000000008000000 0x0000000000200000 xr
*default*        0x0000000000000000 0xffffffffffffffff

Linker script and memory map

LOAD /opt/st/stm32cubeide_1.7.0/plugins/com.st.stm32cube.ide.mcu.externaltools.gnu-tools-for-stm32.9-2020-q2-update.linux64_2.0.0.202105311346/tools/bin/../lib/gcc/arm-none-eabi/9.3.1/thumb/v7e-m+fp/hard/crti.o
LOAD /opt/st/stm32cubeide_1.7.0/plugins/com.st.stm32cube.ide.mcu.externaltools.gnu-tools-for-stm32.9-2020-q2-update.linux64_2.0.0.202105311346/tools/bin/../lib/gcc/arm-none-eabi/9.3.1/thumb/v7e-m+fp/hard/crtbegin.o
LOAD /opt/st/stm32cubeide_1.7.0/plugins/com.st.stm32cube.ide.mcu.externaltools.gnu-tools-for-stm32.9-2020-q2-update.linux64_2.0.0.202105311346/tools/bin/../lib/gcc/arm-none-eabi/9.3.1/../../../../arm-none-eabi/lib/thumb/v7e-m+fp/hard/crt0.o
LOAD ./Core/Src/crc.o
LOAD ./Core/Src/dma2d.o
LOAD ./Core/Src/fmc.o
LOAD ./Core/Src/gpio.o
LOAD ./Core/Src/i2c.o
LOAD ./Core/Src/ltdc.o
LOAD ./Core/Src/main.o
LOAD ./Core/Src/queue.o
LOAD ./Core/Src/retarget.o
LOAD ./Core/Src/spi.o
LOAD ./Core/Src/stepper.o
LOAD ./Core/Src/stm32f4xx_hal_msp.o
LOAD ./Core/Src/stm32f4xx_hal_timebase_tim.o
LOAD ./Core/Src/stm32f4xx_it.o
LOAD ./Core/Src/sysmem.o
LOAD ./Core/Src/system_stm32f4xx.o
LOAD ./Core/Src/tim.o
LOAD ./Core/Src/usart.o
LOAD ./Core/Src/usb_otg.o
LOAD ./Core/Startup/startup_stm32f429zitx.o
LOAD ./Drivers/STM32F4xx_HAL_Driver/Src/stm32f4xx_hal.o
LOAD ./Drivers/STM32F4xx_HAL_Driver/Src/stm32f4xx_hal_cortex.o
LOAD ./Drivers/STM32F4xx_HAL_Driver/Src/stm32f4xx_hal_crc.o
LOAD ./Drivers/STM32F4xx_HAL_Driver/Src/stm32f4xx_hal_dma.o
LOAD ./Drivers/STM32F4xx_HAL_Driver/Src/stm32f4xx_hal_dma2d.o
LOAD ./Drivers/STM32F4xx_HAL_Driver/Src/stm32f4xx_hal_dma_ex.o
LOAD ./Drivers/STM32F4xx_HAL_Driver/Src/stm32f4xx_hal_dsi.o
LOAD ./Drivers/STM32F4xx_HAL_Driver/Src/stm32f4xx_hal_exti.o
LOAD ./Drivers/STM32F4xx_HAL_Driver/Src/stm32f4xx_hal_flash.o
LOAD ./Drivers/STM32F4xx_HAL_Driver/Src/stm32f4xx_hal_flash_ex.o
LOAD ./Drivers/STM32F4xx_HAL_Driver/Src/stm32f4xx_hal_flash_ramfunc.o
LOAD ./Drivers/STM32F4xx_HAL_Driver/Src/stm32f4xx_hal_gpio.o
LOAD ./Drivers/STM32F4xx_HAL_Driver/Src/stm32f4xx_hal_hcd.o
LOAD ./Drivers/STM32F4xx_HAL_Driver/Src/stm32f4xx_hal_i2c.o
LOAD ./Drivers/STM32F4xx_HAL_Driver/Src/stm32f4xx_hal_i2c_ex.o
LOAD ./Drivers/STM32F4xx_HAL_Driver/Src/stm32f4xx_hal_ltdc.o
LOAD ./Drivers/STM32F4xx_HAL_Driver/Src/stm32f4xx_hal_ltdc_ex.o
LOAD ./Drivers/STM32F4xx_HAL_Driver/Src/stm32f4xx_hal_pwr.o
LOAD ./Drivers/STM32F4xx_HAL_Driver/Src/stm32f4xx_hal_pwr_ex.o
LOAD ./Drivers/STM32F4xx_HAL_Driver/Src/stm32f4xx_hal_rcc.o
LOAD ./Drivers/STM32F4xx_HAL_Driver/Src/stm32f4xx_hal_rcc_ex.o
LOAD ./Drivers/STM32F4xx_HAL_Driver/Src/stm32f4xx_hal_sdram.o
LOAD ./Drivers/STM32F4xx_HAL_Driver/Src/stm32f4xx_hal_spi.o
LOAD ./Drivers/STM32F4xx_HAL_Driver/Src/stm32f4xx_hal_tim.o
LOAD ./Drivers/STM32F4xx_HAL_Driver/Src/stm32f4xx_hal_tim_ex.o
LOAD ./Drivers/STM32F4xx_HAL_Driver/Src/stm32f4xx_hal_uart.o
LOAD ./Drivers/STM32F4xx_HAL_Driver/Src/stm32f4xx_ll_fmc.o
LOAD ./Drivers/STM32F4xx_HAL_Driver/Src/stm32f4xx_ll_usb.o
START GROUP
LOAD /opt/st/stm32cubeide_1.7.0/plugins/com.st.stm32cube.ide.mcu.externaltools.gnu-tools-for-stm32.9-2020-q2-update.linux64_2.0.0.202105311346/tools/bin/../lib/gcc/arm-none-eabi/9.3.1/../../../../arm-none-eabi/lib/thumb/v7e-m+fp/hard/libc_nano.a
LOAD /opt/st/stm32cubeide_1.7.0/plugins/com.st.stm32cube.ide.mcu.externaltools.gnu-tools-for-stm32.9-2020-q2-update.linux64_2.0.0.202105311346/tools/bin/../lib/gcc/arm-none-eabi/9.3.1/../../../../arm-none-eabi/lib/thumb/v7e-m+fp/hard/libm.a
END GROUP
START GROUP
LOAD /opt/st/stm32cubeide_1.7.0/plugins/com.st.stm32cube.ide.mcu.externaltools.gnu-tools-for-stm32.9-2020-q2-update.linux64_2.0.0.202105311346/tools/bin/../lib/gcc/arm-none-eabi/9.3.1/thumb/v7e-m+fp/hard/libgcc.a
LOAD /opt/st/stm32cubeide_1.7.0/plugins/com.st.stm32cube.ide.mcu.externaltools.gnu-tools-for-stm32.9-2020-q2-update.linux64_2.0.0.202105311346/tools/bin/../lib/gcc/arm-none-eabi/9.3.1/../../../../arm-none-eabi/lib/thumb/v7e-m+fp/hard/libc_nano.a
END GROUP
START GROUP
LOAD /opt/st/stm32cubeide_1.7.0/plugins/com.st.stm32cube.ide.mcu.externaltools.gnu-tools-for-stm32.9-2020-q2-update.linux64_2.0.0.202105311346/tools/bin/../lib/gcc/arm-none-eabi/9.3.1/thumb/v7e-m+fp/hard/libgcc.a
LOAD /opt/st/stm32cubeide_1.7.0/plugins/com.st.stm32cube.ide.mcu.externaltools.gnu-tools-for-stm32.9-2020-q2-update.linux64_2.0.0.202105311346/tools/bin/../lib/gcc/arm-none-eabi/9.3.1/../../../../arm-none-eabi/lib/thumb/v7e-m+fp/hard/libc_nano.a
LOAD /opt/st/stm32cubeide_1.7.0/plugins/com.st.stm32cube.ide.mcu.externaltools.gnu-tools-for-stm32.9-2020-q2-update.linux64_2.0.0.202105311346/tools/bin/../lib/gcc/arm-none-eabi/9.3.1/../../../../arm-none-eabi/lib/thumb/v7e-m+fp/hard/libnosys.a
END GROUP
START GROUP
LOAD /opt/st/stm32cubeide_1.7.0/plugins/com.st.stm32cube.ide.mcu.externaltools.gnu-tools-for-stm32.9-2020-q2-update.linux64_2.0.0.202105311346/tools/bin/../lib/gcc/arm-none-eabi/9.3.1/thumb/v7e-m+fp/hard/libgcc.a
LOAD /opt/st/stm32cubeide_1.7.0/plugins/com.st.stm32cube.ide.mcu.externaltools.gnu-tools-for-stm32.9-2020-q2-update.linux64_2.0.0.202105311346/tools/bin/../lib/gcc/arm-none-eabi/9.3.1/../../../../arm-none-eabi/lib/thumb/v7e-m+fp/hard/libc_nano.a
LOAD /opt/st/stm32cubeide_1.7.0/plugins/com.st.stm32cube.ide.mcu.externaltools.gnu-tools-for-stm32.9-2020-q2-update.linux64_2.0.0.202105311346/tools/bin/../lib/gcc/arm-none-eabi/9.3.1/../../../../arm-none-eabi/lib/thumb/v7e-m+fp/hard/libnosys.a
END GROUP
LOAD /opt/st/stm32cubeide_1.7.0/plugins/com.st.stm32cube.ide.mcu.externaltools.gnu-tools-for-stm32.9-2020-q2-update.linux64_2.0.0.202105311346/tools/bin/../lib/gcc/arm-none-eabi/9.3.1/thumb/v7e-m+fp/hard/crtend.o
LOAD /opt/st/stm32cubeide_1.7.0/plugins/com.st.stm32cube.ide.mcu.externaltools.gnu-tools-for-stm32.9-2020-q2-update.linux64_2.0.0.202105311346/tools/bin/../lib/gcc/arm-none-eabi/9.3.1/thumb/v7e-m+fp/hard/crtn.o
                0x0000000020030000                _estack = (ORIGIN (RAM) + LENGTH (RAM))
                0x0000000000000200                _Min_Heap_Size = 0x200
                0x0000000000000400                _Min_Stack_Size = 0x400

.isr_vector     0x0000000008000000      0x1ac
                0x0000000008000000                . = ALIGN (0x4)
 *(.isr_vector)
 .isr_vector    0x0000000008000000      0x1ac ./Core/Startup/startup_stm32f429zitx.o
                0x0000000008000000                g_pfnVectors
                0x00000000080001ac                . = ALIGN (0x4)

.text           0x00000000080001b0     0x9aa0
                0x00000000080001b0                . = ALIGN (0x4)
 *(.text)
 .text          0x00000000080001b0       0x40 /opt/st/stm32cubeide_1.7.0/plugins/com.st.stm32cube.ide.mcu.externaltools.gnu-tools-for-stm32.9-2020-q2-update.linux64_2.0.0.202105311346/tools/bin/../lib/gcc/arm-none-eabi/9.3.1/thumb/v7e-m+fp/hard/crtbegin.o
 .text          0x00000000080001f0       0xa0 /opt/st/stm32cubeide_1.7.0/plugins/com.st.stm32cube.ide.mcu.externaltools.gnu-tools-for-stm32.9-2020-q2-update.linux64_2.0.0.202105311346/tools/bin/../lib/gcc/arm-none-eabi/9.3.1/../../../../arm-none-eabi/lib/thumb/v7e-m+fp/hard/libc_nano.a(lib_a-memchr.o)
                0x00000000080001f0                memchr
 .text          0x0000000008000290      0x378 /opt/st/stm32cubeide_1.7.0/plugins/com.st.stm32cube.ide.mcu.externaltools.gnu-tools-for-stm32.9-2020-q2-update.linux64_2.0.0.202105311346/tools/bin/../lib/gcc/arm-none-eabi/9.3.1/thumb/v7e-m+fp/hard/libgcc.a(_arm_addsubdf3.o)
                0x0000000008000290                __aeabi_drsub
                0x0000000008000298                __aeabi_dsub
                0x0000000008000298                __subdf3
                0x000000000800029c                __adddf3
                0x000000000800029c                __aeabi_dadd
                0x0000000008000514                __aeabi_ui2d
                0x0000000008000514                __floatunsidf
                0x0000000008000534                __floatsidf
                0x0000000008000534                __aeabi_i2d
                0x0000000008000558                __extendsfdf2
                0x0000000008000558                __aeabi_f2d
                0x000000000800059c                __aeabi_ul2d
                0x000000000800059c                __floatundidf
                0x00000000080005ac                __floatdidf
                0x00000000080005ac                __aeabi_l2d
 .text          0x0000000008000608      0x424 /opt/st/stm32cubeide_1.7.0/plugins/com.st.stm32cube.ide.mcu.externaltools.gnu-tools-for-stm32.9-2020-q2-update.linux64_2.0.0.202105311346/tools/bin/../lib/gcc/arm-none-eabi/9.3.1/thumb/v7e-m+fp/hard/libgcc.a(_arm_muldivdf3.o)
                0x0000000008000608                __aeabi_dmul
                0x0000000008000608                __muldf3
                0x000000000800085c                __aeabi_ddiv
                0x000000000800085c                __divdf3
 .text          0x0000000008000a2c      0x110 /opt/st/stm32cubeide_1.7.0/plugins/com.st.stm32cube.ide.mcu.externaltools.gnu-tools-for-stm32.9-2020-q2-update.linux64_2.0.0.202105311346/tools/bin/../lib/gcc/arm-none-eabi/9.3.1/thumb/v7e-m+fp/hard/libgcc.a(_arm_cmpdf2.o)
                0x0000000008000a2c                __gtdf2
                0x0000000008000a2c                __gedf2
                0x0000000008000a34                __ltdf2
                0x0000000008000a34                __ledf2
                0x0000000008000a3c                __cmpdf2
                0x0000000008000a3c                __eqdf2
                0x0000000008000a3c                __nedf2
                0x0000000008000ab8                __aeabi_cdrcmple
                0x0000000008000ac8                __aeabi_cdcmple
                0x0000000008000ac8                __aeabi_cdcmpeq
                0x0000000008000ad8                __aeabi_dcmpeq
                0x0000000008000aec                __aeabi_dcmplt
                0x0000000008000b00                __aeabi_dcmple
                0x0000000008000b14                __aeabi_dcmpge
                0x0000000008000b28                __aeabi_dcmpgt
 .text          0x0000000008000b3c       0x2c /opt/st/stm32cubeide_1.7.0/plugins/com.st.stm32cube.ide.mcu.externaltools.gnu-tools-for-stm32.9-2020-q2-update.linux64_2.0.0.202105311346/tools/bin/../lib/gcc/arm-none-eabi/9.3.1/thumb/v7e-m+fp/hard/libgcc.a(_arm_unorddf2.o)
                0x0000000008000b3c                __aeabi_dcmpun
                0x0000000008000b3c                __unorddf2
 .text          0x0000000008000b68       0x40 /opt/st/stm32cubeide_1.7.0/plugins/com.st.stm32cube.ide.mcu.externaltools.gnu-tools-for-stm32.9-2020-q2-update.linux64_2.0.0.202105311346/tools/bin/../lib/gcc/arm-none-eabi/9.3.1/thumb/v7e-m+fp/hard/libgcc.a(_arm_fixunsdfsi.o)
                0x0000000008000b68                __fixunsdfsi
                0x0000000008000b68                __aeabi_d2uiz
 .text          0x0000000008000ba8       0x30 /opt/st/stm32cubeide_1.7.0/plugins/com.st.stm32cube.ide.mcu.externaltools.gnu-tools-for-stm32.9-2020-q2-update.linux64_2.0.0.202105311346/tools/bin/../lib/gcc/arm-none-eabi/9.3.1/thumb/v7e-m+fp/hard/libgcc.a(_aeabi_uldivmod.o)
                0x0000000008000ba8                __aeabi_uldivmod
 .text          0x0000000008000bd8      0x2c4 /opt/st/stm32cubeide_1.7.0/plugins/com.st.stm32cube.ide.mcu.externaltools.gnu-tools-for-stm32.9-2020-q2-update.linux64_2.0.0.202105311346/tools/bin/../lib/gcc/arm-none-eabi/9.3.1/thumb/v7e-m+fp/hard/libgcc.a(_udivmoddi4.o)
                0x0000000008000bd8                __udivmoddi4
 .text          0x0000000008000e9c        0x4 /opt/st/stm32cubeide_1.7.0/plugins/com.st.stm32cube.ide.mcu.externaltools.gnu-tools-for-stm32.9-2020-q2-update.linux64_2.0.0.202105311346/tools/bin/../lib/gcc/arm-none-eabi/9.3.1/thumb/v7e-m+fp/hard/libgcc.a(_dvmd_tls.o)
                0x0000000008000e9c                __aeabi_ldiv0
                0x0000000008000e9c                __aeabi_idiv0
 *(.text*)
 .text.MX_CRC_Init
                0x0000000008000ea0       0x28 ./Core/Src/crc.o
                0x0000000008000ea0                MX_CRC_Init
 .text.HAL_CRC_MspInit
                0x0000000008000ec8       0x44 ./Core/Src/crc.o
                0x0000000008000ec8                HAL_CRC_MspInit
 .text.MX_DMA2D_Init
                0x0000000008000f0c       0x64 ./Core/Src/dma2d.o
                0x0000000008000f0c                MX_DMA2D_Init
 .text.HAL_DMA2D_MspInit
                0x0000000008000f70       0x50 ./Core/Src/dma2d.o
                0x0000000008000f70                HAL_DMA2D_MspInit
 .text.MX_FMC_Init
                0x0000000008000fc0       0xa0 ./Core/Src/fmc.o
                0x0000000008000fc0                MX_FMC_Init
 .text.HAL_FMC_MspInit
                0x0000000008001060      0x124 ./Core/Src/fmc.o
 .text.HAL_SDRAM_MspInit
                0x0000000008001184       0x14 ./Core/Src/fmc.o
                0x0000000008001184                HAL_SDRAM_MspInit
 .text.MX_GPIO_Init
                0x0000000008001198      0x274 ./Core/Src/gpio.o
                0x0000000008001198                MX_GPIO_Init
 .text.HAL_GPIO_EXTI_Callback
                0x000000000800140c       0x48 ./Core/Src/gpio.o
                0x000000000800140c                HAL_GPIO_EXTI_Callback
 .text.MX_I2C3_Init
                0x0000000008001454       0x80 ./Core/Src/i2c.o
                0x0000000008001454                MX_I2C3_Init
 .text.HAL_I2C_MspInit
                0x00000000080014d4       0xd4 ./Core/Src/i2c.o
                0x00000000080014d4                HAL_I2C_MspInit
 .text.MX_LTDC_Init
                0x00000000080015a8      0x100 ./Core/Src/ltdc.o
                0x00000000080015a8                MX_LTDC_Init
 .text.HAL_LTDC_MspInit
                0x00000000080016a8      0x260 ./Core/Src/ltdc.o
                0x00000000080016a8                HAL_LTDC_MspInit
 .text.main     0x0000000008001908      0x344 ./Core/Src/main.o
                0x0000000008001908                main
 .text.SystemClock_Config
                0x0000000008001c4c       0xd4 ./Core/Src/main.o
                0x0000000008001c4c                SystemClock_Config
 .text.buff_is_ready
                0x0000000008001d20       0x2c ./Core/Src/main.o
                0x0000000008001d20                buff_is_ready
 .text.HAL_TIM_PeriodElapsedCallback
                0x0000000008001d4c       0x58 ./Core/Src/main.o
                0x0000000008001d4c                HAL_TIM_PeriodElapsedCallback
 .text.Error_Handler
                0x0000000008001da4        0xa ./Core/Src/main.o
                0x0000000008001da4                Error_Handler
 .text.isQ_Full
                0x0000000008001dae       0x42 ./Core/Src/queue.o
                0x0000000008001dae                isQ_Full
 .text.isQ_Empty
                0x0000000008001df0       0x26 ./Core/Src/queue.o
                0x0000000008001df0                isQ_Empty
 .text.reset_Queue
                0x0000000008001e16       0x24 ./Core/Src/queue.o
                0x0000000008001e16                reset_Queue
 .text.enQueue  0x0000000008001e3a       0x5a ./Core/Src/queue.o
                0x0000000008001e3a                enQueue
 .text.deQueue  0x0000000008001e94       0x62 ./Core/Src/queue.o
                0x0000000008001e94                deQueue
 *fill*         0x0000000008001ef6        0x2 
 .text.RetargetInit
                0x0000000008001ef8       0x30 ./Core/Src/retarget.o
                0x0000000008001ef8                RetargetInit
 .text._isatty  0x0000000008001f28       0x2c ./Core/Src/retarget.o
                0x0000000008001f28                _isatty
 .text._write   0x0000000008001f54       0x58 ./Core/Src/retarget.o
                0x0000000008001f54                _write
 .text._close   0x0000000008001fac       0x2e ./Core/Src/retarget.o
                0x0000000008001fac                _close
 .text._lseek   0x0000000008001fda       0x22 ./Core/Src/retarget.o
                0x0000000008001fda                _lseek
 .text._read    0x0000000008001ffc       0x50 ./Core/Src/retarget.o
                0x0000000008001ffc                _read
 .text._fstat   0x000000000800204c       0x36 ./Core/Src/retarget.o
                0x000000000800204c                _fstat
 *fill*         0x0000000008002082        0x2 
 .text.MX_SPI5_Init
                0x0000000008002084       0x6c ./Core/Src/spi.o
                0x0000000008002084                MX_SPI5_Init
 .text.HAL_SPI_MspInit
                0x00000000080020f0       0x90 ./Core/Src/spi.o
                0x00000000080020f0                HAL_SPI_MspInit
 .text.step_Counter
                0x0000000008002180       0x88 ./Core/Src/stepper.o
                0x0000000008002180                step_Counter
 .text.mtr_Output
                0x0000000008002208       0x50 ./Core/Src/stepper.o
                0x0000000008002208                mtr_Output
 .text.runStepper
                0x0000000008002258      0x1cc ./Core/Src/stepper.o
                0x0000000008002258                runStepper
 .text.updateStepper
                0x0000000008002424      0x140 ./Core/Src/stepper.o
                0x0000000008002424                updateStepper
 .text.f_updateDelay
                0x0000000008002564       0x68 ./Core/Src/stepper.o
                0x0000000008002564                f_updateDelay
 .text.HAL_MspInit
                0x00000000080025cc       0x50 ./Core/Src/stm32f4xx_hal_msp.o
                0x00000000080025cc                HAL_MspInit
 .text.HAL_InitTick
                0x000000000800261c       0xb4 ./Core/Src/stm32f4xx_hal_timebase_tim.o
                0x000000000800261c                HAL_InitTick
 .text.NMI_Handler
                0x00000000080026d0        0x6 ./Core/Src/stm32f4xx_it.o
                0x00000000080026d0                NMI_Handler
 .text.HardFault_Handler
                0x00000000080026d6        0x6 ./Core/Src/stm32f4xx_it.o
                0x00000000080026d6                HardFault_Handler
 .text.MemManage_Handler
                0x00000000080026dc        0x6 ./Core/Src/stm32f4xx_it.o
                0x00000000080026dc                MemManage_Handler
 .text.BusFault_Handler
                0x00000000080026e2        0x6 ./Core/Src/stm32f4xx_it.o
                0x00000000080026e2                BusFault_Handler
 .text.UsageFault_Handler
                0x00000000080026e8        0x6 ./Core/Src/stm32f4xx_it.o
                0x00000000080026e8                UsageFault_Handler
 .text.SVC_Handler
                0x00000000080026ee        0xe ./Core/Src/stm32f4xx_it.o
                0x00000000080026ee                SVC_Handler
 .text.DebugMon_Handler
                0x00000000080026fc        0xe ./Core/Src/stm32f4xx_it.o
                0x00000000080026fc                DebugMon_Handler
 .text.PendSV_Handler
                0x000000000800270a        0xe ./Core/Src/stm32f4xx_it.o
                0x000000000800270a                PendSV_Handler
 .text.SysTick_Handler
                0x0000000008002718        0xe ./Core/Src/stm32f4xx_it.o
                0x0000000008002718                SysTick_Handler
 .text.EXTI0_IRQHandler
                0x0000000008002726        0xe ./Core/Src/stm32f4xx_it.o
                0x0000000008002726                EXTI0_IRQHandler
 .text.UART5_IRQHandler
                0x0000000008002734       0x14 ./Core/Src/stm32f4xx_it.o
                0x0000000008002734                UART5_IRQHandler
 .text.TIM6_DAC_IRQHandler
                0x0000000008002748       0x14 ./Core/Src/stm32f4xx_it.o
                0x0000000008002748                TIM6_DAC_IRQHandler
 .text.TIM7_IRQHandler
                0x000000000800275c       0x14 ./Core/Src/stm32f4xx_it.o
                0x000000000800275c                TIM7_IRQHandler
 .text.OTG_HS_IRQHandler
                0x0000000008002770       0x14 ./Core/Src/stm32f4xx_it.o
                0x0000000008002770                OTG_HS_IRQHandler
 .text.LTDC_IRQHandler
                0x0000000008002784       0x14 ./Core/Src/stm32f4xx_it.o
                0x0000000008002784                LTDC_IRQHandler
 .text.DMA2D_IRQHandler
                0x0000000008002798       0x14 ./Core/Src/stm32f4xx_it.o
                0x0000000008002798                DMA2D_IRQHandler
 .text._sbrk    0x00000000080027ac       0x6c ./Core/Src/sysmem.o
                0x00000000080027ac                _sbrk
 .text.SystemInit
                0x0000000008002818       0x24 ./Core/Src/system_stm32f4xx.o
                0x0000000008002818                SystemInit
 .text.MX_TIM1_Init
                0x000000000800283c       0xa0 ./Core/Src/tim.o
                0x000000000800283c                MX_TIM1_Init
 .text.MX_TIM7_Init
                0x00000000080028dc       0x68 ./Core/Src/tim.o
                0x00000000080028dc                MX_TIM7_Init
 .text.HAL_TIM_Base_MspInit
                0x0000000008002944       0x7c ./Core/Src/tim.o
                0x0000000008002944                HAL_TIM_Base_MspInit
 .text.MX_UART5_Init
                0x00000000080029c0       0x54 ./Core/Src/usart.o
                0x00000000080029c0                MX_UART5_Init
 .text.MX_USART1_UART_Init
                0x0000000008002a14       0x54 ./Core/Src/usart.o
                0x0000000008002a14                MX_USART1_UART_Init
 .text.HAL_UART_MspInit
                0x0000000008002a68      0x150 ./Core/Src/usart.o
                0x0000000008002a68                HAL_UART_MspInit
 .text.HAL_UART_TxCpltCallback
                0x0000000008002bb8       0x14 ./Core/Src/usart.o
                0x0000000008002bb8                HAL_UART_TxCpltCallback
 .text.HAL_UART_RxCpltCallback
                0x0000000008002bcc       0x34 ./Core/Src/usart.o
                0x0000000008002bcc                HAL_UART_RxCpltCallback
 .text.MX_USB_OTG_HS_HCD_Init
                0x0000000008002c00       0x58 ./Core/Src/usb_otg.o
                0x0000000008002c00                MX_USB_OTG_HS_HCD_Init
 .text.HAL_HCD_MspInit
                0x0000000008002c58       0xbc ./Core/Src/usb_otg.o
                0x0000000008002c58                HAL_HCD_MspInit
 .text.Reset_Handler
                0x0000000008002d14       0x50 ./Core/Startup/startup_stm32f429zitx.o
                0x0000000008002d14                Reset_Handler
 .text.Default_Handler
                0x0000000008002d64        0x2 ./Core/Startup/startup_stm32f429zitx.o
                0x0000000008002d64                RTC_Alarm_IRQHandler
                0x0000000008002d64                HASH_RNG_IRQHandler
                0x0000000008002d64                EXTI2_IRQHandler
                0x0000000008002d64                TIM8_CC_IRQHandler
                0x0000000008002d64                UART8_IRQHandler
                0x0000000008002d64                SPI4_IRQHandler
                0x0000000008002d64                TIM1_CC_IRQHandler
                0x0000000008002d64                DMA2_Stream5_IRQHandler
                0x0000000008002d64                DMA1_Stream5_IRQHandler
                0x0000000008002d64                PVD_IRQHandler
                0x0000000008002d64                SDIO_IRQHandler
                0x0000000008002d64                TAMP_STAMP_IRQHandler
                0x0000000008002d64                CAN2_RX1_IRQHandler
                0x0000000008002d64                EXTI3_IRQHandler
                0x0000000008002d64                TIM8_TRG_COM_TIM14_IRQHandler
                0x0000000008002d64                TIM1_UP_TIM10_IRQHandler
                0x0000000008002d64                TIM8_UP_TIM13_IRQHandler
                0x0000000008002d64                I2C3_ER_IRQHandler
                0x0000000008002d64                I2C2_EV_IRQHandler
                0x0000000008002d64                DMA1_Stream2_IRQHandler
                0x0000000008002d64                CAN1_RX0_IRQHandler
                0x0000000008002d64                FPU_IRQHandler
                0x0000000008002d64                OTG_HS_WKUP_IRQHandler
                0x0000000008002d64                LTDC_ER_IRQHandler
                0x0000000008002d64                CAN2_SCE_IRQHandler
                0x0000000008002d64                DMA2_Stream2_IRQHandler
                0x0000000008002d64                SPI1_IRQHandler
                0x0000000008002d64                TIM1_BRK_TIM9_IRQHandler
                0x0000000008002d64                DCMI_IRQHandler
                0x0000000008002d64                CAN2_RX0_IRQHandler
                0x0000000008002d64                DMA2_Stream3_IRQHandler
                0x0000000008002d64                USART6_IRQHandler
                0x0000000008002d64                USART3_IRQHandler
                0x0000000008002d64                CAN1_RX1_IRQHandler
                0x0000000008002d64                DMA2_Stream0_IRQHandler
                0x0000000008002d64                TIM4_IRQHandler
                0x0000000008002d64                I2C1_EV_IRQHandler
                0x0000000008002d64                DMA1_Stream6_IRQHandler
                0x0000000008002d64                DMA1_Stream1_IRQHandler
                0x0000000008002d64                UART4_IRQHandler
                0x0000000008002d64                TIM3_IRQHandler
                0x0000000008002d64                RCC_IRQHandler
                0x0000000008002d64                TIM8_BRK_TIM12_IRQHandler
                0x0000000008002d64                Default_Handler
                0x0000000008002d64                EXTI15_10_IRQHandler
                0x0000000008002d64                ADC_IRQHandler
                0x0000000008002d64                DMA1_Stream7_IRQHandler
                0x0000000008002d64                SPI5_IRQHandler
                0x0000000008002d64                CAN2_TX_IRQHandler
                0x0000000008002d64                TIM5_IRQHandler
                0x0000000008002d64                DMA2_Stream7_IRQHandler
                0x0000000008002d64                I2C3_EV_IRQHandler
                0x0000000008002d64                EXTI9_5_IRQHandler
                0x0000000008002d64                RTC_WKUP_IRQHandler
                0x0000000008002d64                ETH_WKUP_IRQHandler
                0x0000000008002d64                SPI2_IRQHandler
                0x0000000008002d64                OTG_HS_EP1_IN_IRQHandler
                0x0000000008002d64                DMA1_Stream0_IRQHandler
                0x0000000008002d64                CAN1_TX_IRQHandler
                0x0000000008002d64                EXTI4_IRQHandler
                0x0000000008002d64                ETH_IRQHandler
                0x0000000008002d64                OTG_HS_EP1_OUT_IRQHandler
                0x0000000008002d64                WWDG_IRQHandler
                0x0000000008002d64                SPI6_IRQHandler
                0x0000000008002d64                TIM2_IRQHandler
                0x0000000008002d64                OTG_FS_WKUP_IRQHandler
                0x0000000008002d64                TIM1_TRG_COM_TIM11_IRQHandler
                0x0000000008002d64                EXTI1_IRQHandler
                0x0000000008002d64                UART7_IRQHandler
                0x0000000008002d64                USART2_IRQHandler
                0x0000000008002d64                I2C2_ER_IRQHandler
                0x0000000008002d64                DMA2_Stream1_IRQHandler
                0x0000000008002d64                CAN1_SCE_IRQHandler
                0x0000000008002d64                FLASH_IRQHandler
                0x0000000008002d64                DMA2_Stream4_IRQHandler
                0x0000000008002d64                USART1_IRQHandler
                0x0000000008002d64                OTG_FS_IRQHandler
                0x0000000008002d64                SPI3_IRQHandler
                0x0000000008002d64                DMA1_Stream4_IRQHandler
                0x0000000008002d64                I2C1_ER_IRQHandler
                0x0000000008002d64                FMC_IRQHandler
                0x0000000008002d64                DMA2_Stream6_IRQHandler
                0x0000000008002d64                SAI1_IRQHandler
                0x0000000008002d64                DMA1_Stream3_IRQHandler
 *fill*         0x0000000008002d66        0x2 
 .text.HAL_Init
                0x0000000008002d68       0x44 ./Drivers/STM32F4xx_HAL_Driver/Src/stm32f4xx_hal.o
                0x0000000008002d68                HAL_Init
 .text.HAL_IncTick
                0x0000000008002dac       0x28 ./Drivers/STM32F4xx_HAL_Driver/Src/stm32f4xx_hal.o
                0x0000000008002dac                HAL_IncTick
 .text.HAL_GetTick
                0x0000000008002dd4       0x18 ./Drivers/STM32F4xx_HAL_Driver/Src/stm32f4xx_hal.o
                0x0000000008002dd4                HAL_GetTick
 .text.HAL_Delay
                0x0000000008002dec       0x48 ./Drivers/STM32F4xx_HAL_Driver/Src/stm32f4xx_hal.o
                0x0000000008002dec                HAL_Delay
 .text.__NVIC_SetPriorityGrouping
                0x0000000008002e34       0x48 ./Drivers/STM32F4xx_HAL_Driver/Src/stm32f4xx_hal_cortex.o
 .text.__NVIC_GetPriorityGrouping
                0x0000000008002e7c       0x1c ./Drivers/STM32F4xx_HAL_Driver/Src/stm32f4xx_hal_cortex.o
 .text.__NVIC_EnableIRQ
                0x0000000008002e98       0x3c ./Drivers/STM32F4xx_HAL_Driver/Src/stm32f4xx_hal_cortex.o
 .text.__NVIC_SetPriority
                0x0000000008002ed4       0x54 ./Drivers/STM32F4xx_HAL_Driver/Src/stm32f4xx_hal_cortex.o
 .text.NVIC_EncodePriority
                0x0000000008002f28       0x66 ./Drivers/STM32F4xx_HAL_Driver/Src/stm32f4xx_hal_cortex.o
 .text.HAL_NVIC_SetPriorityGrouping
                0x0000000008002f8e       0x16 ./Drivers/STM32F4xx_HAL_Driver/Src/stm32f4xx_hal_cortex.o
                0x0000000008002f8e                HAL_NVIC_SetPriorityGrouping
 .text.HAL_NVIC_SetPriority
                0x0000000008002fa4       0x38 ./Drivers/STM32F4xx_HAL_Driver/Src/stm32f4xx_hal_cortex.o
                0x0000000008002fa4                HAL_NVIC_SetPriority
 .text.HAL_NVIC_EnableIRQ
                0x0000000008002fdc       0x1c ./Drivers/STM32F4xx_HAL_Driver/Src/stm32f4xx_hal_cortex.o
                0x0000000008002fdc                HAL_NVIC_EnableIRQ
 .text.HAL_CRC_Init
                0x0000000008002ff8       0x38 ./Drivers/STM32F4xx_HAL_Driver/Src/stm32f4xx_hal_crc.o
                0x0000000008002ff8                HAL_CRC_Init
 .text.HAL_DMA_Abort
                0x0000000008003030       0xe0 ./Drivers/STM32F4xx_HAL_Driver/Src/stm32f4xx_hal_dma.o
                0x0000000008003030                HAL_DMA_Abort
 .text.HAL_DMA_Abort_IT
                0x0000000008003110       0x44 ./Drivers/STM32F4xx_HAL_Driver/Src/stm32f4xx_hal_dma.o
                0x0000000008003110                HAL_DMA_Abort_IT
 .text.HAL_DMA2D_Init
                0x0000000008003154       0x92 ./Drivers/STM32F4xx_HAL_Driver/Src/stm32f4xx_hal_dma2d.o
                0x0000000008003154                HAL_DMA2D_Init
 .text.HAL_DMA2D_IRQHandler
                0x00000000080031e6      0x1f8 ./Drivers/STM32F4xx_HAL_Driver/Src/stm32f4xx_hal_dma2d.o
                0x00000000080031e6                HAL_DMA2D_IRQHandler
 .text.HAL_DMA2D_LineEventCallback
                0x00000000080033de       0x14 ./Drivers/STM32F4xx_HAL_Driver/Src/stm32f4xx_hal_dma2d.o
                0x00000000080033de                HAL_DMA2D_LineEventCallback
 .text.HAL_DMA2D_CLUTLoadingCpltCallback
                0x00000000080033f2       0x14 ./Drivers/STM32F4xx_HAL_Driver/Src/stm32f4xx_hal_dma2d.o
                0x00000000080033f2                HAL_DMA2D_CLUTLoadingCpltCallback
 *fill*         0x0000000008003406        0x2 
 .text.HAL_DMA2D_ConfigLayer
                0x0000000008003408      0x124 ./Drivers/STM32F4xx_HAL_Driver/Src/stm32f4xx_hal_dma2d.o
                0x0000000008003408                HAL_DMA2D_ConfigLayer
 .text.HAL_GPIO_Init
                0x000000000800352c      0x358 ./Drivers/STM32F4xx_HAL_Driver/Src/stm32f4xx_hal_gpio.o
                0x000000000800352c                HAL_GPIO_Init
 .text.HAL_GPIO_WritePin
                0x0000000008003884       0x32 ./Drivers/STM32F4xx_HAL_Driver/Src/stm32f4xx_hal_gpio.o
                0x0000000008003884                HAL_GPIO_WritePin
 .text.HAL_GPIO_TogglePin
                0x00000000080038b6       0x34 ./Drivers/STM32F4xx_HAL_Driver/Src/stm32f4xx_hal_gpio.o
                0x00000000080038b6                HAL_GPIO_TogglePin
 *fill*         0x00000000080038ea        0x2 
 .text.HAL_GPIO_EXTI_IRQHandler
                0x00000000080038ec       0x30 ./Drivers/STM32F4xx_HAL_Driver/Src/stm32f4xx_hal_gpio.o
                0x00000000080038ec                HAL_GPIO_EXTI_IRQHandler
 .text.HAL_HCD_Init
                0x000000000800391c       0xc4 ./Drivers/STM32F4xx_HAL_Driver/Src/stm32f4xx_hal_hcd.o
                0x000000000800391c                HAL_HCD_Init
 .text.HAL_HCD_IRQHandler
                0x00000000080039e0      0x208 ./Drivers/STM32F4xx_HAL_Driver/Src/stm32f4xx_hal_hcd.o
                0x00000000080039e0                HAL_HCD_IRQHandler
 .text.HAL_HCD_SOF_Callback
                0x0000000008003be8       0x14 ./Drivers/STM32F4xx_HAL_Driver/Src/stm32f4xx_hal_hcd.o
                0x0000000008003be8                HAL_HCD_SOF_Callback
 .text.HAL_HCD_Connect_Callback
                0x0000000008003bfc       0x14 ./Drivers/STM32F4xx_HAL_Driver/Src/stm32f4xx_hal_hcd.o
                0x0000000008003bfc                HAL_HCD_Connect_Callback
 .text.HAL_HCD_Disconnect_Callback
                0x0000000008003c10       0x14 ./Drivers/STM32F4xx_HAL_Driver/Src/stm32f4xx_hal_hcd.o
                0x0000000008003c10                HAL_HCD_Disconnect_Callback
 .text.HAL_HCD_PortEnabled_Callback
                0x0000000008003c24       0x14 ./Drivers/STM32F4xx_HAL_Driver/Src/stm32f4xx_hal_hcd.o
                0x0000000008003c24                HAL_HCD_PortEnabled_Callback
 .text.HAL_HCD_PortDisabled_Callback
                0x0000000008003c38       0x14 ./Drivers/STM32F4xx_HAL_Driver/Src/stm32f4xx_hal_hcd.o
                0x0000000008003c38                HAL_HCD_PortDisabled_Callback
 .text.HAL_HCD_HC_NotifyURBChange_Callback
                0x0000000008003c4c       0x1c ./Drivers/STM32F4xx_HAL_Driver/Src/stm32f4xx_hal_hcd.o
                0x0000000008003c4c                HAL_HCD_HC_NotifyURBChange_Callback
 .text.HCD_HC_IN_IRQHandler
                0x0000000008003c68      0x844 ./Drivers/STM32F4xx_HAL_Driver/Src/stm32f4xx_hal_hcd.o
 .text.HCD_HC_OUT_IRQHandler
                0x00000000080044ac      0x7fa ./Drivers/STM32F4xx_HAL_Driver/Src/stm32f4xx_hal_hcd.o
 .text.HCD_RXQLVL_IRQHandler
                0x0000000008004ca6      0x1a4 ./Drivers/STM32F4xx_HAL_Driver/Src/stm32f4xx_hal_hcd.o
 .text.HCD_Port_IRQHandler
                0x0000000008004e4a       0xe6 ./Drivers/STM32F4xx_HAL_Driver/Src/stm32f4xx_hal_hcd.o
 .text.HAL_I2C_Init
                0x0000000008004f30      0x288 ./Drivers/STM32F4xx_HAL_Driver/Src/stm32f4xx_hal_i2c.o
                0x0000000008004f30                HAL_I2C_Init
 .text.HAL_I2CEx_ConfigAnalogFilter
                0x00000000080051b8       0x78 ./Drivers/STM32F4xx_HAL_Driver/Src/stm32f4xx_hal_i2c_ex.o
                0x00000000080051b8                HAL_I2CEx_ConfigAnalogFilter
 .text.HAL_I2CEx_ConfigDigitalFilter
                0x0000000008005230       0x7e ./Drivers/STM32F4xx_HAL_Driver/Src/stm32f4xx_hal_i2c_ex.o
                0x0000000008005230                HAL_I2CEx_ConfigDigitalFilter
 *fill*         0x00000000080052ae        0x2 
 .text.HAL_LTDC_Init
                0x00000000080052b0      0x1a0 ./Drivers/STM32F4xx_HAL_Driver/Src/stm32f4xx_hal_ltdc.o
                0x00000000080052b0                HAL_LTDC_Init
 .text.HAL_LTDC_IRQHandler
                0x0000000008005450      0x148 ./Drivers/STM32F4xx_HAL_Driver/Src/stm32f4xx_hal_ltdc.o
                0x0000000008005450                HAL_LTDC_IRQHandler
 .text.HAL_LTDC_ErrorCallback
                0x0000000008005598       0x14 ./Drivers/STM32F4xx_HAL_Driver/Src/stm32f4xx_hal_ltdc.o
                0x0000000008005598                HAL_LTDC_ErrorCallback
 .text.HAL_LTDC_LineEventCallback
                0x00000000080055ac       0x14 ./Drivers/STM32F4xx_HAL_Driver/Src/stm32f4xx_hal_ltdc.o
                0x00000000080055ac                HAL_LTDC_LineEventCallback
 .text.HAL_LTDC_ReloadEventCallback
                0x00000000080055c0       0x14 ./Drivers/STM32F4xx_HAL_Driver/Src/stm32f4xx_hal_ltdc.o
                0x00000000080055c0                HAL_LTDC_ReloadEventCallback
 .text.HAL_LTDC_ConfigLayer
                0x00000000080055d4       0x7c ./Drivers/STM32F4xx_HAL_Driver/Src/stm32f4xx_hal_ltdc.o
                0x00000000080055d4                HAL_LTDC_ConfigLayer
 .text.LTDC_SetConfig
                0x0000000008005650      0x32e ./Drivers/STM32F4xx_HAL_Driver/Src/stm32f4xx_hal_ltdc.o
 *fill*         0x000000000800597e        0x2 
 .text.HAL_RCC_OscConfig
                0x0000000008005980      0x4f0 ./Drivers/STM32F4xx_HAL_Driver/Src/stm32f4xx_hal_rcc.o
                0x0000000008005980                HAL_RCC_OscConfig
 .text.HAL_RCC_ClockConfig
                0x0000000008005e70      0x1cc ./Drivers/STM32F4xx_HAL_Driver/Src/stm32f4xx_hal_rcc.o
                0x0000000008005e70                HAL_RCC_ClockConfig
 .text.HAL_RCC_GetSysClockFreq
                0x000000000800603c      0x1c4 ./Drivers/STM32F4xx_HAL_Driver/Src/stm32f4xx_hal_rcc.o
                0x000000000800603c                HAL_RCC_GetSysClockFreq
 .text.HAL_RCC_GetHCLKFreq
                0x0000000008006200       0x18 ./Drivers/STM32F4xx_HAL_Driver/Src/stm32f4xx_hal_rcc.o
                0x0000000008006200                HAL_RCC_GetHCLKFreq
 .text.HAL_RCC_GetPCLK1Freq
                0x0000000008006218       0x28 ./Drivers/STM32F4xx_HAL_Driver/Src/stm32f4xx_hal_rcc.o
                0x0000000008006218                HAL_RCC_GetPCLK1Freq
 .text.HAL_RCC_GetPCLK2Freq
                0x0000000008006240       0x28 ./Drivers/STM32F4xx_HAL_Driver/Src/stm32f4xx_hal_rcc.o
                0x0000000008006240                HAL_RCC_GetPCLK2Freq
 .text.HAL_RCC_GetClockConfig
                0x0000000008006268       0x64 ./Drivers/STM32F4xx_HAL_Driver/Src/stm32f4xx_hal_rcc.o
                0x0000000008006268                HAL_RCC_GetClockConfig
 .text.HAL_RCCEx_PeriphCLKConfig
                0x00000000080062cc      0x37c ./Drivers/STM32F4xx_HAL_Driver/Src/stm32f4xx_hal_rcc_ex.o
                0x00000000080062cc                HAL_RCCEx_PeriphCLKConfig
 .text.HAL_SDRAM_Init
                0x0000000008006648       0x68 ./Drivers/STM32F4xx_HAL_Driver/Src/stm32f4xx_hal_sdram.o
                0x0000000008006648                HAL_SDRAM_Init
 .text.HAL_SPI_Init
                0x00000000080066b0      0x112 ./Drivers/STM32F4xx_HAL_Driver/Src/stm32f4xx_hal_spi.o
                0x00000000080066b0                HAL_SPI_Init
 .text.HAL_TIM_Base_Init
                0x00000000080067c2       0x9e ./Drivers/STM32F4xx_HAL_Driver/Src/stm32f4xx_hal_tim.o
                0x00000000080067c2                HAL_TIM_Base_Init
 .text.HAL_TIM_Base_Start_IT
                0x0000000008006860       0xe0 ./Drivers/STM32F4xx_HAL_Driver/Src/stm32f4xx_hal_tim.o
                0x0000000008006860                HAL_TIM_Base_Start_IT
 .text.HAL_TIM_Base_Stop_IT
                0x0000000008006940       0x5e ./Drivers/STM32F4xx_HAL_Driver/Src/stm32f4xx_hal_tim.o
                0x0000000008006940                HAL_TIM_Base_Stop_IT
 .text.HAL_TIM_IRQHandler
                0x000000000800699e      0x210 ./Drivers/STM32F4xx_HAL_Driver/Src/stm32f4xx_hal_tim.o
                0x000000000800699e                HAL_TIM_IRQHandler
 .text.HAL_TIM_ConfigClockSource
                0x0000000008006bae      0x188 ./Drivers/STM32F4xx_HAL_Driver/Src/stm32f4xx_hal_tim.o
                0x0000000008006bae                HAL_TIM_ConfigClockSource
 .text.HAL_TIM_OC_DelayElapsedCallback
                0x0000000008006d36       0x14 ./Drivers/STM32F4xx_HAL_Driver/Src/stm32f4xx_hal_tim.o
                0x0000000008006d36                HAL_TIM_OC_DelayElapsedCallback
 .text.HAL_TIM_IC_CaptureCallback
                0x0000000008006d4a       0x14 ./Drivers/STM32F4xx_HAL_Driver/Src/stm32f4xx_hal_tim.o
                0x0000000008006d4a                HAL_TIM_IC_CaptureCallback
 .text.HAL_TIM_PWM_PulseFinishedCallback
                0x0000000008006d5e       0x14 ./Drivers/STM32F4xx_HAL_Driver/Src/stm32f4xx_hal_tim.o
                0x0000000008006d5e                HAL_TIM_PWM_PulseFinishedCallback
 .text.HAL_TIM_TriggerCallback
                0x0000000008006d72       0x14 ./Drivers/STM32F4xx_HAL_Driver/Src/stm32f4xx_hal_tim.o
                0x0000000008006d72                HAL_TIM_TriggerCallback
 *fill*         0x0000000008006d86        0x2 
 .text.TIM_Base_SetConfig
                0x0000000008006d88      0x140 ./Drivers/STM32F4xx_HAL_Driver/Src/stm32f4xx_hal_tim.o
                0x0000000008006d88                TIM_Base_SetConfig
 .text.TIM_TI1_ConfigInputStage
                0x0000000008006ec8       0x5e ./Drivers/STM32F4xx_HAL_Driver/Src/stm32f4xx_hal_tim.o
 .text.TIM_TI2_ConfigInputStage
                0x0000000008006f26       0x60 ./Drivers/STM32F4xx_HAL_Driver/Src/stm32f4xx_hal_tim.o
 .text.TIM_ITRx_SetConfig
                0x0000000008006f86       0x36 ./Drivers/STM32F4xx_HAL_Driver/Src/stm32f4xx_hal_tim.o
 .text.TIM_ETR_SetConfig
                0x0000000008006fbc       0x40 ./Drivers/STM32F4xx_HAL_Driver/Src/stm32f4xx_hal_tim.o
                0x0000000008006fbc                TIM_ETR_SetConfig
 .text.HAL_TIMEx_MasterConfigSynchronization
                0x0000000008006ffc       0xf8 ./Drivers/STM32F4xx_HAL_Driver/Src/stm32f4xx_hal_tim_ex.o
                0x0000000008006ffc                HAL_TIMEx_MasterConfigSynchronization
 .text.HAL_TIMEx_CommutCallback
                0x00000000080070f4       0x14 ./Drivers/STM32F4xx_HAL_Driver/Src/stm32f4xx_hal_tim_ex.o
                0x00000000080070f4                HAL_TIMEx_CommutCallback
 .text.HAL_TIMEx_BreakCallback
                0x0000000008007108       0x14 ./Drivers/STM32F4xx_HAL_Driver/Src/stm32f4xx_hal_tim_ex.o
                0x0000000008007108                HAL_TIMEx_BreakCallback
 .text.HAL_UART_Init
                0x000000000800711c       0x9a ./Drivers/STM32F4xx_HAL_Driver/Src/stm32f4xx_hal_uart.o
                0x000000000800711c                HAL_UART_Init
 .text.HAL_UART_Transmit
                0x00000000080071b6      0x124 ./Drivers/STM32F4xx_HAL_Driver/Src/stm32f4xx_hal_uart.o
                0x00000000080071b6                HAL_UART_Transmit
 .text.HAL_UART_Receive
                0x00000000080072da      0x144 ./Drivers/STM32F4xx_HAL_Driver/Src/stm32f4xx_hal_uart.o
                0x00000000080072da                HAL_UART_Receive
 .text.HAL_UART_Receive_IT
                0x000000000800741e       0x60 ./Drivers/STM32F4xx_HAL_Driver/Src/stm32f4xx_hal_uart.o
                0x000000000800741e                HAL_UART_Receive_IT
 *fill*         0x000000000800747e        0x2 
 .text.HAL_UART_IRQHandler
                0x0000000008007480      0x358 ./Drivers/STM32F4xx_HAL_Driver/Src/stm32f4xx_hal_uart.o
                0x0000000008007480                HAL_UART_IRQHandler
 .text.HAL_UART_ErrorCallback
                0x00000000080077d8       0x14 ./Drivers/STM32F4xx_HAL_Driver/Src/stm32f4xx_hal_uart.o
                0x00000000080077d8                HAL_UART_ErrorCallback
 .text.HAL_UARTEx_RxEventCallback
                0x00000000080077ec       0x18 ./Drivers/STM32F4xx_HAL_Driver/Src/stm32f4xx_hal_uart.o
                0x00000000080077ec                HAL_UARTEx_RxEventCallback
 .text.UART_WaitOnFlagUntilTimeout
                0x0000000008007804       0x94 ./Drivers/STM32F4xx_HAL_Driver/Src/stm32f4xx_hal_uart.o
 .text.UART_Start_Receive_IT
                0x0000000008007898       0x74 ./Drivers/STM32F4xx_HAL_Driver/Src/stm32f4xx_hal_uart.o
                0x0000000008007898                UART_Start_Receive_IT
 .text.UART_EndRxTransfer
                0x000000000800790c       0x5a ./Drivers/STM32F4xx_HAL_Driver/Src/stm32f4xx_hal_uart.o
 .text.UART_DMAAbortOnError
                0x0000000008007966       0x28 ./Drivers/STM32F4xx_HAL_Driver/Src/stm32f4xx_hal_uart.o
 .text.UART_Transmit_IT
                0x000000000800798e       0xa0 ./Drivers/STM32F4xx_HAL_Driver/Src/stm32f4xx_hal_uart.o
 .text.UART_EndTransmit_IT
                0x0000000008007a2e       0x30 ./Drivers/STM32F4xx_HAL_Driver/Src/stm32f4xx_hal_uart.o
 .text.UART_Receive_IT
                0x0000000008007a5e      0x12e ./Drivers/STM32F4xx_HAL_Driver/Src/stm32f4xx_hal_uart.o
 .text.UART_SetConfig
                0x0000000008007b8c      0x390 ./Drivers/STM32F4xx_HAL_Driver/Src/stm32f4xx_hal_uart.o
 .text.FMC_SDRAM_Init
                0x0000000008007f1c       0xe6 ./Drivers/STM32F4xx_HAL_Driver/Src/stm32f4xx_ll_fmc.o
                0x0000000008007f1c                FMC_SDRAM_Init
 .text.FMC_SDRAM_Timing_Init
                0x0000000008008002       0xfe ./Drivers/STM32F4xx_HAL_Driver/Src/stm32f4xx_ll_fmc.o
                0x0000000008008002                FMC_SDRAM_Timing_Init
 .text.USB_CoreInit
                0x0000000008008100       0xc2 ./Drivers/STM32F4xx_HAL_Driver/Src/stm32f4xx_ll_usb.o
                0x0000000008008100                USB_CoreInit
 .text.USB_DisableGlobalInt
                0x00000000080081c2       0x22 ./Drivers/STM32F4xx_HAL_Driver/Src/stm32f4xx_ll_usb.o
                0x00000000080081c2                USB_DisableGlobalInt
 .text.USB_SetCurrentMode
                0x00000000080081e4       0x54 ./Drivers/STM32F4xx_HAL_Driver/Src/stm32f4xx_ll_usb.o
                0x00000000080081e4                USB_SetCurrentMode
 .text.USB_FlushTxFifo
                0x0000000008008238       0x4c ./Drivers/STM32F4xx_HAL_Driver/Src/stm32f4xx_ll_usb.o
                0x0000000008008238                USB_FlushTxFifo
 .text.USB_FlushRxFifo
                0x0000000008008284       0x44 ./Drivers/STM32F4xx_HAL_Driver/Src/stm32f4xx_ll_usb.o
                0x0000000008008284                USB_FlushRxFifo
 .text.USB_ReadPacket
                0x00000000080082c8       0x52 ./Drivers/STM32F4xx_HAL_Driver/Src/stm32f4xx_ll_usb.o
                0x00000000080082c8                USB_ReadPacket
 .text.USB_ReadInterrupts
                0x000000000800831a       0x26 ./Drivers/STM32F4xx_HAL_Driver/Src/stm32f4xx_ll_usb.o
                0x000000000800831a                USB_ReadInterrupts
 .text.USB_GetMode
                0x0000000008008340       0x1c ./Drivers/STM32F4xx_HAL_Driver/Src/stm32f4xx_ll_usb.o
                0x0000000008008340                USB_GetMode
 .text.USB_CoreReset
                0x000000000800835c       0x68 ./Drivers/STM32F4xx_HAL_Driver/Src/stm32f4xx_ll_usb.o
 .text.USB_HostInit
                0x00000000080083c4      0x178 ./Drivers/STM32F4xx_HAL_Driver/Src/stm32f4xx_ll_usb.o
                0x00000000080083c4                USB_HostInit
 .text.USB_InitFSLSPClkSel
                0x000000000800853c       0x74 ./Drivers/STM32F4xx_HAL_Driver/Src/stm32f4xx_ll_usb.o
                0x000000000800853c                USB_InitFSLSPClkSel
 .text.USB_DriveVbus
                0x00000000080085b0       0x72 ./Drivers/STM32F4xx_HAL_Driver/Src/stm32f4xx_ll_usb.o
                0x00000000080085b0                USB_DriveVbus
 .text.USB_HC_ReadInterrupt
                0x0000000008008622       0x22 ./Drivers/STM32F4xx_HAL_Driver/Src/stm32f4xx_ll_usb.o
                0x0000000008008622                USB_HC_ReadInterrupt
 .text.USB_HC_Halt
                0x0000000008008644      0x238 ./Drivers/STM32F4xx_HAL_Driver/Src/stm32f4xx_ll_usb.o
                0x0000000008008644                USB_HC_Halt
 .text.atoi     0x000000000800887c        0x8 /opt/st/stm32cubeide_1.7.0/plugins/com.st.stm32cube.ide.mcu.externaltools.gnu-tools-for-stm32.9-2020-q2-update.linux64_2.0.0.202105311346/tools/bin/../lib/gcc/arm-none-eabi/9.3.1/../../../../arm-none-eabi/lib/thumb/v7e-m+fp/hard/libc_nano.a(lib_a-atoi.o)
                0x000000000800887c                atoi
 .text.__errno  0x0000000008008884        0xc /opt/st/stm32cubeide_1.7.0/plugins/com.st.stm32cube.ide.mcu.externaltools.gnu-tools-for-stm32.9-2020-q2-update.linux64_2.0.0.202105311346/tools/bin/../lib/gcc/arm-none-eabi/9.3.1/../../../../arm-none-eabi/lib/thumb/v7e-m+fp/hard/libc_nano.a(lib_a-errno.o)
                0x0000000008008884                __errno
 .text.__libc_init_array
                0x0000000008008890       0x48 /opt/st/stm32cubeide_1.7.0/plugins/com.st.stm32cube.ide.mcu.externaltools.gnu-tools-for-stm32.9-2020-q2-update.linux64_2.0.0.202105311346/tools/bin/../lib/gcc/arm-none-eabi/9.3.1/../../../../arm-none-eabi/lib/thumb/v7e-m+fp/hard/libc_nano.a(lib_a-init.o)
                0x0000000008008890                __libc_init_array
 .text.memset   0x00000000080088d8       0x10 /opt/st/stm32cubeide_1.7.0/plugins/com.st.stm32cube.ide.mcu.externaltools.gnu-tools-for-stm32.9-2020-q2-update.linux64_2.0.0.202105311346/tools/bin/../lib/gcc/arm-none-eabi/9.3.1/../../../../arm-none-eabi/lib/thumb/v7e-m+fp/hard/libc_nano.a(lib_a-memset.o)
                0x00000000080088d8                memset
 .text.printf   0x00000000080088e8       0x30 /opt/st/stm32cubeide_1.7.0/plugins/com.st.stm32cube.ide.mcu.externaltools.gnu-tools-for-stm32.9-2020-q2-update.linux64_2.0.0.202105311346/tools/bin/../lib/gcc/arm-none-eabi/9.3.1/../../../../arm-none-eabi/lib/thumb/v7e-m+fp/hard/libc_nano.a(lib_a-printf.o)
                0x00000000080088e8                printf
                0x00000000080088e8                iprintf
 .text.setvbuf  0x0000000008008918      0x18c /opt/st/stm32cubeide_1.7.0/plugins/com.st.stm32cube.ide.mcu.externaltools.gnu-tools-for-stm32.9-2020-q2-update.linux64_2.0.0.202105311346/tools/bin/../lib/gcc/arm-none-eabi/9.3.1/../../../../arm-none-eabi/lib/thumb/v7e-m+fp/hard/libc_nano.a(lib_a-setvbuf.o)
                0x0000000008008918                setvbuf
 .text.strchr   0x0000000008008aa4       0x1a /opt/st/stm32cubeide_1.7.0/plugins/com.st.stm32cube.ide.mcu.externaltools.gnu-tools-for-stm32.9-2020-q2-update.linux64_2.0.0.202105311346/tools/bin/../lib/gcc/arm-none-eabi/9.3.1/../../../../arm-none-eabi/lib/thumb/v7e-m+fp/hard/libc_nano.a(lib_a-strchr.o)
                0x0000000008008aa4                strchr
 *fill*         0x0000000008008abe        0x2 
 .text._strtol_l.isra.0
                0x0000000008008ac0      0x108 /opt/st/stm32cubeide_1.7.0/plugins/com.st.stm32cube.ide.mcu.externaltools.gnu-tools-for-stm32.9-2020-q2-update.linux64_2.0.0.202105311346/tools/bin/../lib/gcc/arm-none-eabi/9.3.1/../../../../arm-none-eabi/lib/thumb/v7e-m+fp/hard/libc_nano.a(lib_a-strtol.o)
 .text.strtol   0x0000000008008bc8       0x14 /opt/st/stm32cubeide_1.7.0/plugins/com.st.stm32cube.ide.mcu.externaltools.gnu-tools-for-stm32.9-2020-q2-update.linux64_2.0.0.202105311346/tools/bin/../lib/gcc/arm-none-eabi/9.3.1/../../../../arm-none-eabi/lib/thumb/v7e-m+fp/hard/libc_nano.a(lib_a-strtol.o)
                0x0000000008008bc8                strtol
 .text.__sflush_r
                0x0000000008008bdc      0x10c /opt/st/stm32cubeide_1.7.0/plugins/com.st.stm32cube.ide.mcu.externaltools.gnu-tools-for-stm32.9-2020-q2-update.linux64_2.0.0.202105311346/tools/bin/../lib/gcc/arm-none-eabi/9.3.1/../../../../arm-none-eabi/lib/thumb/v7e-m+fp/hard/libc_nano.a(lib_a-fflush.o)
                0x0000000008008bdc                __sflush_r
 .text._fflush_r
                0x0000000008008ce8       0x78 /opt/st/stm32cubeide_1.7.0/plugins/com.st.stm32cube.ide.mcu.externaltools.gnu-tools-for-stm32.9-2020-q2-update.linux64_2.0.0.202105311346/tools/bin/../lib/gcc/arm-none-eabi/9.3.1/../../../../arm-none-eabi/lib/thumb/v7e-m+fp/hard/libc_nano.a(lib_a-fflush.o)
                0x0000000008008ce8                _fflush_r
 .text.std      0x0000000008008d60       0x48 /opt/st/stm32cubeide_1.7.0/plugins/com.st.stm32cube.ide.mcu.externaltools.gnu-tools-for-stm32.9-2020-q2-update.linux64_2.0.0.202105311346/tools/bin/../lib/gcc/arm-none-eabi/9.3.1/../../../../arm-none-eabi/lib/thumb/v7e-m+fp/hard/libc_nano.a(lib_a-findfp.o)
 .text._cleanup_r
                0x0000000008008da8        0xc /opt/st/stm32cubeide_1.7.0/plugins/com.st.stm32cube.ide.mcu.externaltools.gnu-tools-for-stm32.9-2020-q2-update.linux64_2.0.0.202105311346/tools/bin/../lib/gcc/arm-none-eabi/9.3.1/../../../../arm-none-eabi/lib/thumb/v7e-m+fp/hard/libc_nano.a(lib_a-findfp.o)
                0x0000000008008da8                _cleanup_r
 .text.__sfmoreglue
                0x0000000008008db4       0x2c /opt/st/stm32cubeide_1.7.0/plugins/com.st.stm32cube.ide.mcu.externaltools.gnu-tools-for-stm32.9-2020-q2-update.linux64_2.0.0.202105311346/tools/bin/../lib/gcc/arm-none-eabi/9.3.1/../../../../arm-none-eabi/lib/thumb/v7e-m+fp/hard/libc_nano.a(lib_a-findfp.o)
                0x0000000008008db4                __sfmoreglue
 .text.__sfp_lock_acquire
                0x0000000008008de0        0xc /opt/st/stm32cubeide_1.7.0/plugins/com.st.stm32cube.ide.mcu.externaltools.gnu-tools-for-stm32.9-2020-q2-update.linux64_2.0.0.202105311346/tools/bin/../lib/gcc/arm-none-eabi/9.3.1/../../../../arm-none-eabi/lib/thumb/v7e-m+fp/hard/libc_nano.a(lib_a-findfp.o)
                0x0000000008008de0                __sfp_lock_acquire
 .text.__sfp_lock_release
                0x0000000008008dec        0xc /opt/st/stm32cubeide_1.7.0/plugins/com.st.stm32cube.ide.mcu.externaltools.gnu-tools-for-stm32.9-2020-q2-update.linux64_2.0.0.202105311346/tools/bin/../lib/gcc/arm-none-eabi/9.3.1/../../../../arm-none-eabi/lib/thumb/v7e-m+fp/hard/libc_nano.a(lib_a-findfp.o)
                0x0000000008008dec                __sfp_lock_release
 .text.__sinit_lock_acquire
                0x0000000008008df8        0xc /opt/st/stm32cubeide_1.7.0/plugins/com.st.stm32cube.ide.mcu.externaltools.gnu-tools-for-stm32.9-2020-q2-update.linux64_2.0.0.202105311346/tools/bin/../lib/gcc/arm-none-eabi/9.3.1/../../../../arm-none-eabi/lib/thumb/v7e-m+fp/hard/libc_nano.a(lib_a-findfp.o)
                0x0000000008008df8                __sinit_lock_acquire
 .text.__sinit_lock_release
                0x0000000008008e04        0xc /opt/st/stm32cubeide_1.7.0/plugins/com.st.stm32cube.ide.mcu.externaltools.gnu-tools-for-stm32.9-2020-q2-update.linux64_2.0.0.202105311346/tools/bin/../lib/gcc/arm-none-eabi/9.3.1/../../../../arm-none-eabi/lib/thumb/v7e-m+fp/hard/libc_nano.a(lib_a-findfp.o)
                0x0000000008008e04                __sinit_lock_release
 .text.__sinit  0x0000000008008e10       0x70 /opt/st/stm32cubeide_1.7.0/plugins/com.st.stm32cube.ide.mcu.externaltools.gnu-tools-for-stm32.9-2020-q2-update.linux64_2.0.0.202105311346/tools/bin/../lib/gcc/arm-none-eabi/9.3.1/../../../../arm-none-eabi/lib/thumb/v7e-m+fp/hard/libc_nano.a(lib_a-findfp.o)
                0x0000000008008e10                __sinit
 .text.__sfp    0x0000000008008e80       0x8c /opt/st/stm32cubeide_1.7.0/plugins/com.st.stm32cube.ide.mcu.externaltools.gnu-tools-for-stm32.9-2020-q2-update.linux64_2.0.0.202105311346/tools/bin/../lib/gcc/arm-none-eabi/9.3.1/../../../../arm-none-eabi/lib/thumb/v7e-m+fp/hard/libc_nano.a(lib_a-findfp.o)
                0x0000000008008e80                __sfp
 .text._fwalk_reent
                0x0000000008008f0c       0x3e /opt/st/stm32cubeide_1.7.0/plugins/com.st.stm32cube.ide.mcu.externaltools.gnu-tools-for-stm32.9-2020-q2-update.linux64_2.0.0.202105311346/tools/bin/../lib/gcc/arm-none-eabi/9.3.1/../../../../arm-none-eabi/lib/thumb/v7e-m+fp/hard/libc_nano.a(lib_a-fwalk.o)
                0x0000000008008f0c                _fwalk_reent
 .text.__retarget_lock_init_recursive
                0x0000000008008f4a        0x2 /opt/st/stm32cubeide_1.7.0/plugins/com.st.stm32cube.ide.mcu.externaltools.gnu-tools-for-stm32.9-2020-q2-update.linux64_2.0.0.202105311346/tools/bin/../lib/gcc/arm-none-eabi/9.3.1/../../../../arm-none-eabi/lib/thumb/v7e-m+fp/hard/libc_nano.a(lib_a-lock.o)
                0x0000000008008f4a                __retarget_lock_init_recursive
 .text.__retarget_lock_acquire_recursive
                0x0000000008008f4c        0x2 /opt/st/stm32cubeide_1.7.0/plugins/com.st.stm32cube.ide.mcu.externaltools.gnu-tools-for-stm32.9-2020-q2-update.linux64_2.0.0.202105311346/tools/bin/../lib/gcc/arm-none-eabi/9.3.1/../../../../arm-none-eabi/lib/thumb/v7e-m+fp/hard/libc_nano.a(lib_a-lock.o)
                0x0000000008008f4c                __retarget_lock_acquire_recursive
 .text.__retarget_lock_release_recursive
                0x0000000008008f4e        0x2 /opt/st/stm32cubeide_1.7.0/plugins/com.st.stm32cube.ide.mcu.externaltools.gnu-tools-for-stm32.9-2020-q2-update.linux64_2.0.0.202105311346/tools/bin/../lib/gcc/arm-none-eabi/9.3.1/../../../../arm-none-eabi/lib/thumb/v7e-m+fp/hard/libc_nano.a(lib_a-lock.o)
                0x0000000008008f4e                __retarget_lock_release_recursive
 .text.__swhatbuf_r
                0x0000000008008f50       0x48 /opt/st/stm32cubeide_1.7.0/plugins/com.st.stm32cube.ide.mcu.externaltools.gnu-tools-for-stm32.9-2020-q2-update.linux64_2.0.0.202105311346/tools/bin/../lib/gcc/arm-none-eabi/9.3.1/../../../../arm-none-eabi/lib/thumb/v7e-m+fp/hard/libc_nano.a(lib_a-makebuf.o)
                0x0000000008008f50                __swhatbuf_r
 .text.__smakebuf_r
                0x0000000008008f98       0x80 /opt/st/stm32cubeide_1.7.0/plugins/com.st.stm32cube.ide.mcu.externaltools.gnu-tools-for-stm32.9-2020-q2-update.linux64_2.0.0.202105311346/tools/bin/../lib/gcc/arm-none-eabi/9.3.1/../../../../arm-none-eabi/lib/thumb/v7e-m+fp/hard/libc_nano.a(lib_a-makebuf.o)
                0x0000000008008f98                __smakebuf_r
 .text.malloc   0x0000000008009018       0x10 /opt/st/stm32cubeide_1.7.0/plugins/com.st.stm32cube.ide.mcu.externaltools.gnu-tools-for-stm32.9-2020-q2-update.linux64_2.0.0.202105311346/tools/bin/../lib/gcc/arm-none-eabi/9.3.1/../../../../arm-none-eabi/lib/thumb/v7e-m+fp/hard/libc_nano.a(lib_a-malloc.o)
                0x0000000008009018                malloc
 .text._free_r  0x0000000008009028       0xa0 /opt/st/stm32cubeide_1.7.0/plugins/com.st.stm32cube.ide.mcu.externaltools.gnu-tools-for-stm32.9-2020-q2-update.linux64_2.0.0.202105311346/tools/bin/../lib/gcc/arm-none-eabi/9.3.1/../../../../arm-none-eabi/lib/thumb/v7e-m+fp/hard/libc_nano.a(lib_a-nano-freer.o)
                0x0000000008009028                _free_r
 .text._malloc_r
                0x00000000080090c8       0xb4 /opt/st/stm32cubeide_1.7.0/plugins/com.st.stm32cube.ide.mcu.externaltools.gnu-tools-for-stm32.9-2020-q2-update.linux64_2.0.0.202105311346/tools/bin/../lib/gcc/arm-none-eabi/9.3.1/../../../../arm-none-eabi/lib/thumb/v7e-m+fp/hard/libc_nano.a(lib_a-nano-mallocr.o)
                0x00000000080090c8                _malloc_r
 .text.__sfputc_r
                0x000000000800917c       0x2e /opt/st/stm32cubeide_1.7.0/plugins/com.st.stm32cube.ide.mcu.externaltools.gnu-tools-for-stm32.9-2020-q2-update.linux64_2.0.0.202105311346/tools/bin/../lib/gcc/arm-none-eabi/9.3.1/../../../../arm-none-eabi/lib/thumb/v7e-m+fp/hard/libc_nano.a(lib_a-nano-vfprintf.o)
 .text.__sfputs_r
                0x00000000080091aa       0x24 /opt/st/stm32cubeide_1.7.0/plugins/com.st.stm32cube.ide.mcu.externaltools.gnu-tools-for-stm32.9-2020-q2-update.linux64_2.0.0.202105311346/tools/bin/../lib/gcc/arm-none-eabi/9.3.1/../../../../arm-none-eabi/lib/thumb/v7e-m+fp/hard/libc_nano.a(lib_a-nano-vfprintf.o)
                0x00000000080091aa                __sfputs_r
 *fill*         0x00000000080091ce        0x2 
 .text._vfprintf_r
                0x00000000080091d0      0x260 /opt/st/stm32cubeide_1.7.0/plugins/com.st.stm32cube.ide.mcu.externaltools.gnu-tools-for-stm32.9-2020-q2-update.linux64_2.0.0.202105311346/tools/bin/../lib/gcc/arm-none-eabi/9.3.1/../../../../arm-none-eabi/lib/thumb/v7e-m+fp/hard/libc_nano.a(lib_a-nano-vfprintf.o)
                0x00000000080091d0                _vfiprintf_r
                0x00000000080091d0                _vfprintf_r
 .text._printf_common
                0x0000000008009430       0xda /opt/st/stm32cubeide_1.7.0/plugins/com.st.stm32cube.ide.mcu.externaltools.gnu-tools-for-stm32.9-2020-q2-update.linux64_2.0.0.202105311346/tools/bin/../lib/gcc/arm-none-eabi/9.3.1/../../../../arm-none-eabi/lib/thumb/v7e-m+fp/hard/libc_nano.a(lib_a-nano-vfprintf_i.o)
                0x0000000008009430                _printf_common
 *fill*         0x000000000800950a        0x2 
 .text._printf_i
                0x000000000800950c      0x24c /opt/st/stm32cubeide_1.7.0/plugins/com.st.stm32cube.ide.mcu.externaltools.gnu-tools-for-stm32.9-2020-q2-update.linux64_2.0.0.202105311346/tools/bin/../lib/gcc/arm-none-eabi/9.3.1/../../../../arm-none-eabi/lib/thumb/v7e-m+fp/hard/libc_nano.a(lib_a-nano-vfprintf_i.o)
                0x000000000800950c                _printf_i
 .text._sbrk_r  0x0000000008009758       0x20 /opt/st/stm32cubeide_1.7.0/plugins/com.st.stm32cube.ide.mcu.externaltools.gnu-tools-for-stm32.9-2020-q2-update.linux64_2.0.0.202105311346/tools/bin/../lib/gcc/arm-none-eabi/9.3.1/../../../../arm-none-eabi/lib/thumb/v7e-m+fp/hard/libc_nano.a(lib_a-sbrkr.o)
                0x0000000008009758                _sbrk_r
 .text.__sread  0x0000000008009778       0x22 /opt/st/stm32cubeide_1.7.0/plugins/com.st.stm32cube.ide.mcu.externaltools.gnu-tools-for-stm32.9-2020-q2-update.linux64_2.0.0.202105311346/tools/bin/../lib/gcc/arm-none-eabi/9.3.1/../../../../arm-none-eabi/lib/thumb/v7e-m+fp/hard/libc_nano.a(lib_a-stdio.o)
                0x0000000008009778                __sread
 .text.__swrite
                0x000000000800979a       0x38 /opt/st/stm32cubeide_1.7.0/plugins/com.st.stm32cube.ide.mcu.externaltools.gnu-tools-for-stm32.9-2020-q2-update.linux64_2.0.0.202105311346/tools/bin/../lib/gcc/arm-none-eabi/9.3.1/../../../../arm-none-eabi/lib/thumb/v7e-m+fp/hard/libc_nano.a(lib_a-stdio.o)
                0x000000000800979a                __swrite
 .text.__sseek  0x00000000080097d2       0x24 /opt/st/stm32cubeide_1.7.0/plugins/com.st.stm32cube.ide.mcu.externaltools.gnu-tools-for-stm32.9-2020-q2-update.linux64_2.0.0.202105311346/tools/bin/../lib/gcc/arm-none-eabi/9.3.1/../../../../arm-none-eabi/lib/thumb/v7e-m+fp/hard/libc_nano.a(lib_a-stdio.o)
                0x00000000080097d2                __sseek
 .text.__sclose
                0x00000000080097f6        0x8 /opt/st/stm32cubeide_1.7.0/plugins/com.st.stm32cube.ide.mcu.externaltools.gnu-tools-for-stm32.9-2020-q2-update.linux64_2.0.0.202105311346/tools/bin/../lib/gcc/arm-none-eabi/9.3.1/../../../../arm-none-eabi/lib/thumb/v7e-m+fp/hard/libc_nano.a(lib_a-stdio.o)
                0x00000000080097f6                __sclose
 *fill*         0x00000000080097fe        0x2 
 .text.__swbuf_r
                0x0000000008009800       0xa4 /opt/st/stm32cubeide_1.7.0/plugins/com.st.stm32cube.ide.mcu.externaltools.gnu-tools-for-stm32.9-2020-q2-update.linux64_2.0.0.202105311346/tools/bin/../lib/gcc/arm-none-eabi/9.3.1/../../../../arm-none-eabi/lib/thumb/v7e-m+fp/hard/libc_nano.a(lib_a-wbuf.o)
                0x0000000008009800                __swbuf_r
 .text._write_r
                0x00000000080098a4       0x24 /opt/st/stm32cubeide_1.7.0/plugins/com.st.stm32cube.ide.mcu.externaltools.gnu-tools-for-stm32.9-2020-q2-update.linux64_2.0.0.202105311346/tools/bin/../lib/gcc/arm-none-eabi/9.3.1/../../../../arm-none-eabi/lib/thumb/v7e-m+fp/hard/libc_nano.a(lib_a-writer.o)
                0x00000000080098a4                _write_r
 .text.__swsetup_r
                0x00000000080098c8       0xdc /opt/st/stm32cubeide_1.7.0/plugins/com.st.stm32cube.ide.mcu.externaltools.gnu-tools-for-stm32.9-2020-q2-update.linux64_2.0.0.202105311346/tools/bin/../lib/gcc/arm-none-eabi/9.3.1/../../../../arm-none-eabi/lib/thumb/v7e-m+fp/hard/libc_nano.a(lib_a-wsetup.o)
                0x00000000080098c8                __swsetup_r
 .text._close_r
                0x00000000080099a4       0x20 /opt/st/stm32cubeide_1.7.0/plugins/com.st.stm32cube.ide.mcu.externaltools.gnu-tools-for-stm32.9-2020-q2-update.linux64_2.0.0.202105311346/tools/bin/../lib/gcc/arm-none-eabi/9.3.1/../../../../arm-none-eabi/lib/thumb/v7e-m+fp/hard/libc_nano.a(lib_a-closer.o)
                0x00000000080099a4                _close_r
 .text._fstat_r
                0x00000000080099c4       0x24 /opt/st/stm32cubeide_1.7.0/plugins/com.st.stm32cube.ide.mcu.externaltools.gnu-tools-for-stm32.9-2020-q2-update.linux64_2.0.0.202105311346/tools/bin/../lib/gcc/arm-none-eabi/9.3.1/../../../../arm-none-eabi/lib/thumb/v7e-m+fp/hard/libc_nano.a(lib_a-fstatr.o)
                0x00000000080099c4                _fstat_r
 .text._isatty_r
                0x00000000080099e8       0x20 /opt/st/stm32cubeide_1.7.0/plugins/com.st.stm32cube.ide.mcu.externaltools.gnu-tools-for-stm32.9-2020-q2-update.linux64_2.0.0.202105311346/tools/bin/../lib/gcc/arm-none-eabi/9.3.1/../../../../arm-none-eabi/lib/thumb/v7e-m+fp/hard/libc_nano.a(lib_a-isattyr.o)
                0x00000000080099e8                _isatty_r
 .text._lseek_r
                0x0000000008009a08       0x24 /opt/st/stm32cubeide_1.7.0/plugins/com.st.stm32cube.ide.mcu.externaltools.gnu-tools-for-stm32.9-2020-q2-update.linux64_2.0.0.202105311346/tools/bin/../lib/gcc/arm-none-eabi/9.3.1/../../../../arm-none-eabi/lib/thumb/v7e-m+fp/hard/libc_nano.a(lib_a-lseekr.o)
                0x0000000008009a08                _lseek_r
 .text.__malloc_lock
                0x0000000008009a2c        0xc /opt/st/stm32cubeide_1.7.0/plugins/com.st.stm32cube.ide.mcu.externaltools.gnu-tools-for-stm32.9-2020-q2-update.linux64_2.0.0.202105311346/tools/bin/../lib/gcc/arm-none-eabi/9.3.1/../../../../arm-none-eabi/lib/thumb/v7e-m+fp/hard/libc_nano.a(lib_a-mlock.o)
                0x0000000008009a2c                __malloc_lock
 .text.__malloc_unlock
                0x0000000008009a38        0xc /opt/st/stm32cubeide_1.7.0/plugins/com.st.stm32cube.ide.mcu.externaltools.gnu-tools-for-stm32.9-2020-q2-update.linux64_2.0.0.202105311346/tools/bin/../lib/gcc/arm-none-eabi/9.3.1/../../../../arm-none-eabi/lib/thumb/v7e-m+fp/hard/libc_nano.a(lib_a-mlock.o)
                0x0000000008009a38                __malloc_unlock
 .text._read_r  0x0000000008009a44       0x24 /opt/st/stm32cubeide_1.7.0/plugins/com.st.stm32cube.ide.mcu.externaltools.gnu-tools-for-stm32.9-2020-q2-update.linux64_2.0.0.202105311346/tools/bin/../lib/gcc/arm-none-eabi/9.3.1/../../../../arm-none-eabi/lib/thumb/v7e-m+fp/hard/libc_nano.a(lib_a-readr.o)
                0x0000000008009a44                _read_r
 .text.sqrt     0x0000000008009a68       0x68 /opt/st/stm32cubeide_1.7.0/plugins/com.st.stm32cube.ide.mcu.externaltools.gnu-tools-for-stm32.9-2020-q2-update.linux64_2.0.0.202105311346/tools/bin/../lib/gcc/arm-none-eabi/9.3.1/../../../../arm-none-eabi/lib/thumb/v7e-m+fp/hard/libm.a(lib_a-w_sqrt.o)
                0x0000000008009a68                sqrt
 .text.__ieee754_sqrt
                0x0000000008009ad0      0x168 /opt/st/stm32cubeide_1.7.0/plugins/com.st.stm32cube.ide.mcu.externaltools.gnu-tools-for-stm32.9-2020-q2-update.linux64_2.0.0.202105311346/tools/bin/../lib/gcc/arm-none-eabi/9.3.1/../../../../arm-none-eabi/lib/thumb/v7e-m+fp/hard/libm.a(lib_a-e_sqrt.o)
                0x0000000008009ad0                __ieee754_sqrt
 *(.glue_7)
 .glue_7        0x0000000008009c38        0x0 linker stubs
 *(.glue_7t)
 .glue_7t       0x0000000008009c38        0x0 linker stubs
 *(.eh_frame)
 .eh_frame      0x0000000008009c38        0x0 /opt/st/stm32cubeide_1.7.0/plugins/com.st.stm32cube.ide.mcu.externaltools.gnu-tools-for-stm32.9-2020-q2-update.linux64_2.0.0.202105311346/tools/bin/../lib/gcc/arm-none-eabi/9.3.1/thumb/v7e-m+fp/hard/crtbegin.o
 *(.init)
 .init          0x0000000008009c38        0x4 /opt/st/stm32cubeide_1.7.0/plugins/com.st.stm32cube.ide.mcu.externaltools.gnu-tools-for-stm32.9-2020-q2-update.linux64_2.0.0.202105311346/tools/bin/../lib/gcc/arm-none-eabi/9.3.1/thumb/v7e-m+fp/hard/crti.o
                0x0000000008009c38                _init
 .init          0x0000000008009c3c        0x8 /opt/st/stm32cubeide_1.7.0/plugins/com.st.stm32cube.ide.mcu.externaltools.gnu-tools-for-stm32.9-2020-q2-update.linux64_2.0.0.202105311346/tools/bin/../lib/gcc/arm-none-eabi/9.3.1/thumb/v7e-m+fp/hard/crtn.o
 *(.fini)
 .fini          0x0000000008009c44        0x4 /opt/st/stm32cubeide_1.7.0/plugins/com.st.stm32cube.ide.mcu.externaltools.gnu-tools-for-stm32.9-2020-q2-update.linux64_2.0.0.202105311346/tools/bin/../lib/gcc/arm-none-eabi/9.3.1/thumb/v7e-m+fp/hard/crti.o
                0x0000000008009c44                _fini
 .fini          0x0000000008009c48        0x8 /opt/st/stm32cubeide_1.7.0/plugins/com.st.stm32cube.ide.mcu.externaltools.gnu-tools-for-stm32.9-2020-q2-update.linux64_2.0.0.202105311346/tools/bin/../lib/gcc/arm-none-eabi/9.3.1/thumb/v7e-m+fp/hard/crtn.o
                0x0000000008009c50                . = ALIGN (0x4)
                0x0000000008009c50                _etext = .

.vfp11_veneer   0x0000000008009c50        0x0
 .vfp11_veneer  0x0000000008009c50        0x0 linker stubs

.v4_bx          0x0000000008009c50        0x0
 .v4_bx         0x0000000008009c50        0x0 linker stubs

.iplt           0x0000000008009c50        0x0
 .iplt          0x0000000008009c50        0x0 /opt/st/stm32cubeide_1.7.0/plugins/com.st.stm32cube.ide.mcu.externaltools.gnu-tools-for-stm32.9-2020-q2-update.linux64_2.0.0.202105311346/tools/bin/../lib/gcc/arm-none-eabi/9.3.1/thumb/v7e-m+fp/hard/crtbegin.o

.rodata         0x0000000008009c50      0x248
                0x0000000008009c50                . = ALIGN (0x4)
 *(.rodata)
 .rodata        0x0000000008009c50       0x93 ./Core/Src/main.o
 *(.rodata*)
 *fill*         0x0000000008009ce3        0x1 
 .rodata.AHBPrescTable
                0x0000000008009ce4       0x10 ./Core/Src/system_stm32f4xx.o
                0x0000000008009ce4                AHBPrescTable
 .rodata.APBPrescTable
                0x0000000008009cf4        0x8 ./Core/Src/system_stm32f4xx.o
                0x0000000008009cf4                APBPrescTable
 .rodata._global_impure_ptr
                0x0000000008009cfc        0x4 /opt/st/stm32cubeide_1.7.0/plugins/com.st.stm32cube.ide.mcu.externaltools.gnu-tools-for-stm32.9-2020-q2-update.linux64_2.0.0.202105311346/tools/bin/../lib/gcc/arm-none-eabi/9.3.1/../../../../arm-none-eabi/lib/thumb/v7e-m+fp/hard/libc_nano.a(lib_a-impure.o)
                0x0000000008009cfc                _global_impure_ptr
 .rodata._ctype_
                0x0000000008009d00      0x101 /opt/st/stm32cubeide_1.7.0/plugins/com.st.stm32cube.ide.mcu.externaltools.gnu-tools-for-stm32.9-2020-q2-update.linux64_2.0.0.202105311346/tools/bin/../lib/gcc/arm-none-eabi/9.3.1/../../../../arm-none-eabi/lib/thumb/v7e-m+fp/hard/libc_nano.a(lib_a-ctype_.o)
                0x0000000008009d00                _ctype_
 *fill*         0x0000000008009e01        0x3 
 .rodata.__sf_fake_stderr
                0x0000000008009e04       0x20 /opt/st/stm32cubeide_1.7.0/plugins/com.st.stm32cube.ide.mcu.externaltools.gnu-tools-for-stm32.9-2020-q2-update.linux64_2.0.0.202105311346/tools/bin/../lib/gcc/arm-none-eabi/9.3.1/../../../../arm-none-eabi/lib/thumb/v7e-m+fp/hard/libc_nano.a(lib_a-findfp.o)
                0x0000000008009e04                __sf_fake_stderr
 .rodata.__sf_fake_stdin
                0x0000000008009e24       0x20 /opt/st/stm32cubeide_1.7.0/plugins/com.st.stm32cube.ide.mcu.externaltools.gnu-tools-for-stm32.9-2020-q2-update.linux64_2.0.0.202105311346/tools/bin/../lib/gcc/arm-none-eabi/9.3.1/../../../../arm-none-eabi/lib/thumb/v7e-m+fp/hard/libc_nano.a(lib_a-findfp.o)
                0x0000000008009e24                __sf_fake_stdin
 .rodata.__sf_fake_stdout
                0x0000000008009e44       0x20 /opt/st/stm32cubeide_1.7.0/plugins/com.st.stm32cube.ide.mcu.externaltools.gnu-tools-for-stm32.9-2020-q2-update.linux64_2.0.0.202105311346/tools/bin/../lib/gcc/arm-none-eabi/9.3.1/../../../../arm-none-eabi/lib/thumb/v7e-m+fp/hard/libc_nano.a(lib_a-findfp.o)
                0x0000000008009e44                __sf_fake_stdout
 .rodata._vfprintf_r.str1.1
                0x0000000008009e64       0x11 /opt/st/stm32cubeide_1.7.0/plugins/com.st.stm32cube.ide.mcu.externaltools.gnu-tools-for-stm32.9-2020-q2-update.linux64_2.0.0.202105311346/tools/bin/../lib/gcc/arm-none-eabi/9.3.1/../../../../arm-none-eabi/lib/thumb/v7e-m+fp/hard/libc_nano.a(lib_a-nano-vfprintf.o)
 .rodata._printf_i.str1.1
                0x0000000008009e75       0x22 /opt/st/stm32cubeide_1.7.0/plugins/com.st.stm32cube.ide.mcu.externaltools.gnu-tools-for-stm32.9-2020-q2-update.linux64_2.0.0.202105311346/tools/bin/../lib/gcc/arm-none-eabi/9.3.1/../../../../arm-none-eabi/lib/thumb/v7e-m+fp/hard/libc_nano.a(lib_a-nano-vfprintf_i.o)
                0x0000000008009e98                . = ALIGN (0x4)
 *fill*         0x0000000008009e97        0x1 

.ARM.extab      0x0000000008009e98        0x0
                0x0000000008009e98                . = ALIGN (0x4)
 *(.ARM.extab* .gnu.linkonce.armextab.*)
                0x0000000008009e98                . = ALIGN (0x4)

.ARM            0x0000000008009e98        0x8
                0x0000000008009e98                . = ALIGN (0x4)
                0x0000000008009e98                __exidx_start = .
 *(.ARM.exidx*)
 .ARM.exidx     0x0000000008009e98        0x8 /opt/st/stm32cubeide_1.7.0/plugins/com.st.stm32cube.ide.mcu.externaltools.gnu-tools-for-stm32.9-2020-q2-update.linux64_2.0.0.202105311346/tools/bin/../lib/gcc/arm-none-eabi/9.3.1/thumb/v7e-m+fp/hard/libgcc.a(_udivmoddi4.o)
                0x0000000008009ea0                __exidx_end = .
                0x0000000008009ea0                . = ALIGN (0x4)

.rel.dyn        0x0000000008009ea0        0x0
 .rel.iplt      0x0000000008009ea0        0x0 /opt/st/stm32cubeide_1.7.0/plugins/com.st.stm32cube.ide.mcu.externaltools.gnu-tools-for-stm32.9-2020-q2-update.linux64_2.0.0.202105311346/tools/bin/../lib/gcc/arm-none-eabi/9.3.1/thumb/v7e-m+fp/hard/crtbegin.o

.preinit_array  0x0000000008009ea0        0x0
                0x0000000008009ea0                . = ALIGN (0x4)
                0x0000000008009ea0                PROVIDE (__preinit_array_start = .)
 *(.preinit_array*)
                0x0000000008009ea0                PROVIDE (__preinit_array_end = .)
                0x0000000008009ea0                . = ALIGN (0x4)

.init_array     0x0000000008009ea0        0x4
                0x0000000008009ea0                . = ALIGN (0x4)
                0x0000000008009ea0                PROVIDE (__init_array_start = .)
 *(SORT_BY_NAME(.init_array.*))
 *(.init_array*)
 .init_array    0x0000000008009ea0        0x4 /opt/st/stm32cubeide_1.7.0/plugins/com.st.stm32cube.ide.mcu.externaltools.gnu-tools-for-stm32.9-2020-q2-update.linux64_2.0.0.202105311346/tools/bin/../lib/gcc/arm-none-eabi/9.3.1/thumb/v7e-m+fp/hard/crtbegin.o
                0x0000000008009ea4                PROVIDE (__init_array_end = .)
                0x0000000008009ea4                . = ALIGN (0x4)

.fini_array     0x0000000008009ea4        0x4
                0x0000000008009ea4                . = ALIGN (0x4)
                [!provide]                        PROVIDE (__fini_array_start = .)
 *(SORT_BY_NAME(.fini_array.*))
 *(.fini_array*)
 .fini_array    0x0000000008009ea4        0x4 /opt/st/stm32cubeide_1.7.0/plugins/com.st.stm32cube.ide.mcu.externaltools.gnu-tools-for-stm32.9-2020-q2-update.linux64_2.0.0.202105311346/tools/bin/../lib/gcc/arm-none-eabi/9.3.1/thumb/v7e-m+fp/hard/crtbegin.o
                [!provide]                        PROVIDE (__fini_array_end = .)
                0x0000000008009ea8                . = ALIGN (0x4)
                0x0000000008009ea8                _sidata = LOADADDR (.data)

.data           0x0000000020000000       0x7c load address 0x0000000008009ea8
                0x0000000020000000                . = ALIGN (0x4)
                0x0000000020000000                _sdata = .
 *(.data)
 *(.data*)
 .data.MTR_OUT_TAB
                0x0000000020000000        0x8 ./Core/Src/stepper.o
 .data.SystemCoreClock
                0x0000000020000008        0x4 ./Core/Src/system_stm32f4xx.o
                0x0000000020000008                SystemCoreClock
 .data.uwTickPrio
                0x000000002000000c        0x4 ./Drivers/STM32F4xx_HAL_Driver/Src/stm32f4xx_hal.o
                0x000000002000000c                uwTickPrio
 .data.uwTickFreq
                0x0000000020000010        0x1 ./Drivers/STM32F4xx_HAL_Driver/Src/stm32f4xx_hal.o
                0x0000000020000010                uwTickFreq
 *fill*         0x0000000020000011        0x3 
 .data._impure_ptr
                0x0000000020000014        0x4 /opt/st/stm32cubeide_1.7.0/plugins/com.st.stm32cube.ide.mcu.externaltools.gnu-tools-for-stm32.9-2020-q2-update.linux64_2.0.0.202105311346/tools/bin/../lib/gcc/arm-none-eabi/9.3.1/../../../../arm-none-eabi/lib/thumb/v7e-m+fp/hard/libc_nano.a(lib_a-impure.o)
                0x0000000020000014                _impure_ptr
 .data.impure_data
                0x0000000020000018       0x60 /opt/st/stm32cubeide_1.7.0/plugins/com.st.stm32cube.ide.mcu.externaltools.gnu-tools-for-stm32.9-2020-q2-update.linux64_2.0.0.202105311346/tools/bin/../lib/gcc/arm-none-eabi/9.3.1/../../../../arm-none-eabi/lib/thumb/v7e-m+fp/hard/libc_nano.a(lib_a-impure.o)
 .data.__fdlib_version
                0x0000000020000078        0x1 /opt/st/stm32cubeide_1.7.0/plugins/com.st.stm32cube.ide.mcu.externaltools.gnu-tools-for-stm32.9-2020-q2-update.linux64_2.0.0.202105311346/tools/bin/../lib/gcc/arm-none-eabi/9.3.1/../../../../arm-none-eabi/lib/thumb/v7e-m+fp/hard/libm.a(lib_a-s_lib_ver.o)
                0x0000000020000078                __fdlib_version
 *(.RamFunc)
 *(.RamFunc*)
                0x000000002000007c                . = ALIGN (0x4)
 *fill*         0x0000000020000079        0x3 
                0x000000002000007c                _edata = .

.igot.plt       0x000000002000007c        0x0 load address 0x0000000008009f24
 .igot.plt      0x000000002000007c        0x0 /opt/st/stm32cubeide_1.7.0/plugins/com.st.stm32cube.ide.mcu.externaltools.gnu-tools-for-stm32.9-2020-q2-update.linux64_2.0.0.202105311346/tools/bin/../lib/gcc/arm-none-eabi/9.3.1/thumb/v7e-m+fp/hard/crtbegin.o
                0x000000002000007c                . = ALIGN (0x4)

.bss            0x000000002000007c      0x7b0 load address 0x0000000008009f24
                0x000000002000007c                _sbss = .
                0x000000002000007c                __bss_start__ = _sbss
 *(.bss)
 .bss           0x000000002000007c       0x1c /opt/st/stm32cubeide_1.7.0/plugins/com.st.stm32cube.ide.mcu.externaltools.gnu-tools-for-stm32.9-2020-q2-update.linux64_2.0.0.202105311346/tools/bin/../lib/gcc/arm-none-eabi/9.3.1/thumb/v7e-m+fp/hard/crtbegin.o
 *(.bss*)
 .bss.FMC_Initialized
                0x0000000020000098        0x4 ./Core/Src/fmc.o
 .bss.motor_param
                0x000000002000009c        0x8 ./Core/Src/main.o
                0x000000002000009c                motor_param
 .bss.motor_data
                0x00000000200000a4       0x18 ./Core/Src/main.o
                0x00000000200000a4                motor_data
 .bss.__sbrk_heap_end
                0x00000000200000bc        0x4 ./Core/Src/sysmem.o
 .bss.__malloc_free_list
                0x00000000200000c0        0x4 /opt/st/stm32cubeide_1.7.0/plugins/com.st.stm32cube.ide.mcu.externaltools.gnu-tools-for-stm32.9-2020-q2-update.linux64_2.0.0.202105311346/tools/bin/../lib/gcc/arm-none-eabi/9.3.1/../../../../arm-none-eabi/lib/thumb/v7e-m+fp/hard/libc_nano.a(lib_a-nano-mallocr.o)
                0x00000000200000c0                __malloc_free_list
 .bss.__malloc_sbrk_start
                0x00000000200000c4        0x4 /opt/st/stm32cubeide_1.7.0/plugins/com.st.stm32cube.ide.mcu.externaltools.gnu-tools-for-stm32.9-2020-q2-update.linux64_2.0.0.202105311346/tools/bin/../lib/gcc/arm-none-eabi/9.3.1/../../../../arm-none-eabi/lib/thumb/v7e-m+fp/hard/libc_nano.a(lib_a-nano-mallocr.o)
                0x00000000200000c4                __malloc_sbrk_start
 *(COMMON)
 COMMON         0x00000000200000c8       0x19 ./Core/Src/crc.o
                0x00000000200000c8                runMotor_f
                0x00000000200000cc                rec_buff
                0x00000000200000cd                temp_pos
                0x00000000200000d0                hcrc
                0x00000000200000d8                Tx_data
                0x00000000200000e0                tr_buff
 *fill*         0x00000000200000e1        0x3 
 COMMON         0x00000000200000e4       0x40 ./Core/Src/dma2d.o
                0x00000000200000e4                hdma2d
 COMMON         0x0000000020000124       0x34 ./Core/Src/fmc.o
                0x0000000020000124                hsdram1
 COMMON         0x0000000020000158       0x54 ./Core/Src/i2c.o
                0x0000000020000158                hi2c3
 COMMON         0x00000000200001ac       0xa8 ./Core/Src/ltdc.o
                0x00000000200001ac                hltdc
 COMMON         0x0000000020000254      0x104 ./Core/Src/main.o
                0x0000000020000254                Ser_Queue
 COMMON         0x0000000020000358        0x4 ./Core/Src/retarget.o
                0x0000000020000358                gHuart
 COMMON         0x000000002000035c       0x58 ./Core/Src/spi.o
                0x000000002000035c                hspi5
 COMMON         0x00000000200003b4       0x48 ./Core/Src/stm32f4xx_hal_timebase_tim.o
                0x00000000200003b4                htim6
 COMMON         0x00000000200003fc       0x90 ./Core/Src/tim.o
                0x00000000200003fc                htim1
                0x0000000020000444                htim7
 COMMON         0x000000002000048c       0x88 ./Core/Src/usart.o
                0x000000002000048c                huart5
                0x00000000200004d0                huart1
 COMMON         0x0000000020000514      0x304 ./Core/Src/usb_otg.o
                0x0000000020000514                hhcd_USB_OTG_HS
 COMMON         0x0000000020000818        0x4 ./Drivers/STM32F4xx_HAL_Driver/Src/stm32f4xx_hal.o
                0x0000000020000818                uwTick
 COMMON         0x000000002000081c        0x9 /opt/st/stm32cubeide_1.7.0/plugins/com.st.stm32cube.ide.mcu.externaltools.gnu-tools-for-stm32.9-2020-q2-update.linux64_2.0.0.202105311346/tools/bin/../lib/gcc/arm-none-eabi/9.3.1/../../../../arm-none-eabi/lib/thumb/v7e-m+fp/hard/libc_nano.a(lib_a-lock.o)
                0x000000002000081c                __lock___atexit_recursive_mutex
                0x000000002000081d                __lock___arc4random_mutex
                0x000000002000081e                __lock___env_recursive_mutex
                0x000000002000081f                __lock___sinit_recursive_mutex
                0x0000000020000820                __lock___malloc_recursive_mutex
                0x0000000020000821                __lock___at_quick_exit_mutex
                0x0000000020000822                __lock___dd_hash_mutex
                0x0000000020000823                __lock___tz_mutex
                0x0000000020000824                __lock___sfp_recursive_mutex
 *fill*         0x0000000020000825        0x3 
 COMMON         0x0000000020000828        0x4 /opt/st/stm32cubeide_1.7.0/plugins/com.st.stm32cube.ide.mcu.externaltools.gnu-tools-for-stm32.9-2020-q2-update.linux64_2.0.0.202105311346/tools/bin/../lib/gcc/arm-none-eabi/9.3.1/../../../../arm-none-eabi/lib/thumb/v7e-m+fp/hard/libc_nano.a(lib_a-reent.o)
                0x0000000020000828                errno
                0x000000002000082c                . = ALIGN (0x4)
                0x000000002000082c                _ebss = .
                0x000000002000082c                __bss_end__ = _ebss

._user_heap_stack
                0x000000002000082c      0x604 load address 0x0000000008009f24
                0x0000000020000830                . = ALIGN (0x8)
 *fill*         0x000000002000082c        0x4 
                [!provide]                        PROVIDE (end = .)
                0x0000000020000830                PROVIDE (_end = .)
                0x0000000020000a30                . = (. + _Min_Heap_Size)
 *fill*         0x0000000020000830      0x200 
                0x0000000020000e30                . = (. + _Min_Stack_Size)
 *fill*         0x0000000020000a30      0x400 
                0x0000000020000e30                . = ALIGN (0x8)

/DISCARD/
 libc.a(*)
 libm.a(*)
 libgcc.a(*)

.ARM.attributes
                0x0000000000000000       0x30
 *(.ARM.attributes)
 .ARM.attributes
                0x0000000000000000       0x1e /opt/st/stm32cubeide_1.7.0/plugins/com.st.stm32cube.ide.mcu.externaltools.gnu-tools-for-stm32.9-2020-q2-update.linux64_2.0.0.202105311346/tools/bin/../lib/gcc/arm-none-eabi/9.3.1/thumb/v7e-m+fp/hard/crti.o
 .ARM.attributes
                0x000000000000001e       0x34 /opt/st/stm32cubeide_1.7.0/plugins/com.st.stm32cube.ide.mcu.externaltools.gnu-tools-for-stm32.9-2020-q2-update.linux64_2.0.0.202105311346/tools/bin/../lib/gcc/arm-none-eabi/9.3.1/thumb/v7e-m+fp/hard/crtbegin.o
 .ARM.attributes
                0x0000000000000052       0x34 ./Core/Src/crc.o
 .ARM.attributes
                0x0000000000000086       0x34 ./Core/Src/dma2d.o
 .ARM.attributes
                0x00000000000000ba       0x34 ./Core/Src/fmc.o
 .ARM.attributes
                0x00000000000000ee       0x34 ./Core/Src/gpio.o
 .ARM.attributes
                0x0000000000000122       0x34 ./Core/Src/i2c.o
 .ARM.attributes
                0x0000000000000156       0x34 ./Core/Src/ltdc.o
 .ARM.attributes
                0x000000000000018a       0x34 ./Core/Src/main.o
 .ARM.attributes
                0x00000000000001be       0x34 ./Core/Src/queue.o
 .ARM.attributes
                0x00000000000001f2       0x34 ./Core/Src/retarget.o
 .ARM.attributes
                0x0000000000000226       0x34 ./Core/Src/spi.o
 .ARM.attributes
                0x000000000000025a       0x34 ./Core/Src/stepper.o
 .ARM.attributes
                0x000000000000028e       0x34 ./Core/Src/stm32f4xx_hal_msp.o
 .ARM.attributes
                0x00000000000002c2       0x34 ./Core/Src/stm32f4xx_hal_timebase_tim.o
 .ARM.attributes
                0x00000000000002f6       0x34 ./Core/Src/stm32f4xx_it.o
 .ARM.attributes
                0x000000000000032a       0x34 ./Core/Src/sysmem.o
 .ARM.attributes
                0x000000000000035e       0x34 ./Core/Src/system_stm32f4xx.o
 .ARM.attributes
                0x0000000000000392       0x34 ./Core/Src/tim.o
 .ARM.attributes
                0x00000000000003c6       0x34 ./Core/Src/usart.o
 .ARM.attributes
                0x00000000000003fa       0x34 ./Core/Src/usb_otg.o
 .ARM.attributes
                0x000000000000042e       0x21 ./Core/Startup/startup_stm32f429zitx.o
 .ARM.attributes
                0x000000000000044f       0x34 ./Drivers/STM32F4xx_HAL_Driver/Src/stm32f4xx_hal.o
 .ARM.attributes
                0x0000000000000483       0x34 ./Drivers/STM32F4xx_HAL_Driver/Src/stm32f4xx_hal_cortex.o
 .ARM.attributes
                0x00000000000004b7       0x34 ./Drivers/STM32F4xx_HAL_Driver/Src/stm32f4xx_hal_crc.o
 .ARM.attributes
                0x00000000000004eb       0x34 ./Drivers/STM32F4xx_HAL_Driver/Src/stm32f4xx_hal_dma.o
 .ARM.attributes
                0x000000000000051f       0x34 ./Drivers/STM32F4xx_HAL_Driver/Src/stm32f4xx_hal_dma2d.o
 .ARM.attributes
                0x0000000000000553       0x34 ./Drivers/STM32F4xx_HAL_Driver/Src/stm32f4xx_hal_gpio.o
 .ARM.attributes
                0x0000000000000587       0x34 ./Drivers/STM32F4xx_HAL_Driver/Src/stm32f4xx_hal_hcd.o
 .ARM.attributes
                0x00000000000005bb       0x34 ./Drivers/STM32F4xx_HAL_Driver/Src/stm32f4xx_hal_i2c.o
 .ARM.attributes
                0x00000000000005ef       0x34 ./Drivers/STM32F4xx_HAL_Driver/Src/stm32f4xx_hal_i2c_ex.o
 .ARM.attributes
                0x0000000000000623       0x34 ./Drivers/STM32F4xx_HAL_Driver/Src/stm32f4xx_hal_ltdc.o
 .ARM.attributes
                0x0000000000000657       0x34 ./Drivers/STM32F4xx_HAL_Driver/Src/stm32f4xx_hal_rcc.o
 .ARM.attributes
                0x000000000000068b       0x34 ./Drivers/STM32F4xx_HAL_Driver/Src/stm32f4xx_hal_rcc_ex.o
 .ARM.attributes
                0x00000000000006bf       0x34 ./Drivers/STM32F4xx_HAL_Driver/Src/stm32f4xx_hal_sdram.o
 .ARM.attributes
                0x00000000000006f3       0x34 ./Drivers/STM32F4xx_HAL_Driver/Src/stm32f4xx_hal_spi.o
 .ARM.attributes
                0x0000000000000727       0x34 ./Drivers/STM32F4xx_HAL_Driver/Src/stm32f4xx_hal_tim.o
 .ARM.attributes
                0x000000000000075b       0x34 ./Drivers/STM32F4xx_HAL_Driver/Src/stm32f4xx_hal_tim_ex.o
 .ARM.attributes
                0x000000000000078f       0x34 ./Drivers/STM32F4xx_HAL_Driver/Src/stm32f4xx_hal_uart.o
 .ARM.attributes
                0x00000000000007c3       0x34 ./Drivers/STM32F4xx_HAL_Driver/Src/stm32f4xx_ll_fmc.o
 .ARM.attributes
                0x00000000000007f7       0x34 ./Drivers/STM32F4xx_HAL_Driver/Src/stm32f4xx_ll_usb.o
 .ARM.attributes
                0x000000000000082b       0x34 /opt/st/stm32cubeide_1.7.0/plugins/com.st.stm32cube.ide.mcu.externaltools.gnu-tools-for-stm32.9-2020-q2-update.linux64_2.0.0.202105311346/tools/bin/../lib/gcc/arm-none-eabi/9.3.1/../../../../arm-none-eabi/lib/thumb/v7e-m+fp/hard/libc_nano.a(lib_a-atoi.o)
 .ARM.attributes
                0x000000000000085f       0x34 /opt/st/stm32cubeide_1.7.0/plugins/com.st.stm32cube.ide.mcu.externaltools.gnu-tools-for-stm32.9-2020-q2-update.linux64_2.0.0.202105311346/tools/bin/../lib/gcc/arm-none-eabi/9.3.1/../../../../arm-none-eabi/lib/thumb/v7e-m+fp/hard/libc_nano.a(lib_a-errno.o)
 .ARM.attributes
                0x0000000000000893       0x32 /opt/st/stm32cubeide_1.7.0/plugins/com.st.stm32cube.ide.mcu.externaltools.gnu-tools-for-stm32.9-2020-q2-update.linux64_2.0.0.202105311346/tools/bin/../lib/gcc/arm-none-eabi/9.3.1/../../../../arm-none-eabi/lib/thumb/v7e-m+fp/hard/libc_nano.a(lib_a-impure.o)
 .ARM.attributes
                0x00000000000008c5       0x34 /opt/st/stm32cubeide_1.7.0/plugins/com.st.stm32cube.ide.mcu.externaltools.gnu-tools-for-stm32.9-2020-q2-update.linux64_2.0.0.202105311346/tools/bin/../lib/gcc/arm-none-eabi/9.3.1/../../../../arm-none-eabi/lib/thumb/v7e-m+fp/hard/libc_nano.a(lib_a-init.o)
 .ARM.attributes
                0x00000000000008f9       0x34 /opt/st/stm32cubeide_1.7.0/plugins/com.st.stm32cube.ide.mcu.externaltools.gnu-tools-for-stm32.9-2020-q2-update.linux64_2.0.0.202105311346/tools/bin/../lib/gcc/arm-none-eabi/9.3.1/../../../../arm-none-eabi/lib/thumb/v7e-m+fp/hard/libc_nano.a(lib_a-memset.o)
 .ARM.attributes
                0x000000000000092d       0x34 /opt/st/stm32cubeide_1.7.0/plugins/com.st.stm32cube.ide.mcu.externaltools.gnu-tools-for-stm32.9-2020-q2-update.linux64_2.0.0.202105311346/tools/bin/../lib/gcc/arm-none-eabi/9.3.1/../../../../arm-none-eabi/lib/thumb/v7e-m+fp/hard/libc_nano.a(lib_a-printf.o)
 .ARM.attributes
                0x0000000000000961       0x34 /opt/st/stm32cubeide_1.7.0/plugins/com.st.stm32cube.ide.mcu.externaltools.gnu-tools-for-stm32.9-2020-q2-update.linux64_2.0.0.202105311346/tools/bin/../lib/gcc/arm-none-eabi/9.3.1/../../../../arm-none-eabi/lib/thumb/v7e-m+fp/hard/libc_nano.a(lib_a-setvbuf.o)
 .ARM.attributes
                0x0000000000000995       0x34 /opt/st/stm32cubeide_1.7.0/plugins/com.st.stm32cube.ide.mcu.externaltools.gnu-tools-for-stm32.9-2020-q2-update.linux64_2.0.0.202105311346/tools/bin/../lib/gcc/arm-none-eabi/9.3.1/../../../../arm-none-eabi/lib/thumb/v7e-m+fp/hard/libc_nano.a(lib_a-strchr.o)
 .ARM.attributes
                0x00000000000009c9       0x34 /opt/st/stm32cubeide_1.7.0/plugins/com.st.stm32cube.ide.mcu.externaltools.gnu-tools-for-stm32.9-2020-q2-update.linux64_2.0.0.202105311346/tools/bin/../lib/gcc/arm-none-eabi/9.3.1/../../../../arm-none-eabi/lib/thumb/v7e-m+fp/hard/libc_nano.a(lib_a-strtol.o)
 .ARM.attributes
                0x00000000000009fd       0x32 /opt/st/stm32cubeide_1.7.0/plugins/com.st.stm32cube.ide.mcu.externaltools.gnu-tools-for-stm32.9-2020-q2-update.linux64_2.0.0.202105311346/tools/bin/../lib/gcc/arm-none-eabi/9.3.1/../../../../arm-none-eabi/lib/thumb/v7e-m+fp/hard/libc_nano.a(lib_a-ctype_.o)
 .ARM.attributes
                0x0000000000000a2f       0x34 /opt/st/stm32cubeide_1.7.0/plugins/com.st.stm32cube.ide.mcu.externaltools.gnu-tools-for-stm32.9-2020-q2-update.linux64_2.0.0.202105311346/tools/bin/../lib/gcc/arm-none-eabi/9.3.1/../../../../arm-none-eabi/lib/thumb/v7e-m+fp/hard/libc_nano.a(lib_a-fflush.o)
 .ARM.attributes
                0x0000000000000a63       0x34 /opt/st/stm32cubeide_1.7.0/plugins/com.st.stm32cube.ide.mcu.externaltools.gnu-tools-for-stm32.9-2020-q2-update.linux64_2.0.0.202105311346/tools/bin/../lib/gcc/arm-none-eabi/9.3.1/../../../../arm-none-eabi/lib/thumb/v7e-m+fp/hard/libc_nano.a(lib_a-findfp.o)
 .ARM.attributes
                0x0000000000000a97       0x34 /opt/st/stm32cubeide_1.7.0/plugins/com.st.stm32cube.ide.mcu.externaltools.gnu-tools-for-stm32.9-2020-q2-update.linux64_2.0.0.202105311346/tools/bin/../lib/gcc/arm-none-eabi/9.3.1/../../../../arm-none-eabi/lib/thumb/v7e-m+fp/hard/libc_nano.a(lib_a-fwalk.o)
 .ARM.attributes
                0x0000000000000acb       0x34 /opt/st/stm32cubeide_1.7.0/plugins/com.st.stm32cube.ide.mcu.externaltools.gnu-tools-for-stm32.9-2020-q2-update.linux64_2.0.0.202105311346/tools/bin/../lib/gcc/arm-none-eabi/9.3.1/../../../../arm-none-eabi/lib/thumb/v7e-m+fp/hard/libc_nano.a(lib_a-lock.o)
 .ARM.attributes
                0x0000000000000aff       0x34 /opt/st/stm32cubeide_1.7.0/plugins/com.st.stm32cube.ide.mcu.externaltools.gnu-tools-for-stm32.9-2020-q2-update.linux64_2.0.0.202105311346/tools/bin/../lib/gcc/arm-none-eabi/9.3.1/../../../../arm-none-eabi/lib/thumb/v7e-m+fp/hard/libc_nano.a(lib_a-makebuf.o)
 .ARM.attributes
                0x0000000000000b33       0x34 /opt/st/stm32cubeide_1.7.0/plugins/com.st.stm32cube.ide.mcu.externaltools.gnu-tools-for-stm32.9-2020-q2-update.linux64_2.0.0.202105311346/tools/bin/../lib/gcc/arm-none-eabi/9.3.1/../../../../arm-none-eabi/lib/thumb/v7e-m+fp/hard/libc_nano.a(lib_a-malloc.o)
 .ARM.attributes
                0x0000000000000b67       0x34 /opt/st/stm32cubeide_1.7.0/plugins/com.st.stm32cube.ide.mcu.externaltools.gnu-tools-for-stm32.9-2020-q2-update.linux64_2.0.0.202105311346/tools/bin/../lib/gcc/arm-none-eabi/9.3.1/../../../../arm-none-eabi/lib/thumb/v7e-m+fp/hard/libc_nano.a(lib_a-nano-freer.o)
 .ARM.attributes