Archive member included to satisfy reference by file (symbol)

c:/st/stm32cubeide_1.6.1/stm32cubeide/plugins/com.st.stm32cube.ide.mcu.externaltools.gnu-tools-for-stm32.9-2020-q2-update.win32_1.5.0.202011040924/tools/bin/../lib/gcc/arm-none-eabi/9.3.1/../../../../arm-none-eabi/lib/thumb/v7e-m+fp/hard\libc_nano.a(lib_a-errno.o)
                              Core/Src/syscalls.o (__errno)
c:/st/stm32cubeide_1.6.1/stm32cubeide/plugins/com.st.stm32cube.ide.mcu.externaltools.gnu-tools-for-stm32.9-2020-q2-update.win32_1.5.0.202011040924/tools/bin/../lib/gcc/arm-none-eabi/9.3.1/../../../../arm-none-eabi/lib/thumb/v7e-m+fp/hard\libc_nano.a(lib_a-exit.o)
                              c:/st/stm32cubeide_1.6.1/stm32cubeide/plugins/com.st.stm32cube.ide.mcu.externaltools.gnu-tools-for-stm32.9-2020-q2-update.win32_1.5.0.202011040924/tools/bin/../lib/gcc/arm-none-eabi/9.3.1/../../../../arm-none-eabi/lib/thumb/v7e-m+fp/hard/crt0.o (exit)
c:/st/stm32cubeide_1.6.1/stm32cubeide/plugins/com.st.stm32cube.ide.mcu.externaltools.gnu-tools-for-stm32.9-2020-q2-update.win32_1.5.0.202011040924/tools/bin/../lib/gcc/arm-none-eabi/9.3.1/../../../../arm-none-eabi/lib/thumb/v7e-m+fp/hard\libc_nano.a(lib_a-impure.o)
                              c:/st/stm32cubeide_1.6.1/stm32cubeide/plugins/com.st.stm32cube.ide.mcu.externaltools.gnu-tools-for-stm32.9-2020-q2-update.win32_1.5.0.202011040924/tools/bin/../lib/gcc/arm-none-eabi/9.3.1/../../../../arm-none-eabi/lib/thumb/v7e-m+fp/hard\libc_nano.a(lib_a-exit.o) (_global_impure_ptr)
c:/st/stm32cubeide_1.6.1/stm32cubeide/plugins/com.st.stm32cube.ide.mcu.externaltools.gnu-tools-for-stm32.9-2020-q2-update.win32_1.5.0.202011040924/tools/bin/../lib/gcc/arm-none-eabi/9.3.1/../../../../arm-none-eabi/lib/thumb/v7e-m+fp/hard\libc_nano.a(lib_a-init.o)
                              c:/st/stm32cubeide_1.6.1/stm32cubeide/plugins/com.st.stm32cube.ide.mcu.externaltools.gnu-tools-for-stm32.9-2020-q2-update.win32_1.5.0.202011040924/tools/bin/../lib/gcc/arm-none-eabi/9.3.1/../../../../arm-none-eabi/lib/thumb/v7e-m+fp/hard/crt0.o (__libc_init_array)
c:/st/stm32cubeide_1.6.1/stm32cubeide/plugins/com.st.stm32cube.ide.mcu.externaltools.gnu-tools-for-stm32.9-2020-q2-update.win32_1.5.0.202011040924/tools/bin/../lib/gcc/arm-none-eabi/9.3.1/../../../../arm-none-eabi/lib/thumb/v7e-m+fp/hard\libc_nano.a(lib_a-itoa.o)
                              Core/Src/stepper.o (itoa)
c:/st/stm32cubeide_1.6.1/stm32cubeide/plugins/com.st.stm32cube.ide.mcu.externaltools.gnu-tools-for-stm32.9-2020-q2-update.win32_1.5.0.202011040924/tools/bin/../lib/gcc/arm-none-eabi/9.3.1/../../../../arm-none-eabi/lib/thumb/v7e-m+fp/hard\libc_nano.a(lib_a-memset.o)
                              c:/st/stm32cubeide_1.6.1/stm32cubeide/plugins/com.st.stm32cube.ide.mcu.externaltools.gnu-tools-for-stm32.9-2020-q2-update.win32_1.5.0.202011040924/tools/bin/../lib/gcc/arm-none-eabi/9.3.1/../../../../arm-none-eabi/lib/thumb/v7e-m+fp/hard/crt0.o (memset)
c:/st/stm32cubeide_1.6.1/stm32cubeide/plugins/com.st.stm32cube.ide.mcu.externaltools.gnu-tools-for-stm32.9-2020-q2-update.win32_1.5.0.202011040924/tools/bin/../lib/gcc/arm-none-eabi/9.3.1/../../../../arm-none-eabi/lib/thumb/v7e-m+fp/hard\libc_nano.a(lib_a-utoa.o)
                              c:/st/stm32cubeide_1.6.1/stm32cubeide/plugins/com.st.stm32cube.ide.mcu.externaltools.gnu-tools-for-stm32.9-2020-q2-update.win32_1.5.0.202011040924/tools/bin/../lib/gcc/arm-none-eabi/9.3.1/../../../../arm-none-eabi/lib/thumb/v7e-m+fp/hard\libc_nano.a(lib_a-itoa.o) (__utoa)
c:/st/stm32cubeide_1.6.1/stm32cubeide/plugins/com.st.stm32cube.ide.mcu.externaltools.gnu-tools-for-stm32.9-2020-q2-update.win32_1.5.0.202011040924/tools/bin/../lib/gcc/arm-none-eabi/9.3.1/thumb/v7e-m+fp/hard\libgcc.a(_aeabi_uldivmod.o)
                              Drivers/STM32F4xx_HAL_Driver/Src/stm32f4xx_hal_rcc.o (__aeabi_uldivmod)
c:/st/stm32cubeide_1.6.1/stm32cubeide/plugins/com.st.stm32cube.ide.mcu.externaltools.gnu-tools-for-stm32.9-2020-q2-update.win32_1.5.0.202011040924/tools/bin/../lib/gcc/arm-none-eabi/9.3.1/thumb/v7e-m+fp/hard\libgcc.a(_udivmoddi4.o)
                              c:/st/stm32cubeide_1.6.1/stm32cubeide/plugins/com.st.stm32cube.ide.mcu.externaltools.gnu-tools-for-stm32.9-2020-q2-update.win32_1.5.0.202011040924/tools/bin/../lib/gcc/arm-none-eabi/9.3.1/thumb/v7e-m+fp/hard\libgcc.a(_aeabi_uldivmod.o) (__udivmoddi4)
c:/st/stm32cubeide_1.6.1/stm32cubeide/plugins/com.st.stm32cube.ide.mcu.externaltools.gnu-tools-for-stm32.9-2020-q2-update.win32_1.5.0.202011040924/tools/bin/../lib/gcc/arm-none-eabi/9.3.1/thumb/v7e-m+fp/hard\libgcc.a(_dvmd_tls.o)
                              c:/st/stm32cubeide_1.6.1/stm32cubeide/plugins/com.st.stm32cube.ide.mcu.externaltools.gnu-tools-for-stm32.9-2020-q2-update.win32_1.5.0.202011040924/tools/bin/../lib/gcc/arm-none-eabi/9.3.1/thumb/v7e-m+fp/hard\libgcc.a(_aeabi_uldivmod.o) (__aeabi_ldiv0)

Allocating common symbols
Common symbol       size              file

hi2c3               0x54              Core/Src/i2c.o
[...]
Memory Configuration

Name             Origin             Length             Attributes
CCMRAM           0x0000000010000000 0x0000000000010000 xrw
RAM              0x0000000020000000 0x0000000000030000 xrw
FLASH            0x0000000008000000 0x0000000000200000 xr
*default*        0x0000000000000000 0xffffffffffffffff

Linker script and memory map

LOAD c:/st/stm32cubeide_1.6.1/stm32cubeide/plugins/com.st.stm32cube.ide.mcu.externaltools.gnu-tools-for-stm32.9-2020-q2-update.win32_1.5.0.202011040924/tools/bin/../lib/gcc/arm-none-eabi/9.3.1/thumb/v7e-m+fp/hard/crti.o
LOAD c:/st/stm32cubeide_1.6.1/stm32cubeide/plugins/com.st.stm32cube.ide.mcu.externaltools.gnu-tools-for-stm32.9-2020-q2-update.win32_1.5.0.202011040924/tools/bin/../lib/gcc/arm-none-eabi/9.3.1/thumb/v7e-m+fp/hard/crtbegin.o
LOAD c:/st/stm32cubeide_1.6.1/stm32cubeide/plugins/com.st.stm32cube.ide.mcu.externaltools.gnu-tools-for-stm32.9-2020-q2-update.win32_1.5.0.202011040924/tools/bin/../lib/gcc/arm-none-eabi/9.3.1/../../../../arm-none-eabi/lib/thumb/v7e-m+fp/hard/crt0.o
LOAD Core/Src/crc.o
LOAD Core/Src/dma2d.o
LOAD Core/Src/fmc.o
LOAD Core/Src/gpio.o
LOAD Core/Src/i2c.o
LOAD Core/Src/ltdc.o
LOAD Core/Src/main.o
LOAD Core/Src/queue.o
LOAD Core/Src/spi.o
LOAD Core/Src/stepper.o
LOAD Core/Src/stm32f4xx_hal_msp.o
LOAD Core/Src/stm32f4xx_hal_timebase_tim.o
LOAD Core/Src/stm32f4xx_it.o
LOAD Core/Src/stp_cntr.o
LOAD Core/Src/syscalls.o
LOAD Core/Src/sysmem.o
LOAD Core/Src/system_stm32f4xx.o
LOAD Core/Src/tim.o
LOAD Core/Src/usart.o
LOAD Core/Src/usb_otg.o
LOAD Core/Startup/startup_stm32f429zitx.o
LOAD Drivers/STM32F4xx_HAL_Driver/Src/stm32f4xx_hal.o
LOAD Drivers/STM32F4xx_HAL_Driver/Src/stm32f4xx_hal_cortex.o
LOAD Drivers/STM32F4xx_HAL_Driver/Src/stm32f4xx_hal_crc.o
LOAD Drivers/STM32F4xx_HAL_Driver/Src/stm32f4xx_hal_dma.o
LOAD Drivers/STM32F4xx_HAL_Driver/Src/stm32f4xx_hal_dma2d.o
LOAD Drivers/STM32F4xx_HAL_Driver/Src/stm32f4xx_hal_dma_ex.o
LOAD Drivers/STM32F4xx_HAL_Driver/Src/stm32f4xx_hal_dsi.o
LOAD Drivers/STM32F4xx_HAL_Driver/Src/stm32f4xx_hal_exti.o
LOAD Drivers/STM32F4xx_HAL_Driver/Src/stm32f4xx_hal_flash.o
LOAD Drivers/STM32F4xx_HAL_Driver/Src/stm32f4xx_hal_flash_ex.o
LOAD Drivers/STM32F4xx_HAL_Driver/Src/stm32f4xx_hal_flash_ramfunc.o
LOAD Drivers/STM32F4xx_HAL_Driver/Src/stm32f4xx_hal_gpio.o
LOAD Drivers/STM32F4xx_HAL_Driver/Src/stm32f4xx_hal_hcd.o
LOAD Drivers/STM32F4xx_HAL_Driver/Src/stm32f4xx_hal_i2c.o
LOAD Drivers/STM32F4xx_HAL_Driver/Src/stm32f4xx_hal_i2c_ex.o
LOAD Drivers/STM32F4xx_HAL_Driver/Src/stm32f4xx_hal_ltdc.o
LOAD Drivers/STM32F4xx_HAL_Driver/Src/stm32f4xx_hal_ltdc_ex.o
LOAD Drivers/STM32F4xx_HAL_Driver/Src/stm32f4xx_hal_pwr.o
LOAD Drivers/STM32F4xx_HAL_Driver/Src/stm32f4xx_hal_pwr_ex.o
LOAD Drivers/STM32F4xx_HAL_Driver/Src/stm32f4xx_hal_rcc.o
LOAD Drivers/STM32F4xx_HAL_Driver/Src/stm32f4xx_hal_rcc_ex.o
LOAD Drivers/STM32F4xx_HAL_Driver/Src/stm32f4xx_hal_sdram.o
LOAD Drivers/STM32F4xx_HAL_Driver/Src/stm32f4xx_hal_spi.o
LOAD Drivers/STM32F4xx_HAL_Driver/Src/stm32f4xx_hal_tim.o
LOAD Drivers/STM32F4xx_HAL_Driver/Src/stm32f4xx_hal_tim_ex.o
LOAD Drivers/STM32F4xx_HAL_Driver/Src/stm32f4xx_hal_uart.o
LOAD Drivers/STM32F4xx_HAL_Driver/Src/stm32f4xx_ll_fmc.o
LOAD Drivers/STM32F4xx_HAL_Driver/Src/stm32f4xx_ll_usb.o
START GROUP
LOAD c:/st/stm32cubeide_1.6.1/stm32cubeide/plugins/com.st.stm32cube.ide.mcu.externaltools.gnu-tools-for-stm32.9-2020-q2-update.win32_1.5.0.202011040924/tools/bin/../lib/gcc/arm-none-eabi/9.3.1/../../../../arm-none-eabi/lib/thumb/v7e-m+fp/hard\libc_nano.a
LOAD c:/st/stm32cubeide_1.6.1/stm32cubeide/plugins/com.st.stm32cube.ide.mcu.externaltools.gnu-tools-for-stm32.9-2020-q2-update.win32_1.5.0.202011040924/tools/bin/../lib/gcc/arm-none-eabi/9.3.1/../../../../arm-none-eabi/lib/thumb/v7e-m+fp/hard\libm.a
END GROUP
START GROUP
LOAD c:/st/stm32cubeide_1.6.1/stm32cubeide/plugins/com.st.stm32cube.ide.mcu.externaltools.gnu-tools-for-stm32.9-2020-q2-update.win32_1.5.0.202011040924/tools/bin/../lib/gcc/arm-none-eabi/9.3.1/thumb/v7e-m+fp/hard\libgcc.a
LOAD c:/st/stm32cubeide_1.6.1/stm32cubeide/plugins/com.st.stm32cube.ide.mcu.externaltools.gnu-tools-for-stm32.9-2020-q2-update.win32_1.5.0.202011040924/tools/bin/../lib/gcc/arm-none-eabi/9.3.1/../../../../arm-none-eabi/lib/thumb/v7e-m+fp/hard\libc_nano.a
END GROUP
START GROUP
LOAD c:/st/stm32cubeide_1.6.1/stm32cubeide/plugins/com.st.stm32cube.ide.mcu.externaltools.gnu-tools-for-stm32.9-2020-q2-update.win32_1.5.0.202011040924/tools/bin/../lib/gcc/arm-none-eabi/9.3.1/thumb/v7e-m+fp/hard\libgcc.a
LOAD c:/st/stm32cubeide_1.6.1/stm32cubeide/plugins/com.st.stm32cube.ide.mcu.externaltools.gnu-tools-for-stm32.9-2020-q2-update.win32_1.5.0.202011040924/tools/bin/../lib/gcc/arm-none-eabi/9.3.1/../../../../arm-none-eabi/lib/thumb/v7e-m+fp/hard\libc_nano.a
LOAD c:/st/stm32cubeide_1.6.1/stm32cubeide/plugins/com.st.stm32cube.ide.mcu.externaltools.gnu-tools-for-stm32.9-2020-q2-update.win32_1.5.0.202011040924/tools/bin/../lib/gcc/arm-none-eabi/9.3.1/../../../../arm-none-eabi/lib/thumb/v7e-m+fp/hard\libnosys.a
END GROUP
START GROUP
LOAD c:/st/stm32cubeide_1.6.1/stm32cubeide/plugins/com.st.stm32cube.ide.mcu.externaltools.gnu-tools-for-stm32.9-2020-q2-update.win32_1.5.0.202011040924/tools/bin/../lib/gcc/arm-none-eabi/9.3.1/thumb/v7e-m+fp/hard\libgcc.a
LOAD c:/st/stm32cubeide_1.6.1/stm32cubeide/plugins/com.st.stm32cube.ide.mcu.externaltools.gnu-tools-for-stm32.9-2020-q2-update.win32_1.5.0.202011040924/tools/bin/../lib/gcc/arm-none-eabi/9.3.1/../../../../arm-none-eabi/lib/thumb/v7e-m+fp/hard\libc_nano.a
LOAD c:/st/stm32cubeide_1.6.1/stm32cubeide/plugins/com.st.stm32cube.ide.mcu.externaltools.gnu-tools-for-stm32.9-2020-q2-update.win32_1.5.0.202011040924/tools/bin/../lib/gcc/arm-none-eabi/9.3.1/../../../../arm-none-eabi/lib/thumb/v7e-m+fp/hard\libnosys.a
END GROUP
LOAD c:/st/stm32cubeide_1.6.1/stm32cubeide/plugins/com.st.stm32cube.ide.mcu.externaltools.gnu-tools-for-stm32.9-2020-q2-update.win32_1.5.0.202011040924/tools/bin/../lib/gcc/arm-none-eabi/9.3.1/thumb/v7e-m+fp/hard/crtend.o
LOAD c:/st/stm32cubeide_1.6.1/stm32cubeide/plugins/com.st.stm32cube.ide.mcu.externaltools.gnu-tools-for-stm32.9-2020-q2-update.win32_1.5.0.202011040924/tools/bin/../lib/gcc/arm-none-eabi/9.3.1/thumb/v7e-m+fp/hard/crtn.o
                0x0000000020030000                _estack = (ORIGIN (RAM) + LENGTH (RAM))
                0x0000000000000200                _Min_Heap_Size = 0x200
                0x0000000000000400                _Min_Stack_Size = 0x400

.isr_vector     0x0000000008000000      0x1ac
                0x0000000008000000                . = ALIGN (0x4)
 *(.isr_vector)
 .isr_vector    0x0000000008000000      0x1ac Core/Startup/startup_stm32f429zitx.o
                0x0000000008000000                g_pfnVectors
                0x00000000080001ac                . = ALIGN (0x4)

.text           0x00000000080001ac     0x7208
                0x00000000080001ac                . = ALIGN (0x4)
 *(.text)
 .text          0x00000000080001ac       0x40 c:/st/stm32cubeide_1.6.1/stm32cubeide/plugins/com.st.stm32cube.ide.mcu.externaltools.gnu-tools-for-stm32.9-2020-q2-update.win32_1.5.0.202011040924/tools/bin/../lib/gcc/arm-none-eabi/9.3.1/thumb/v7e-m+fp/hard/crtbegin.o
 .text          0x00000000080001ec       0x30 c:/st/stm32cubeide_1.6.1/stm32cubeide/plugins/com.st.stm32cube.ide.mcu.externaltools.gnu-tools-for-stm32.9-2020-q2-update.win32_1.5.0.202011040924/tools/bin/../lib/gcc/arm-none-eabi/9.3.1/thumb/v7e-m+fp/hard\libgcc.a(_aeabi_uldivmod.o)
                0x00000000080001ec                __aeabi_uldivmod
 .text          0x000000000800021c      0x2c4 c:/st/stm32cubeide_1.6.1/stm32cubeide/plugins/com.st.stm32cube.ide.mcu.externaltools.gnu-tools-for-stm32.9-2020-q2-update.win32_1.5.0.202011040924/tools/bin/../lib/gcc/arm-none-eabi/9.3.1/thumb/v7e-m+fp/hard\libgcc.a(_udivmoddi4.o)
                0x000000000800021c                __udivmoddi4
 .text          0x00000000080004e0        0x4 c:/st/stm32cubeide_1.6.1/stm32cubeide/plugins/com.st.stm32cube.ide.mcu.externaltools.gnu-tools-for-stm32.9-2020-q2-update.win32_1.5.0.202011040924/tools/bin/../lib/gcc/arm-none-eabi/9.3.1/thumb/v7e-m+fp/hard\libgcc.a(_dvmd_tls.o)
                0x00000000080004e0                __aeabi_idiv0
                0x00000000080004e0                __aeabi_ldiv0
 *(.text*)
 .text.MX_CRC_Init
                0x00000000080004e4       0x28 Core/Src/crc.o
                0x00000000080004e4                MX_CRC_Init
 .text.HAL_CRC_MspInit
                0x000000000800050c       0x44 Core/Src/crc.o
                0x000000000800050c                HAL_CRC_MspInit
 .text.MX_DMA2D_Init
                0x0000000008000550       0x64 Core/Src/dma2d.o
                0x0000000008000550                MX_DMA2D_Init
 .text.HAL_DMA2D_MspInit
                0x00000000080005b4       0x50 Core/Src/dma2d.o
                0x00000000080005b4                HAL_DMA2D_MspInit
 .text.MX_FMC_Init
                0x0000000008000604       0xa0 Core/Src/fmc.o
                0x0000000008000604                MX_FMC_Init
 .text.HAL_FMC_MspInit
                0x00000000080006a4      0x124 Core/Src/fmc.o
 .text.HAL_SDRAM_MspInit
                0x00000000080007c8       0x14 Core/Src/fmc.o
                0x00000000080007c8                HAL_SDRAM_MspInit
 .text.MX_GPIO_Init
                0x00000000080007dc      0x24c Core/Src/gpio.o
                0x00000000080007dc                MX_GPIO_Init
 .text.HAL_GPIO_EXTI_Callback
                0x0000000008000a28       0x3c Core/Src/gpio.o
                0x0000000008000a28                HAL_GPIO_EXTI_Callback
 .text.MX_I2C3_Init
                0x0000000008000a64       0x80 Core/Src/i2c.o
                0x0000000008000a64                MX_I2C3_Init
 .text.HAL_I2C_MspInit
                0x0000000008000ae4       0xd4 Core/Src/i2c.o
                0x0000000008000ae4                HAL_I2C_MspInit
 .text.MX_LTDC_Init
                0x0000000008000bb8      0x100 Core/Src/ltdc.o
                0x0000000008000bb8                MX_LTDC_Init
 .text.HAL_LTDC_MspInit
                0x0000000008000cb8      0x22c Core/Src/ltdc.o
                0x0000000008000cb8                HAL_LTDC_MspInit
 .text.main     0x0000000008000ee4       0xc0 Core/Src/main.o
                0x0000000008000ee4                main
 .text.SystemClock_Config
                0x0000000008000fa4      0x108 Core/Src/main.o
                0x0000000008000fa4                SystemClock_Config
 .text.buff_is_ready
                0x00000000080010ac       0x2c Core/Src/main.o
                0x00000000080010ac                buff_is_ready
 .text.HAL_TIM_PeriodElapsedCallback
                0x00000000080010d8       0x24 Core/Src/main.o
                0x00000000080010d8                HAL_TIM_PeriodElapsedCallback
 .text.Error_Handler
                0x00000000080010fc        0xa Core/Src/main.o
                0x00000000080010fc                Error_Handler
 .text.isQ_Full
                0x0000000008001106       0x42 Core/Src/queue.o
                0x0000000008001106                isQ_Full
 .text.reset_Queue
                0x0000000008001148       0x24 Core/Src/queue.o
                0x0000000008001148                reset_Queue
 .text.enQueue  0x000000000800116c       0x5a Core/Src/queue.o
                0x000000000800116c                enQueue
 *fill*         0x00000000080011c6        0x2 
 .text.MX_SPI5_Init
                0x00000000080011c8       0x6c Core/Src/spi.o
                0x00000000080011c8                MX_SPI5_Init
 .text.HAL_SPI_MspInit
                0x0000000008001234       0x90 Core/Src/spi.o
                0x0000000008001234                HAL_SPI_MspInit
 .text.MTR_ISR  0x00000000080012c4       0x5c Core/Src/stepper.o
                0x00000000080012c4                MTR_ISR
 .text.HAL_MspInit
                0x0000000008001320       0x50 Core/Src/stm32f4xx_hal_msp.o
                0x0000000008001320                HAL_MspInit
 .text.HAL_InitTick
                0x0000000008001370       0xb4 Core/Src/stm32f4xx_hal_timebase_tim.o
                0x0000000008001370                HAL_InitTick
 .text.NMI_Handler
                0x0000000008001424        0x6 Core/Src/stm32f4xx_it.o
                0x0000000008001424                NMI_Handler
 .text.HardFault_Handler
                0x000000000800142a        0x6 Core/Src/stm32f4xx_it.o
                0x000000000800142a                HardFault_Handler
 .text.MemManage_Handler
                0x0000000008001430        0x6 Core/Src/stm32f4xx_it.o
                0x0000000008001430                MemManage_Handler
 .text.BusFault_Handler
                0x0000000008001436        0x6 Core/Src/stm32f4xx_it.o
                0x0000000008001436                BusFault_Handler
 .text.UsageFault_Handler
                0x000000000800143c        0x6 Core/Src/stm32f4xx_it.o
                0x000000000800143c                UsageFault_Handler
 .text.SVC_Handler
                0x0000000008001442        0xe Core/Src/stm32f4xx_it.o
                0x0000000008001442                SVC_Handler
 .text.DebugMon_Handler
                0x0000000008001450        0xe Core/Src/stm32f4xx_it.o
                0x0000000008001450                DebugMon_Handler
 .text.PendSV_Handler
                0x000000000800145e        0xe Core/Src/stm32f4xx_it.o
                0x000000000800145e                PendSV_Handler
 .text.SysTick_Handler
                0x000000000800146c        0xe Core/Src/stm32f4xx_it.o
                0x000000000800146c                SysTick_Handler
 .text.EXTI0_IRQHandler
                0x000000000800147a        0xe Core/Src/stm32f4xx_it.o
                0x000000000800147a                EXTI0_IRQHandler
 .text.UART5_IRQHandler
                0x0000000008001488       0x14 Core/Src/stm32f4xx_it.o
                0x0000000008001488                UART5_IRQHandler
 .text.TIM6_DAC_IRQHandler
                0x000000000800149c       0x14 Core/Src/stm32f4xx_it.o
                0x000000000800149c                TIM6_DAC_IRQHandler
 .text.TIM7_IRQHandler
                0x00000000080014b0        0xc Core/Src/stm32f4xx_it.o
                0x00000000080014b0                TIM7_IRQHandler
 .text.OTG_HS_IRQHandler
                0x00000000080014bc       0x14 Core/Src/stm32f4xx_it.o
                0x00000000080014bc                OTG_HS_IRQHandler
 .text.LTDC_IRQHandler
                0x00000000080014d0       0x14 Core/Src/stm32f4xx_it.o
                0x00000000080014d0                LTDC_IRQHandler
 .text.DMA2D_IRQHandler
                0x00000000080014e4       0x14 Core/Src/stm32f4xx_it.o
                0x00000000080014e4                DMA2D_IRQHandler
 .text.SystemInit
                0x00000000080014f8       0x24 Core/Src/system_stm32f4xx.o
                0x00000000080014f8                SystemInit
 .text.MX_TIM1_Init
                0x000000000800151c       0xa0 Core/Src/tim.o
                0x000000000800151c                MX_TIM1_Init
 .text.MX_TIM7_Init
                0x00000000080015bc       0x6c Core/Src/tim.o
                0x00000000080015bc                MX_TIM7_Init
 .text.HAL_TIM_Base_MspInit
                0x0000000008001628       0x7c Core/Src/tim.o
                0x0000000008001628                HAL_TIM_Base_MspInit
 .text.MX_UART5_Init
                0x00000000080016a4       0x54 Core/Src/usart.o
                0x00000000080016a4                MX_UART5_Init
 .text.MX_USART1_UART_Init
                0x00000000080016f8       0x54 Core/Src/usart.o
                0x00000000080016f8                MX_USART1_UART_Init
 .text.HAL_UART_MspInit
                0x000000000800174c      0x150 Core/Src/usart.o
                0x000000000800174c                HAL_UART_MspInit
 .text.HAL_UART_TxCpltCallback
                0x000000000800189c       0x14 Core/Src/usart.o
                0x000000000800189c                HAL_UART_TxCpltCallback
 .text.HAL_UART_RxCpltCallback
                0x00000000080018b0       0x34 Core/Src/usart.o
                0x00000000080018b0                HAL_UART_RxCpltCallback
 .text.MX_USB_OTG_HS_HCD_Init
                0x00000000080018e4       0x58 Core/Src/usb_otg.o
                0x00000000080018e4                MX_USB_OTG_HS_HCD_Init
 .text.HAL_HCD_MspInit
                0x000000000800193c       0xbc Core/Src/usb_otg.o
                0x000000000800193c                HAL_HCD_MspInit
 .text.Reset_Handler
                0x00000000080019f8       0x50 Core/Startup/startup_stm32f429zitx.o
                0x00000000080019f8                Reset_Handler
 .text.Default_Handler
                0x0000000008001a48        0x2 Core/Startup/startup_stm32f429zitx.o
                0x0000000008001a48                RTC_Alarm_IRQHandler
                0x0000000008001a48                HASH_RNG_IRQHandler
                0x0000000008001a48                EXTI2_IRQHandler
                0x0000000008001a48                TIM8_CC_IRQHandler
                0x0000000008001a48                UART8_IRQHandler
                0x0000000008001a48                SPI4_IRQHandler
                0x0000000008001a48                TIM1_CC_IRQHandler
                0x0000000008001a48                DMA2_Stream5_IRQHandler
                0x0000000008001a48                DMA1_Stream5_IRQHandler
                0x0000000008001a48                PVD_IRQHandler
                0x0000000008001a48                SDIO_IRQHandler
                0x0000000008001a48                TAMP_STAMP_IRQHandler
                0x0000000008001a48                CAN2_RX1_IRQHandler
                0x0000000008001a48                EXTI3_IRQHandler
                0x0000000008001a48                TIM8_TRG_COM_TIM14_IRQHandler
                0x0000000008001a48                TIM1_UP_TIM10_IRQHandler
                0x0000000008001a48                TIM8_UP_TIM13_IRQHandler
                0x0000000008001a48                I2C3_ER_IRQHandler
                0x0000000008001a48                I2C2_EV_IRQHandler
                0x0000000008001a48                DMA1_Stream2_IRQHandler
                0x0000000008001a48                CAN1_RX0_IRQHandler
                0x0000000008001a48                FPU_IRQHandler
                0x0000000008001a48                OTG_HS_WKUP_IRQHandler
                0x0000000008001a48                LTDC_ER_IRQHandler
                0x0000000008001a48                CAN2_SCE_IRQHandler
                0x0000000008001a48                DMA2_Stream2_IRQHandler
                0x0000000008001a48                SPI1_IRQHandler
                0x0000000008001a48                TIM1_BRK_TIM9_IRQHandler
                0x0000000008001a48                DCMI_IRQHandler
                0x0000000008001a48                CAN2_RX0_IRQHandler
                0x0000000008001a48                DMA2_Stream3_IRQHandler
                0x0000000008001a48                USART6_IRQHandler
                0x0000000008001a48                USART3_IRQHandler
                0x0000000008001a48                CAN1_RX1_IRQHandler
                0x0000000008001a48                DMA2_Stream0_IRQHandler
                0x0000000008001a48                TIM4_IRQHandler
                0x0000000008001a48                I2C1_EV_IRQHandler
                0x0000000008001a48                DMA1_Stream6_IRQHandler
                0x0000000008001a48                DMA1_Stream1_IRQHandler
                0x0000000008001a48                UART4_IRQHandler
                0x0000000008001a48                TIM3_IRQHandler
                0x0000000008001a48                RCC_IRQHandler
                0x0000000008001a48                TIM8_BRK_TIM12_IRQHandler
                0x0000000008001a48                Default_Handler
                0x0000000008001a48                EXTI15_10_IRQHandler
                0x0000000008001a48                ADC_IRQHandler
                0x0000000008001a48                DMA1_Stream7_IRQHandler
                0x0000000008001a48                SPI5_IRQHandler
                0x0000000008001a48                CAN2_TX_IRQHandler
                0x0000000008001a48                TIM5_IRQHandler
                0x0000000008001a48                DMA2_Stream7_IRQHandler
                0x0000000008001a48                I2C3_EV_IRQHandler
                0x0000000008001a48                EXTI9_5_IRQHandler
                0x0000000008001a48                RTC_WKUP_IRQHandler
                0x0000000008001a48                ETH_WKUP_IRQHandler
                0x0000000008001a48                SPI2_IRQHandler
                0x0000000008001a48                OTG_HS_EP1_IN_IRQHandler
                0x0000000008001a48                DMA1_Stream0_IRQHandler
                0x0000000008001a48                CAN1_TX_IRQHandler
                0x0000000008001a48                EXTI4_IRQHandler
                0x0000000008001a48                ETH_IRQHandler
                0x0000000008001a48                OTG_HS_EP1_OUT_IRQHandler
                0x0000000008001a48                WWDG_IRQHandler
                0x0000000008001a48                SPI6_IRQHandler
                0x0000000008001a48                TIM2_IRQHandler
                0x0000000008001a48                OTG_FS_WKUP_IRQHandler
                0x0000000008001a48                TIM1_TRG_COM_TIM11_IRQHandler
                0x0000000008001a48                EXTI1_IRQHandler
                0x0000000008001a48                UART7_IRQHandler
                0x0000000008001a48                USART2_IRQHandler
                0x0000000008001a48                I2C2_ER_IRQHandler
                0x0000000008001a48                DMA2_Stream1_IRQHandler
                0x0000000008001a48                CAN1_SCE_IRQHandler
                0x0000000008001a48                FLASH_IRQHandler
                0x0000000008001a48                DMA2_Stream4_IRQHandler
                0x0000000008001a48                USART1_IRQHandler
                0x0000000008001a48                OTG_FS_IRQHandler
                0x0000000008001a48                SPI3_IRQHandler
                0x0000000008001a48                DMA1_Stream4_IRQHandler
                0x0000000008001a48                I2C1_ER_IRQHandler
                0x0000000008001a48                FMC_IRQHandler
                0x0000000008001a48                DMA2_Stream6_IRQHandler
                0x0000000008001a48                SAI1_IRQHandler
                0x0000000008001a48                DMA1_Stream3_IRQHandler
 *fill*         0x0000000008001a4a        0x2 
 .text.HAL_Init
                0x0000000008001a4c       0x44 Drivers/STM32F4xx_HAL_Driver/Src/stm32f4xx_hal.o
                0x0000000008001a4c                HAL_Init
 .text.HAL_IncTick
                0x0000000008001a90       0x28 Drivers/STM32F4xx_HAL_Driver/Src/stm32f4xx_hal.o
                0x0000000008001a90                HAL_IncTick
 .text.HAL_GetTick
                0x0000000008001ab8       0x18 Drivers/STM32F4xx_HAL_Driver/Src/stm32f4xx_hal.o
                0x0000000008001ab8                HAL_GetTick
 .text.HAL_Delay
                0x0000000008001ad0       0x48 Drivers/STM32F4xx_HAL_Driver/Src/stm32f4xx_hal.o
                0x0000000008001ad0                HAL_Delay
 .text.__NVIC_SetPriorityGrouping
                0x0000000008001b18       0x48 Drivers/STM32F4xx_HAL_Driver/Src/stm32f4xx_hal_cortex.o
 .text.__NVIC_GetPriorityGrouping
                0x0000000008001b60       0x1c Drivers/STM32F4xx_HAL_Driver/Src/stm32f4xx_hal_cortex.o
 .text.__NVIC_EnableIRQ
                0x0000000008001b7c       0x3c Drivers/STM32F4xx_HAL_Driver/Src/stm32f4xx_hal_cortex.o
 .text.__NVIC_SetPriority
                0x0000000008001bb8       0x54 Drivers/STM32F4xx_HAL_Driver/Src/stm32f4xx_hal_cortex.o
 .text.NVIC_EncodePriority
                0x0000000008001c0c       0x66 Drivers/STM32F4xx_HAL_Driver/Src/stm32f4xx_hal_cortex.o
 .text.HAL_NVIC_SetPriorityGrouping
                0x0000000008001c72       0x16 Drivers/STM32F4xx_HAL_Driver/Src/stm32f4xx_hal_cortex.o
                0x0000000008001c72                HAL_NVIC_SetPriorityGrouping
 .text.HAL_NVIC_SetPriority
                0x0000000008001c88       0x38 Drivers/STM32F4xx_HAL_Driver/Src/stm32f4xx_hal_cortex.o
                0x0000000008001c88                HAL_NVIC_SetPriority
 .text.HAL_NVIC_EnableIRQ
                0x0000000008001cc0       0x1c Drivers/STM32F4xx_HAL_Driver/Src/stm32f4xx_hal_cortex.o
                0x0000000008001cc0                HAL_NVIC_EnableIRQ
 .text.HAL_CRC_Init
                0x0000000008001cdc       0x38 Drivers/STM32F4xx_HAL_Driver/Src/stm32f4xx_hal_crc.o
                0x0000000008001cdc                HAL_CRC_Init
 .text.HAL_DMA_Abort
                0x0000000008001d14       0xe0 Drivers/STM32F4xx_HAL_Driver/Src/stm32f4xx_hal_dma.o
                0x0000000008001d14                HAL_DMA_Abort
 .text.HAL_DMA_Abort_IT
                0x0000000008001df4       0x44 Drivers/STM32F4xx_HAL_Driver/Src/stm32f4xx_hal_dma.o
                0x0000000008001df4                HAL_DMA_Abort_IT
 .text.HAL_DMA2D_Init
                0x0000000008001e38       0x92 Drivers/STM32F4xx_HAL_Driver/Src/stm32f4xx_hal_dma2d.o
                0x0000000008001e38                HAL_DMA2D_Init
 .text.HAL_DMA2D_IRQHandler
                0x0000000008001eca      0x1f8 Drivers/STM32F4xx_HAL_Driver/Src/stm32f4xx_hal_dma2d.o
                0x0000000008001eca                HAL_DMA2D_IRQHandler
 .text.HAL_DMA2D_LineEventCallback
                0x00000000080020c2       0x14 Drivers/STM32F4xx_HAL_Driver/Src/stm32f4xx_hal_dma2d.o
                0x00000000080020c2                HAL_DMA2D_LineEventCallback
 .text.HAL_DMA2D_CLUTLoadingCpltCallback
                0x00000000080020d6       0x14 Drivers/STM32F4xx_HAL_Driver/Src/stm32f4xx_hal_dma2d.o
                0x00000000080020d6                HAL_DMA2D_CLUTLoadingCpltCallback
 *fill*         0x00000000080020ea        0x2 
 .text.HAL_DMA2D_ConfigLayer
                0x00000000080020ec      0x124 Drivers/STM32F4xx_HAL_Driver/Src/stm32f4xx_hal_dma2d.o
                0x00000000080020ec                HAL_DMA2D_ConfigLayer
 .text.HAL_GPIO_Init
                0x0000000008002210      0x358 Drivers/STM32F4xx_HAL_Driver/Src/stm32f4xx_hal_gpio.o
                0x0000000008002210                HAL_GPIO_Init
 .text.HAL_GPIO_WritePin
                0x0000000008002568       0x32 Drivers/STM32F4xx_HAL_Driver/Src/stm32f4xx_hal_gpio.o
                0x0000000008002568                HAL_GPIO_WritePin
 .text.HAL_GPIO_TogglePin
                0x000000000800259a       0x34 Drivers/STM32F4xx_HAL_Driver/Src/stm32f4xx_hal_gpio.o
                0x000000000800259a                HAL_GPIO_TogglePin
 *fill*         0x00000000080025ce        0x2 
 .text.HAL_GPIO_EXTI_IRQHandler
                0x00000000080025d0       0x30 Drivers/STM32F4xx_HAL_Driver/Src/stm32f4xx_hal_gpio.o
                0x00000000080025d0                HAL_GPIO_EXTI_IRQHandler
 .text.HAL_HCD_Init
                0x0000000008002600       0xc4 Drivers/STM32F4xx_HAL_Driver/Src/stm32f4xx_hal_hcd.o
                0x0000000008002600                HAL_HCD_Init
 .text.HAL_HCD_IRQHandler
                0x00000000080026c4      0x208 Drivers/STM32F4xx_HAL_Driver/Src/stm32f4xx_hal_hcd.o
                0x00000000080026c4                HAL_HCD_IRQHandler
 .text.HAL_HCD_SOF_Callback
                0x00000000080028cc       0x14 Drivers/STM32F4xx_HAL_Driver/Src/stm32f4xx_hal_hcd.o
                0x00000000080028cc                HAL_HCD_SOF_Callback
 .text.HAL_HCD_Connect_Callback
                0x00000000080028e0       0x14 Drivers/STM32F4xx_HAL_Driver/Src/stm32f4xx_hal_hcd.o
                0x00000000080028e0                HAL_HCD_Connect_Callback
 .text.HAL_HCD_Disconnect_Callback
                0x00000000080028f4       0x14 Drivers/STM32F4xx_HAL_Driver/Src/stm32f4xx_hal_hcd.o
                0x00000000080028f4                HAL_HCD_Disconnect_Callback
 .text.HAL_HCD_PortEnabled_Callback
                0x0000000008002908       0x14 Drivers/STM32F4xx_HAL_Driver/Src/stm32f4xx_hal_hcd.o
                0x0000000008002908                HAL_HCD_PortEnabled_Callback
 .text.HAL_HCD_PortDisabled_Callback
                0x000000000800291c       0x14 Drivers/STM32F4xx_HAL_Driver/Src/stm32f4xx_hal_hcd.o
                0x000000000800291c                HAL_HCD_PortDisabled_Callback
 .text.HAL_HCD_HC_NotifyURBChange_Callback
                0x0000000008002930       0x1c Drivers/STM32F4xx_HAL_Driver/Src/stm32f4xx_hal_hcd.o
                0x0000000008002930                HAL_HCD_HC_NotifyURBChange_Callback
 .text.HCD_HC_IN_IRQHandler
                0x000000000800294c      0x844 Drivers/STM32F4xx_HAL_Driver/Src/stm32f4xx_hal_hcd.o
 .text.HCD_HC_OUT_IRQHandler
                0x0000000008003190      0x7fa Drivers/STM32F4xx_HAL_Driver/Src/stm32f4xx_hal_hcd.o
 .text.HCD_RXQLVL_IRQHandler
                0x000000000800398a      0x1a4 Drivers/STM32F4xx_HAL_Driver/Src/stm32f4xx_hal_hcd.o
 .text.HCD_Port_IRQHandler
                0x0000000008003b2e       0xe6 Drivers/STM32F4xx_HAL_Driver/Src/stm32f4xx_hal_hcd.o
 .text.HAL_I2C_Init
                0x0000000008003c14      0x288 Drivers/STM32F4xx_HAL_Driver/Src/stm32f4xx_hal_i2c.o
                0x0000000008003c14                HAL_I2C_Init
 .text.HAL_I2CEx_ConfigAnalogFilter
                0x0000000008003e9c       0x78 Drivers/STM32F4xx_HAL_Driver/Src/stm32f4xx_hal_i2c_ex.o
                0x0000000008003e9c                HAL_I2CEx_ConfigAnalogFilter
 .text.HAL_I2CEx_ConfigDigitalFilter
                0x0000000008003f14       0x7e Drivers/STM32F4xx_HAL_Driver/Src/stm32f4xx_hal_i2c_ex.o
                0x0000000008003f14                HAL_I2CEx_ConfigDigitalFilter
 *fill*         0x0000000008003f92        0x2 
 .text.HAL_LTDC_Init
                0x0000000008003f94      0x1a0 Drivers/STM32F4xx_HAL_Driver/Src/stm32f4xx_hal_ltdc.o
                0x0000000008003f94                HAL_LTDC_Init
 .text.HAL_LTDC_IRQHandler
                0x0000000008004134      0x148 Drivers/STM32F4xx_HAL_Driver/Src/stm32f4xx_hal_ltdc.o
                0x0000000008004134                HAL_LTDC_IRQHandler
 .text.HAL_LTDC_ErrorCallback
                0x000000000800427c       0x14 Drivers/STM32F4xx_HAL_Driver/Src/stm32f4xx_hal_ltdc.o
                0x000000000800427c                HAL_LTDC_ErrorCallback
 .text.HAL_LTDC_LineEventCallback
                0x0000000008004290       0x14 Drivers/STM32F4xx_HAL_Driver/Src/stm32f4xx_hal_ltdc.o
                0x0000000008004290                HAL_LTDC_LineEventCallback
 .text.HAL_LTDC_ReloadEventCallback
                0x00000000080042a4       0x14 Drivers/STM32F4xx_HAL_Driver/Src/stm32f4xx_hal_ltdc.o
                0x00000000080042a4                HAL_LTDC_ReloadEventCallback
 .text.HAL_LTDC_ConfigLayer
                0x00000000080042b8       0x7c Drivers/STM32F4xx_HAL_Driver/Src/stm32f4xx_hal_ltdc.o
                0x00000000080042b8                HAL_LTDC_ConfigLayer
 .text.LTDC_SetConfig
                0x0000000008004334      0x32e Drivers/STM32F4xx_HAL_Driver/Src/stm32f4xx_hal_ltdc.o
 *fill*         0x0000000008004662        0x2 
 .text.HAL_RCC_OscConfig
                0x0000000008004664      0x4f0 Drivers/STM32F4xx_HAL_Driver/Src/stm32f4xx_hal_rcc.o
                0x0000000008004664                HAL_RCC_OscConfig
 .text.HAL_RCC_ClockConfig
                0x0000000008004b54      0x1cc Drivers/STM32F4xx_HAL_Driver/Src/stm32f4xx_hal_rcc.o
                0x0000000008004b54                HAL_RCC_ClockConfig
 .text.HAL_RCC_GetSysClockFreq
                0x0000000008004d20      0x1c4 Drivers/STM32F4xx_HAL_Driver/Src/stm32f4xx_hal_rcc.o
                0x0000000008004d20                HAL_RCC_GetSysClockFreq
 .text.HAL_RCC_GetHCLKFreq
                0x0000000008004ee4       0x18 Drivers/STM32F4xx_HAL_Driver/Src/stm32f4xx_hal_rcc.o
                0x0000000008004ee4                HAL_RCC_GetHCLKFreq
 .text.HAL_RCC_GetPCLK1Freq
                0x0000000008004efc       0x28 Drivers/STM32F4xx_HAL_Driver/Src/stm32f4xx_hal_rcc.o
                0x0000000008004efc                HAL_RCC_GetPCLK1Freq
 .text.HAL_RCC_GetPCLK2Freq
                0x0000000008004f24       0x28 Drivers/STM32F4xx_HAL_Driver/Src/stm32f4xx_hal_rcc.o
                0x0000000008004f24                HAL_RCC_GetPCLK2Freq
 .text.HAL_RCC_GetClockConfig
                0x0000000008004f4c       0x64 Drivers/STM32F4xx_HAL_Driver/Src/stm32f4xx_hal_rcc.o
                0x0000000008004f4c                HAL_RCC_GetClockConfig
 .text.HAL_RCCEx_PeriphCLKConfig
                0x0000000008004fb0      0x37c Drivers/STM32F4xx_HAL_Driver/Src/stm32f4xx_hal_rcc_ex.o
                0x0000000008004fb0                HAL_RCCEx_PeriphCLKConfig
 .text.HAL_SDRAM_Init
                0x000000000800532c       0x68 Drivers/STM32F4xx_HAL_Driver/Src/stm32f4xx_hal_sdram.o
                0x000000000800532c                HAL_SDRAM_Init
 .text.HAL_SPI_Init
                0x0000000008005394      0x112 Drivers/STM32F4xx_HAL_Driver/Src/stm32f4xx_hal_spi.o
                0x0000000008005394                HAL_SPI_Init
 .text.HAL_TIM_Base_Init
                0x00000000080054a6       0x9e Drivers/STM32F4xx_HAL_Driver/Src/stm32f4xx_hal_tim.o
                0x00000000080054a6                HAL_TIM_Base_Init
 .text.HAL_TIM_Base_Start_IT
                0x0000000008005544       0xe0 Drivers/STM32F4xx_HAL_Driver/Src/stm32f4xx_hal_tim.o
                0x0000000008005544                HAL_TIM_Base_Start_IT
 .text.HAL_TIM_IRQHandler
                0x0000000008005624      0x210 Drivers/STM32F4xx_HAL_Driver/Src/stm32f4xx_hal_tim.o
                0x0000000008005624                HAL_TIM_IRQHandler
 .text.HAL_TIM_ConfigClockSource
                0x0000000008005834      0x188 Drivers/STM32F4xx_HAL_Driver/Src/stm32f4xx_hal_tim.o
                0x0000000008005834                HAL_TIM_ConfigClockSource
 .text.HAL_TIM_OC_DelayElapsedCallback
                0x00000000080059bc       0x14 Drivers/STM32F4xx_HAL_Driver/Src/stm32f4xx_hal_tim.o
                0x00000000080059bc                HAL_TIM_OC_DelayElapsedCallback
 .text.HAL_TIM_IC_CaptureCallback
                0x00000000080059d0       0x14 Drivers/STM32F4xx_HAL_Driver/Src/stm32f4xx_hal_tim.o
                0x00000000080059d0                HAL_TIM_IC_CaptureCallback
 .text.HAL_TIM_PWM_PulseFinishedCallback
                0x00000000080059e4       0x14 Drivers/STM32F4xx_HAL_Driver/Src/stm32f4xx_hal_tim.o
                0x00000000080059e4                HAL_TIM_PWM_PulseFinishedCallback
 .text.HAL_TIM_TriggerCallback
                0x00000000080059f8       0x14 Drivers/STM32F4xx_HAL_Driver/Src/stm32f4xx_hal_tim.o
                0x00000000080059f8                HAL_TIM_TriggerCallback
 .text.TIM_Base_SetConfig
                0x0000000008005a0c      0x140 Drivers/STM32F4xx_HAL_Driver/Src/stm32f4xx_hal_tim.o
                0x0000000008005a0c                TIM_Base_SetConfig
 .text.TIM_TI1_ConfigInputStage
                0x0000000008005b4c       0x5e Drivers/STM32F4xx_HAL_Driver/Src/stm32f4xx_hal_tim.o
 .text.TIM_TI2_ConfigInputStage
                0x0000000008005baa       0x60 Drivers/STM32F4xx_HAL_Driver/Src/stm32f4xx_hal_tim.o
 .text.TIM_ITRx_SetConfig
                0x0000000008005c0a       0x36 Drivers/STM32F4xx_HAL_Driver/Src/stm32f4xx_hal_tim.o
 .text.TIM_ETR_SetConfig
                0x0000000008005c40       0x40 Drivers/STM32F4xx_HAL_Driver/Src/stm32f4xx_hal_tim.o
                0x0000000008005c40                TIM_ETR_SetConfig
 .text.HAL_TIMEx_MasterConfigSynchronization
                0x0000000008005c80       0xf8 Drivers/STM32F4xx_HAL_Driver/Src/stm32f4xx_hal_tim_ex.o
                0x0000000008005c80                HAL_TIMEx_MasterConfigSynchronization
 .text.HAL_TIMEx_CommutCallback
                0x0000000008005d78       0x14 Drivers/STM32F4xx_HAL_Driver/Src/stm32f4xx_hal_tim_ex.o
                0x0000000008005d78                HAL_TIMEx_CommutCallback
 .text.HAL_TIMEx_BreakCallback
                0x0000000008005d8c       0x14 Drivers/STM32F4xx_HAL_Driver/Src/stm32f4xx_hal_tim_ex.o
                0x0000000008005d8c                HAL_TIMEx_BreakCallback
 .text.HAL_UART_Init
                0x0000000008005da0       0x9a Drivers/STM32F4xx_HAL_Driver/Src/stm32f4xx_hal_uart.o
                0x0000000008005da0                HAL_UART_Init
 .text.HAL_UART_Transmit_IT
                0x0000000008005e3a       0x8a Drivers/STM32F4xx_HAL_Driver/Src/stm32f4xx_hal_uart.o
                0x0000000008005e3a                HAL_UART_Transmit_IT
 .text.HAL_UART_Receive_IT
                0x0000000008005ec4       0x60 Drivers/STM32F4xx_HAL_Driver/Src/stm32f4xx_hal_uart.o
                0x0000000008005ec4                HAL_UART_Receive_IT
 .text.HAL_UART_IRQHandler
                0x0000000008005f24      0x358 Drivers/STM32F4xx_HAL_Driver/Src/stm32f4xx_hal_uart.o
                0x0000000008005f24                HAL_UART_IRQHandler
 .text.HAL_UART_ErrorCallback
                0x000000000800627c       0x14 Drivers/STM32F4xx_HAL_Driver/Src/stm32f4xx_hal_uart.o
                0x000000000800627c                HAL_UART_ErrorCallback
 .text.HAL_UARTEx_RxEventCallback
                0x0000000008006290       0x18 Drivers/STM32F4xx_HAL_Driver/Src/stm32f4xx_hal_uart.o
                0x0000000008006290                HAL_UARTEx_RxEventCallback
 .text.UART_Start_Receive_IT
                0x00000000080062a8       0x74 Drivers/STM32F4xx_HAL_Driver/Src/stm32f4xx_hal_uart.o
                0x00000000080062a8                UART_Start_Receive_IT
 .text.UART_EndRxTransfer
                0x000000000800631c       0x5a Drivers/STM32F4xx_HAL_Driver/Src/stm32f4xx_hal_uart.o
 .text.UART_DMAAbortOnError
                0x0000000008006376       0x28 Drivers/STM32F4xx_HAL_Driver/Src/stm32f4xx_hal_uart.o
 .text.UART_Transmit_IT
                0x000000000800639e       0xa0 Drivers/STM32F4xx_HAL_Driver/Src/stm32f4xx_hal_uart.o
 .text.UART_EndTransmit_IT
                0x000000000800643e       0x30 Drivers/STM32F4xx_HAL_Driver/Src/stm32f4xx_hal_uart.o
 .text.UART_Receive_IT
                0x000000000800646e      0x12e Drivers/STM32F4xx_HAL_Driver/Src/stm32f4xx_hal_uart.o
 .text.UART_SetConfig
                0x000000000800659c      0x390 Drivers/STM32F4xx_HAL_Driver/Src/stm32f4xx_hal_uart.o
 .text.FMC_SDRAM_Init
                0x000000000800692c       0xe6 Drivers/STM32F4xx_HAL_Driver/Src/stm32f4xx_ll_fmc.o
                0x000000000800692c                FMC_SDRAM_Init
 .text.FMC_SDRAM_Timing_Init
                0x0000000008006a12       0xfe Drivers/STM32F4xx_HAL_Driver/Src/stm32f4xx_ll_fmc.o
                0x0000000008006a12                FMC_SDRAM_Timing_Init
 .text.USB_CoreInit
                0x0000000008006b10       0xc2 Drivers/STM32F4xx_HAL_Driver/Src/stm32f4xx_ll_usb.o
                0x0000000008006b10                USB_CoreInit
 .text.USB_DisableGlobalInt
                0x0000000008006bd2       0x22 Drivers/STM32F4xx_HAL_Driver/Src/stm32f4xx_ll_usb.o
                0x0000000008006bd2                USB_DisableGlobalInt
 .text.USB_SetCurrentMode
                0x0000000008006bf4       0x54 Drivers/STM32F4xx_HAL_Driver/Src/stm32f4xx_ll_usb.o
                0x0000000008006bf4                USB_SetCurrentMode
 .text.USB_FlushTxFifo
                0x0000000008006c48       0x4c Drivers/STM32F4xx_HAL_Driver/Src/stm32f4xx_ll_usb.o
                0x0000000008006c48                USB_FlushTxFifo
 .text.USB_FlushRxFifo
                0x0000000008006c94       0x44 Drivers/STM32F4xx_HAL_Driver/Src/stm32f4xx_ll_usb.o
                0x0000000008006c94                USB_FlushRxFifo
 .text.USB_ReadPacket
                0x0000000008006cd8       0x52 Drivers/STM32F4xx_HAL_Driver/Src/stm32f4xx_ll_usb.o
                0x0000000008006cd8                USB_ReadPacket
 .text.USB_ReadInterrupts
                0x0000000008006d2a       0x26 Drivers/STM32F4xx_HAL_Driver/Src/stm32f4xx_ll_usb.o
                0x0000000008006d2a                USB_ReadInterrupts
 .text.USB_GetMode
                0x0000000008006d50       0x1c Drivers/STM32F4xx_HAL_Driver/Src/stm32f4xx_ll_usb.o
                0x0000000008006d50                USB_GetMode
 .text.USB_CoreReset
                0x0000000008006d6c       0x68 Drivers/STM32F4xx_HAL_Driver/Src/stm32f4xx_ll_usb.o
 .text.USB_HostInit
                0x0000000008006dd4      0x178 Drivers/STM32F4xx_HAL_Driver/Src/stm32f4xx_ll_usb.o
                0x0000000008006dd4                USB_HostInit
 .text.USB_InitFSLSPClkSel
                0x0000000008006f4c       0x74 Drivers/STM32F4xx_HAL_Driver/Src/stm32f4xx_ll_usb.o
                0x0000000008006f4c                USB_InitFSLSPClkSel
 .text.USB_DriveVbus
                0x0000000008006fc0       0x72 Drivers/STM32F4xx_HAL_Driver/Src/stm32f4xx_ll_usb.o
                0x0000000008006fc0                USB_DriveVbus
 .text.USB_HC_ReadInterrupt
                0x0000000008007032       0x22 Drivers/STM32F4xx_HAL_Driver/Src/stm32f4xx_ll_usb.o
                0x0000000008007032                USB_HC_ReadInterrupt
 .text.USB_HC_Halt
                0x0000000008007054      0x238 Drivers/STM32F4xx_HAL_Driver/Src/stm32f4xx_ll_usb.o
                0x0000000008007054                USB_HC_Halt
 .text.__libc_init_array
                0x000000000800728c       0x48 c:/st/stm32cubeide_1.6.1/stm32cubeide/plugins/com.st.stm32cube.ide.mcu.externaltools.gnu-tools-for-stm32.9-2020-q2-update.win32_1.5.0.202011040924/tools/bin/../lib/gcc/arm-none-eabi/9.3.1/../../../../arm-none-eabi/lib/thumb/v7e-m+fp/hard\libc_nano.a(lib_a-init.o)
                0x000000000800728c                __libc_init_array
 .text.__itoa   0x00000000080072d4       0x30 c:/st/stm32cubeide_1.6.1/stm32cubeide/plugins/com.st.stm32cube.ide.mcu.externaltools.gnu-tools-for-stm32.9-2020-q2-update.win32_1.5.0.202011040924/tools/bin/../lib/gcc/arm-none-eabi/9.3.1/../../../../arm-none-eabi/lib/thumb/v7e-m+fp/hard\libc_nano.a(lib_a-itoa.o)
                0x00000000080072d4                __itoa
 .text.itoa     0x0000000008007304        0x4 c:/st/stm32cubeide_1.6.1/stm32cubeide/plugins/com.st.stm32cube.ide.mcu.externaltools.gnu-tools-for-stm32.9-2020-q2-update.win32_1.5.0.202011040924/tools/bin/../lib/gcc/arm-none-eabi/9.3.1/../../../../arm-none-eabi/lib/thumb/v7e-m+fp/hard\libc_nano.a(lib_a-itoa.o)
                0x0000000008007304                itoa
 .text.memset   0x0000000008007308       0x10 c:/st/stm32cubeide_1.6.1/stm32cubeide/plugins/com.st.stm32cube.ide.mcu.externaltools.gnu-tools-for-stm32.9-2020-q2-update.win32_1.5.0.202011040924/tools/bin/../lib/gcc/arm-none-eabi/9.3.1/../../../../arm-none-eabi/lib/thumb/v7e-m+fp/hard\libc_nano.a(lib_a-memset.o)
                0x0000000008007308                memset
 .text.__utoa   0x0000000008007318       0x84 c:/st/stm32cubeide_1.6.1/stm32cubeide/plugins/com.st.stm32cube.ide.mcu.externaltools.gnu-tools-for-stm32.9-2020-q2-update.win32_1.5.0.202011040924/tools/bin/../lib/gcc/arm-none-eabi/9.3.1/../../../../arm-none-eabi/lib/thumb/v7e-m+fp/hard\libc_nano.a(lib_a-utoa.o)
                0x0000000008007318                __utoa
 *(.glue_7)
 .glue_7        0x000000000800739c        0x0 linker stubs
 *(.glue_7t)
 .glue_7t       0x000000000800739c        0x0 linker stubs
 *(.eh_frame)
 .eh_frame      0x000000000800739c        0x0 c:/st/stm32cubeide_1.6.1/stm32cubeide/plugins/com.st.stm32cube.ide.mcu.externaltools.gnu-tools-for-stm32.9-2020-q2-update.win32_1.5.0.202011040924/tools/bin/../lib/gcc/arm-none-eabi/9.3.1/thumb/v7e-m+fp/hard/crtbegin.o
 *(.init)
 .init          0x000000000800739c        0x4 c:/st/stm32cubeide_1.6.1/stm32cubeide/plugins/com.st.stm32cube.ide.mcu.externaltools.gnu-tools-for-stm32.9-2020-q2-update.win32_1.5.0.202011040924/tools/bin/../lib/gcc/arm-none-eabi/9.3.1/thumb/v7e-m+fp/hard/crti.o
                0x000000000800739c                _init
 .init          0x00000000080073a0        0x8 c:/st/stm32cubeide_1.6.1/stm32cubeide/plugins/com.st.stm32cube.ide.mcu.externaltools.gnu-tools-for-stm32.9-2020-q2-update.win32_1.5.0.202011040924/tools/bin/../lib/gcc/arm-none-eabi/9.3.1/thumb/v7e-m+fp/hard/crtn.o
 *(.fini)
 .fini          0x00000000080073a8        0x4 c:/st/stm32cubeide_1.6.1/stm32cubeide/plugins/com.st.stm32cube.ide.mcu.externaltools.gnu-tools-for-stm32.9-2020-q2-update.win32_1.5.0.202011040924/tools/bin/../lib/gcc/arm-none-eabi/9.3.1/thumb/v7e-m+fp/hard/crti.o
                0x00000000080073a8                _fini
 .fini          0x00000000080073ac        0x8 c:/st/stm32cubeide_1.6.1/stm32cubeide/plugins/com.st.stm32cube.ide.mcu.externaltools.gnu-tools-for-stm32.9-2020-q2-update.win32_1.5.0.202011040924/tools/bin/../lib/gcc/arm-none-eabi/9.3.1/thumb/v7e-m+fp/hard/crtn.o
                0x00000000080073b4                . = ALIGN (0x4)
                0x00000000080073b4                _etext = .

.vfp11_veneer   0x00000000080073b4        0x0
 .vfp11_veneer  0x00000000080073b4        0x0 linker stubs

.v4_bx          0x00000000080073b4        0x0
 .v4_bx         0x00000000080073b4        0x0 linker stubs

.iplt           0x00000000080073b4        0x0
 .iplt          0x00000000080073b4        0x0 c:/st/stm32cubeide_1.6.1/stm32cubeide/plugins/com.st.stm32cube.ide.mcu.externaltools.gnu-tools-for-stm32.9-2020-q2-update.win32_1.5.0.202011040924/tools/bin/../lib/gcc/arm-none-eabi/9.3.1/thumb/v7e-m+fp/hard/crtbegin.o

.rodata         0x00000000080073b4       0x54
                0x00000000080073b4                . = ALIGN (0x4)
 *(.rodata)
 .rodata        0x00000000080073b4       0x12 Core/Src/main.o
 *(.rodata*)
 *fill*         0x00000000080073c6        0x2 
 .rodata.AHBPrescTable
                0x00000000080073c8       0x10 Core/Src/system_stm32f4xx.o
                0x00000000080073c8                AHBPrescTable
 .rodata.APBPrescTable
                0x00000000080073d8        0x8 Core/Src/system_stm32f4xx.o
                0x00000000080073d8                APBPrescTable
 .rodata.__utoa.str1.1
                0x00000000080073e0       0x25 c:/st/stm32cubeide_1.6.1/stm32cubeide/plugins/com.st.stm32cube.ide.mcu.externaltools.gnu-tools-for-stm32.9-2020-q2-update.win32_1.5.0.202011040924/tools/bin/../lib/gcc/arm-none-eabi/9.3.1/../../../../arm-none-eabi/lib/thumb/v7e-m+fp/hard\libc_nano.a(lib_a-utoa.o)
                0x0000000008007408                . = ALIGN (0x4)
 *fill*         0x0000000008007405        0x3 

.ARM.extab      0x0000000008007408        0x0
                0x0000000008007408                . = ALIGN (0x4)
 *(.ARM.extab* .gnu.linkonce.armextab.*)
                0x0000000008007408                . = ALIGN (0x4)

.ARM            0x0000000008007408        0x8
                0x0000000008007408                . = ALIGN (0x4)
                0x0000000008007408                __exidx_start = .
 *(.ARM.exidx*)
 .ARM.exidx     0x0000000008007408        0x8 c:/st/stm32cubeide_1.6.1/stm32cubeide/plugins/com.st.stm32cube.ide.mcu.externaltools.gnu-tools-for-stm32.9-2020-q2-update.win32_1.5.0.202011040924/tools/bin/../lib/gcc/arm-none-eabi/9.3.1/thumb/v7e-m+fp/hard\libgcc.a(_udivmoddi4.o)
                0x0000000008007410                __exidx_end = .
                0x0000000008007410                . = ALIGN (0x4)

.rel.dyn        0x0000000008007410        0x0
 .rel.iplt      0x0000000008007410        0x0 c:/st/stm32cubeide_1.6.1/stm32cubeide/plugins/com.st.stm32cube.ide.mcu.externaltools.gnu-tools-for-stm32.9-2020-q2-update.win32_1.5.0.202011040924/tools/bin/../lib/gcc/arm-none-eabi/9.3.1/thumb/v7e-m+fp/hard/crtbegin.o

.preinit_array  0x0000000008007410        0x0
                0x0000000008007410                . = ALIGN (0x4)
                0x0000000008007410                PROVIDE (__preinit_array_start = .)
 *(.preinit_array*)
                0x0000000008007410                PROVIDE (__preinit_array_end = .)
                0x0000000008007410                . = ALIGN (0x4)

.init_array     0x0000000008007410        0x4
                0x0000000008007410                . = ALIGN (0x4)
                0x0000000008007410                PROVIDE (__init_array_start = .)
 *(SORT_BY_NAME(.init_array.*))
 *(.init_array*)
 .init_array    0x0000000008007410        0x4 c:/st/stm32cubeide_1.6.1/stm32cubeide/plugins/com.st.stm32cube.ide.mcu.externaltools.gnu-tools-for-stm32.9-2020-q2-update.win32_1.5.0.202011040924/tools/bin/../lib/gcc/arm-none-eabi/9.3.1/thumb/v7e-m+fp/hard/crtbegin.o
                0x0000000008007414                PROVIDE (__init_array_end = .)
                0x0000000008007414                . = ALIGN (0x4)

.fini_array     0x0000000008007414        0x4
                0x0000000008007414                . = ALIGN (0x4)
                [!provide]                        PROVIDE (__fini_array_start = .)
 *(SORT_BY_NAME(.fini_array.*))
 *(.fini_array*)
 .fini_array    0x0000000008007414        0x4 c:/st/stm32cubeide_1.6.1/stm32cubeide/plugins/com.st.stm32cube.ide.mcu.externaltools.gnu-tools-for-stm32.9-2020-q2-update.win32_1.5.0.202011040924/tools/bin/../lib/gcc/arm-none-eabi/9.3.1/thumb/v7e-m+fp/hard/crtbegin.o
                [!provide]                        PROVIDE (__fini_array_end = .)
                0x0000000008007418                . = ALIGN (0x4)
                0x0000000008007418                _sidata = LOADADDR (.data)

.data           0x0000000020000000        0xc load address 0x0000000008007418
                0x0000000020000000                . = ALIGN (0x4)
                0x0000000020000000                _sdata = .
 *(.data)
 *(.data*)
 .data.SystemCoreClock
                0x0000000020000000        0x4 Core/Src/system_stm32f4xx.o
                0x0000000020000000                SystemCoreClock
 .data.uwTickPrio
                0x0000000020000004        0x4 Drivers/STM32F4xx_HAL_Driver/Src/stm32f4xx_hal.o
                0x0000000020000004                uwTickPrio
 .data.uwTickFreq
                0x0000000020000008        0x1 Drivers/STM32F4xx_HAL_Driver/Src/stm32f4xx_hal.o
                0x0000000020000008                uwTickFreq
 *(.RamFunc)
 *(.RamFunc*)
                0x000000002000000c                . = ALIGN (0x4)
 *fill*         0x0000000020000009        0x3 
                0x000000002000000c                _edata = .

.igot.plt       0x000000002000000c        0x0 load address 0x0000000008007424
 .igot.plt      0x000000002000000c        0x0 c:/st/stm32cubeide_1.6.1/stm32cubeide/plugins/com.st.stm32cube.ide.mcu.externaltools.gnu-tools-for-stm32.9-2020-q2-update.win32_1.5.0.202011040924/tools/bin/../lib/gcc/arm-none-eabi/9.3.1/thumb/v7e-m+fp/hard/crtbegin.o
                0x000000002000000c                . = ALIGN (0x4)

.bss            0x000000002000000c      0x778 load address 0x0000000008007424
                0x000000002000000c                _sbss = .
                0x000000002000000c                __bss_start__ = _sbss
 *(.bss)
 .bss           0x000000002000000c       0x1c c:/st/stm32cubeide_1.6.1/stm32cubeide/plugins/com.st.stm32cube.ide.mcu.externaltools.gnu-tools-for-stm32.9-2020-q2-update.win32_1.5.0.202011040924/tools/bin/../lib/gcc/arm-none-eabi/9.3.1/thumb/v7e-m+fp/hard/crtbegin.o
 *(.bss*)
 .bss.FMC_Initialized
                0x0000000020000028        0x4 Core/Src/fmc.o
 .bss.ibuf      0x000000002000002c        0xa Core/Src/stepper.o
                0x000000002000002c                ibuf
 .bss.c         0x0000000020000036        0x2 Core/Src/stepper.o
                0x0000000020000036                c
 *(COMMON)
 COMMON         0x0000000020000038       0x15 Core/Src/crc.o
                0x0000000020000038                rec_buff
                0x000000002000003c                hcrc
                0x0000000020000044                Tx_data
                0x000000002000004c                tr_buff
 *fill*         0x000000002000004d        0x3 
 COMMON         0x0000000020000050       0x40 Core/Src/dma2d.o
                0x0000000020000050                hdma2d
 COMMON         0x0000000020000090       0x34 Core/Src/fmc.o
                0x0000000020000090                hsdram1
 COMMON         0x00000000200000c4      0x104 Core/Src/gpio.o
                0x00000000200000c4                Ser_Queue
 COMMON         0x00000000200001c8       0x54 Core/Src/i2c.o
                0x00000000200001c8                hi2c3
 COMMON         0x000000002000021c       0xa8 Core/Src/ltdc.o
                0x000000002000021c                hltdc
 COMMON         0x00000000200002c4       0x58 Core/Src/spi.o
                0x00000000200002c4                hspi5
 COMMON         0x000000002000031c       0x48 Core/Src/stm32f4xx_hal_timebase_tim.o
                0x000000002000031c                htim6
 COMMON         0x0000000020000364       0x90 Core/Src/tim.o
                0x0000000020000364                htim1
                0x00000000200003ac                htim7
 COMMON         0x00000000200003f4       0x88 Core/Src/usart.o
                0x00000000200003f4                huart5
                0x0000000020000438                huart1
 COMMON         0x000000002000047c      0x304 Core/Src/usb_otg.o
                0x000000002000047c                hhcd_USB_OTG_HS
 COMMON         0x0000000020000780        0x4 Drivers/STM32F4xx_HAL_Driver/Src/stm32f4xx_hal.o
                0x0000000020000780                uwTick
                0x0000000020000784                . = ALIGN (0x4)
                0x0000000020000784                _ebss = .
                0x0000000020000784                __bss_end__ = _ebss

._user_heap_stack
                0x0000000020000784      0x604 load address 0x0000000008007424
                0x0000000020000788                . = ALIGN (0x8)
 *fill*         0x0000000020000784        0x4 
                [!provide]                        PROVIDE (end = .)
                0x0000000020000788                PROVIDE (_end = .)
                0x0000000020000988                . = (. + _Min_Heap_Size)
 *fill*         0x0000000020000788      0x200 
                0x0000000020000d88                . = (. + _Min_Stack_Size)
 *fill*         0x0000000020000988      0x400 
                0x0000000020000d88                . = ALIGN (0x8)

/DISCARD/
 libc.a(*)
 libm.a(*)
 libgcc.a(*)

.ARM.attributes
                0x0000000000000000       0x30
 *(.ARM.attributes)
 .ARM.attributes
                0x0000000000000000       0x1e c:/st/stm32cubeide_1.6.1/stm32cubeide/plugins/com.st.stm32cube.ide.mcu.externaltools.gnu-tools-for-stm32.9-2020-q2-update.win32_1.5.0.202011040924/tools/bin/../lib/gcc/arm-none-eabi/9.3.1/thumb/v7e-m+fp/hard/crti.o
 .ARM.attributes
                0x000000000000001e       0x34 c:/st/stm32cubeide_1.6.1/stm32cubeide/plugins/com.st.stm32cube.ide.mcu.externaltools.gnu-tools-for-stm32.9-2020-q2-update.win32_1.5.0.202011040924/tools/bin/../lib/gcc/arm-none-eabi/9.3.1/thumb/v7e-m+fp/hard/crtbegin.o
 .ARM.attributes
                0x0000000000000052       0x34 Core/Src/crc.o
 .ARM.attributes
                0x0000000000000086       0x34 Core/Src/dma2d.o
 .ARM.attributes
                0x00000000000000ba       0x34 Core/Src/fmc.o
 .ARM.attributes
                0x00000000000000ee       0x34 Core/Src/gpio.o
 .ARM.attributes
                0x0000000000000122       0x34 Core/Src/i2c.o
 .ARM.attributes
                0x0000000000000156       0x34 Core/Src/ltdc.o
 .ARM.attributes
                0x000000000000018a       0x34 Core/Src/main.o
 .ARM.attributes
                0x00000000000001be       0x34 Core/Src/queue.o
 .ARM.attributes
                0x00000000000001f2       0x34 Core/Src/spi.o
 .ARM.attributes
                0x0000000000000226       0x34 Core/Src/stepper.o
 .ARM.attributes
                0x000000000000025a       0x34 Core/Src/stm32f4xx_hal_msp.o
 .ARM.attributes
                0x000000000000028e       0x34 Core/Src/stm32f4xx_hal_timebase_tim.o
 .ARM.attributes
                0x00000000000002c2       0x34 Core/Src/stm32f4xx_it.o
 .ARM.attributes
                0x00000000000002f6       0x34 Core/Src/system_stm32f4xx.o
 .ARM.attributes
                0x000000000000032a       0x34 Core/Src/tim.o
 .ARM.attributes
                0x000000000000035e       0x34 Core/Src/usart.o
 .ARM.attributes
                0x0000000000000392       0x34 Core/Src/usb_otg.o
 .ARM.attributes
                0x00000000000003c6       0x21 Core/Startup/startup_stm32f429zitx.o
 .ARM.attributes
                0x00000000000003e7       0x34 Drivers/STM32F4xx_HAL_Driver/Src/stm32f4xx_hal.o
 .ARM.attributes
                0x000000000000041b       0x34 Drivers/STM32F4xx_HAL_Driver/Src/stm32f4xx_hal_cortex.o
 .ARM.attributes
                0x000000000000044f       0x34 Drivers/STM32F4xx_HAL_Driver/Src/stm32f4xx_hal_crc.o
 .ARM.attributes
                0x0000000000000483       0x34 Drivers/STM32F4xx_HAL_Driver/Src/stm32f4xx_hal_dma.o
 .ARM.attributes
                0x00000000000004b7       0x34 Drivers/STM32F4xx_HAL_Driver/Src/stm32f4xx_hal_dma2d.o
 .ARM.attributes
                0x00000000000004eb       0x34 Drivers/STM32F4xx_HAL_Driver/Src/stm32f4xx_hal_gpio.o
 .ARM.attributes
                0x000000000000051f       0x34 Drivers/STM32F4xx_HAL_Driver/Src/stm32f4xx_hal_hcd.o
 .ARM.attributes
                0x0000000000000553       0x34 Drivers/STM32F4xx_HAL_Driver/Src/stm32f4xx_hal_i2c.o
 .ARM.attributes
                0x0000000000000587       0x34 Drivers/STM32F4xx_HAL_Driver/Src/stm32f4xx_hal_i2c_ex.o
 .ARM.attributes
                0x00000000000005bb       0x34 Drivers/STM32F4xx_HAL_Driver/Src/stm32f4xx_hal_ltdc.o
 .ARM.attributes
                0x00000000000005ef       0x34 Drivers/STM32F4xx_HAL_Driver/Src/stm32f4xx_hal_rcc.o
 .ARM.attributes
                0x0000000000000623       0x34 Drivers/STM32F4xx_HAL_Driver/Src/stm32f4xx_hal_rcc_ex.o
 .ARM.attributes
                0x0000000000000657       0x34 Drivers/STM32F4xx_HAL_Driver/Src/stm32f4xx_hal_sdram.o
 .ARM.attributes
                0x000000000000068b       0x34 Drivers/STM32F4xx_HAL_Driver/Src/stm32f4xx_hal_spi.o
 .ARM.attributes
                0x00000000000006bf       0x34 Drivers/STM32F4xx_HAL_Driver/Src/stm32f4xx_hal_tim.o
 .ARM.attributes
                0x00000000000006f3       0x34 Drivers/STM32F4xx_HAL_Driver/Src/stm32f4xx_hal_tim_ex.o
 .ARM.attributes
                0x0000000000000727       0x34 Drivers/STM32F4xx_HAL_Driver/Src/stm32f4xx_hal_uart.o
 .ARM.attributes
                0x000000000000075b       0x34 Drivers/STM32F4xx_HAL_Driver/Src/stm32f4xx_ll_fmc.o
 .ARM.attributes
                0x000000000000078f       0x34 Drivers/STM32F4xx_HAL_Driver/Src/stm32f4xx_ll_usb.o
 .ARM.attributes
                0x00000000000007c3       0x34 c:/st/stm32cubeide_1.6.1/stm32cubeide/plugins/com.st.stm32cube.ide.mcu.externaltools.gnu-tools-for-stm32.9-2020-q2-update.win32_1.5.0.202011040924/tools/bin/../lib/gcc/arm-none-eabi/9.3.1/../../../../arm-none-eabi/lib/thumb/v7e-m+fp/hard\libc_nano.a(lib_a-init.o)
 .ARM.attributes
                0x00000000000007f7       0x34 c:/st/stm32cubeide_1.6.1/stm32cubeide/plugins/com.st.stm32cube.ide.mcu.externaltools.gnu-tools-for-stm32.9-2020-q2-update.win32_1.5.0.202011040924/tools/bin/../lib/gcc/arm-none-eabi/9.3.1/../../../../arm-none-eabi/lib/thumb/v7e-m+fp/hard\libc_nano.a(lib_a-itoa.o)
 .ARM.attributes
                0x000000000000082b       0x34 c:/st/stm32cubeide_1.6.1/stm32cubeide/plugins/com.st.stm32cube.ide.mcu.externaltools.gnu-tools-for-stm32.9-2020-q2-update.win32_1.5.0.202011040924/tools/bin/../lib/gcc/arm-none-eabi/9.3.1/../../../../arm-none-eabi/lib/thumb/v7e-m+fp/hard\libc_nano.a(lib_a-memset.o)
 .ARM.attributes
                0x000000000000085f       0x34 c:/st/stm32cubeide_1.6.1/stm32cubeide/plugins/com.st.stm32cube.ide.mcu.externaltools.gnu-tools-for-stm32.9-2020-q2-update.win32_1.5.0.202011040924/tools/bin/../lib/gcc/arm-none-eabi/9.3.1/../../../../arm-none-eabi/lib/thumb/v7e-m+fp/hard\libc_nano.a(lib_a-utoa.o)
 .ARM.attributes
                0x0000000000000893       0x1e c:/st/stm32cubeide_1.6.1/stm32cubeide/plugins/com.st.stm32cube.ide.mcu.externaltools.gnu-tools-for-stm32.9-2020-q2-update.win32_1.5.0.202011040924/tools/bin/../lib/gcc/arm-none-eabi/9.3.1/thumb/v7e-m+fp/hard\libgcc.a(_aeabi_uldivmod.o)
 .ARM.attributes
                0x00000000000008b1       0x34 c:/st/stm32cubeide_1.6.1/stm32cubeide/plugins/com.st.stm32cube.ide.mcu.externaltools.gnu-tools-for-stm32.9-2020-q2-update.win32_1.5.0.202011040924/tools/bin/../lib/gcc/arm-none-eabi/9.3.1/thumb/v7e-m+fp/hard\libgcc.a(_udivmoddi4.o)
 .ARM.attributes
                0x00000000000008e5       0x1e c:/st/stm32cubeide_1.6.1/stm32cubeide/plugins/com.st.stm32cube.ide.mcu.externaltools.gnu-tools-for-stm32.9-2020-q2-update.win32_1.5.0.202011040924/tools/bin/../lib/gcc/arm-none-eabi/9.3.1/thumb/v7e-m+fp/hard\libgcc.a(_dvmd_tls.o)
 .ARM.attributes
                0x0000000000000903       0x1e c:/st/stm32cubeide_1.6.1/stm32cubeide/plugins/com.st.stm32cube.ide.mcu.externaltools.gnu-tools-for-stm32.9-2020-q2-update.win32_1.5.0.202011040924/tools/bin/../lib/gcc/arm-none-eabi/9.3.1/thumb/v7e-m+fp/hard/crtn.o
OUTPUT(stm32f4-disco.elf elf32-littlearm)
LOAD linker stubs
LOAD c:/st/stm32cubeide_1.6.1/stm32cubeide/plugins/com.st.stm32cube.ide.mcu.externaltools.gnu-tools-for-stm32.9-2020-q2-update.win32_1.5.0.202011040924/tools/bin/../lib/gcc/arm-none-eabi/9.3.1/../../../../arm-none-eabi/lib/thumb/v7e-m+fp/hard\libc.a
LOAD c:/st/stm32cubeide_1.6.1/stm32cubeide/plugins/com.st.stm32cube.ide.mcu.externaltools.gnu-tools-for-stm32.9-2020-q2-update.win32_1.5.0.202011040924/tools/bin/../lib/gcc/arm-none-eabi/9.3.1/../../../../arm-none-eabi/lib/thumb/v7e-m+fp/hard\libm.a
LOAD c:/st/stm32cubeide_1.6.1/stm32cubeide/plugins/com.st.stm32cube.ide.mcu.externaltools.gnu-tools-for-stm32.9-2020-q2-update.win32_1.5.0.202011040924/tools/bin/../lib/gcc/arm-none-eabi/9.3.1/thumb/v7e-m+fp/hard\libgcc.a

.debug_info     0x0000000000000000    0x29c51
 .debug_info    0x0000000000000000      0xe76 Core/Src/crc.o
 .debug_info    0x0000000000000e76     0x12d2 Core/Src/dma2d.o
 .debug_info    0x0000000000002148     0x136e Core/Src/fmc.o
 .debug_info    0x00000000000034b6     0x1694 Core/Src/gpio.o
 .debug_info    0x0000000000004b4a     0x13ec Core/Src/i2c.o
 .debug_info    0x0000000000005f36     0x1554 Core/Src/ltdc.o
 .debug_info    0x000000000000748a     0x2c59 Core/Src/main.o
 .debug_info    0x000000000000a0e3      0xc0c Core/Src/queue.o
 .debug_info    0x000000000000acef     0x139e Core/Src/spi.o
 .debug_info    0x000000000000c08d     0x13a9 Core/Src/stepper.o
 .debug_info    0x000000000000d436      0xce0 Core/Src/stm32f4xx_hal_msp.o
 .debug_info    0x000000000000e116      0xcbe Core/Src/stm32f4xx_hal_timebase_tim.o
 .debug_info    0x000000000000edd4     0x1f6b Core/Src/stm32f4xx_it.o
 .debug_info    0x0000000000010d3f      0x5c0 Core/Src/system_stm32f4xx.o
 .debug_info    0x00000000000112ff     0x1665 Core/Src/tim.o
 .debug_info    0x0000000000012964     0x16ee Core/Src/usart.o
 .debug_info    0x0000000000014052     0x15ca Core/Src/usb_otg.o
 .debug_info    0x000000000001561c       0x22 Core/Startup/startup_stm32f429zitx.o
 .debug_info    0x000000000001563e      0xa2a Drivers/STM32F4xx_HAL_Driver/Src/stm32f4xx_hal.o
 .debug_info    0x0000000000016068      0xf0d Drivers/STM32F4xx_HAL_Driver/Src/stm32f4xx_hal_cortex.o
 .debug_info    0x0000000000016f75      0x47a Drivers/STM32F4xx_HAL_Driver/Src/stm32f4xx_hal_crc.o
 .debug_info    0x00000000000173ef      0x9f1 Drivers/STM32F4xx_HAL_Driver/Src/stm32f4xx_hal_dma.o
 .debug_info    0x0000000000017de0     0x1059 Drivers/STM32F4xx_HAL_Driver/Src/stm32f4xx_hal_dma2d.o
 .debug_info    0x0000000000018e39      0x85a Drivers/STM32F4xx_HAL_Driver/Src/stm32f4xx_hal_gpio.o
 .debug_info    0x0000000000019693      0xf67 Drivers/STM32F4xx_HAL_Driver/Src/stm32f4xx_hal_hcd.o
 .debug_info    0x000000000001a5fa     0x2641 Drivers/STM32F4xx_HAL_Driver/Src/stm32f4xx_hal_i2c.o
 .debug_info    0x000000000001cc3b      0x78a Drivers/STM32F4xx_HAL_Driver/Src/stm32f4xx_hal_i2c_ex.o
 .debug_info    0x000000000001d3c5     0x1205 Drivers/STM32F4xx_HAL_Driver/Src/stm32f4xx_hal_ltdc.o
 .debug_info    0x000000000001e5ca      0x9b2 Drivers/STM32F4xx_HAL_Driver/Src/stm32f4xx_hal_rcc.o
 .debug_info    0x000000000001ef7c      0x723 Drivers/STM32F4xx_HAL_Driver/Src/stm32f4xx_hal_rcc_ex.o
 .debug_info    0x000000000001f69f      0xd58 Drivers/STM32F4xx_HAL_Driver/Src/stm32f4xx_hal_sdram.o
 .debug_info    0x00000000000203f7     0x17c0 Drivers/STM32F4xx_HAL_Driver/Src/stm32f4xx_hal_spi.o
 .debug_info    0x0000000000021bb7     0x2a90 Drivers/STM32F4xx_HAL_Driver/Src/stm32f4xx_hal_tim.o
 .debug_info    0x0000000000024647     0x1522 Drivers/STM32F4xx_HAL_Driver/Src/stm32f4xx_hal_tim_ex.o
 .debug_info    0x0000000000025b69     0x1665 Drivers/STM32F4xx_HAL_Driver/Src/stm32f4xx_hal_uart.o
 .debug_info    0x00000000000271ce      0xff7 Drivers/STM32F4xx_HAL_Driver/Src/stm32f4xx_ll_fmc.o
 .debug_info    0x00000000000281c5     0x1a8c Drivers/STM32F4xx_HAL_Driver/Src/stm32f4xx_ll_usb.o

.debug_abbrev   0x0000000000000000     0x51c2
 .debug_abbrev  0x0000000000000000      0x242 Core/Src/crc.o
 .debug_abbrev  0x0000000000000242      0x26b Core/Src/dma2d.o
 .debug_abbrev  0x00000000000004ad      0x2a1 Core/Src/fmc.o
 .debug_abbrev  0x000000000000074e      0x247 Core/Src/gpio.o
 .debug_abbrev  0x0000000000000995      0x24d Core/Src/i2c.o
 .debug_abbrev  0x0000000000000be2      0x256 Core/Src/ltdc.o
 .debug_abbrev  0x0000000000000e38      0x2ef Core/Src/main.o
 .debug_abbrev  0x0000000000001127      0x286 Core/Src/queue.o
 .debug_abbrev  0x00000000000013ad      0x24d Core/Src/spi.o
 .debug_abbrev  0x00000000000015fa      0x212 Core/Src/stepper.o
 .debug_abbrev  0x000000000000180c      0x211 Core/Src/stm32f4xx_hal_msp.o
 .debug_abbrev  0x0000000000001a1d      0x1bf Core/Src/stm32f4xx_hal_timebase_tim.o
 .debug_abbrev  0x0000000000001bdc      0x296 Core/Src/stm32f4xx_it.o
 .debug_abbrev  0x0000000000001e72      0x145 Core/Src/system_stm32f4xx.o
 .debug_abbrev  0x0000000000001fb7      0x269 Core/Src/tim.o
 .debug_abbrev  0x0000000000002220      0x272 Core/Src/usart.o
 .debug_abbrev  0x0000000000002492      0x285 Core/Src/usb_otg.o
 .debug_abbrev  0x0000000000002717       0x12 Core/Startup/startup_stm32f429zitx.o
 .debug_abbrev  0x0000000000002729      0x1ed Drivers/STM32F4xx_HAL_Driver/Src/stm32f4xx_hal.o
 .debug_abbrev  0x0000000000002916      0x33c Drivers/STM32F4xx_HAL_Driver/Src/stm32f4xx_hal_cortex.o
 .debug_abbrev  0x0000000000002c52      0x1dd Drivers/STM32F4xx_HAL_Driver/Src/stm32f4xx_hal_crc.o
 .debug_abbrev  0x0000000000002e2f      0x259 Drivers/STM32F4xx_HAL_Driver/Src/stm32f4xx_hal_dma.o
 .debug_abbrev  0x0000000000003088      0x23f Drivers/STM32F4xx_HAL_Driver/Src/stm32f4xx_hal_dma2d.o
 .debug_abbrev  0x00000000000032c7      0x1f1 Drivers/STM32F4xx_HAL_Driver/Src/stm32f4xx_hal_gpio.o
 .debug_abbrev  0x00000000000034b8      0x28d Drivers/STM32F4xx_HAL_Driver/Src/stm32f4xx_hal_hcd.o
 .debug_abbrev  0x0000000000003745      0x282 Drivers/STM32F4xx_HAL_Driver/Src/stm32f4xx_hal_i2c.o
 .debug_abbrev  0x00000000000039c7      0x18b Drivers/STM32F4xx_HAL_Driver/Src/stm32f4xx_hal_i2c_ex.o
 .debug_abbrev  0x0000000000003b52      0x239 Drivers/STM32F4xx_HAL_Driver/Src/stm32f4xx_hal_ltdc.o
 .debug_abbrev  0x0000000000003d8b      0x275 Drivers/STM32F4xx_HAL_Driver/Src/stm32f4xx_hal_rcc.o
 .debug_abbrev  0x0000000000004000      0x18f Drivers/STM32F4xx_HAL_Driver/Src/stm32f4xx_hal_rcc_ex.o
 .debug_abbrev  0x000000000000418f      0x221 Drivers/STM32F4xx_HAL_Driver/Src/stm32f4xx_hal_sdram.o
 .debug_abbrev  0x00000000000043b0      0x26e Drivers/STM32F4xx_HAL_Driver/Src/stm32f4xx_hal_spi.o
 .debug_abbrev  0x000000000000461e      0x25e Drivers/STM32F4xx_HAL_Driver/Src/stm32f4xx_hal_tim.o
 .debug_abbrev  0x000000000000487c      0x266 Drivers/STM32F4xx_HAL_Driver/Src/stm32f4xx_hal_tim_ex.o
 .debug_abbrev  0x0000000000004ae2      0x28b Drivers/STM32F4xx_HAL_Driver/Src/stm32f4xx_hal_uart.o
 .debug_abbrev  0x0000000000004d6d      0x1ae Drivers/STM32F4xx_HAL_Driver/Src/stm32f4xx_ll_fmc.o
 .debug_abbrev  0x0000000000004f1b      0x2a7 Drivers/STM32F4xx_HAL_Driver/Src/stm32f4xx_ll_usb.o

.debug_aranges  0x0000000000000000     0x1aa0
 .debug_aranges
                0x0000000000000000       0x30 Core/Src/crc.o
 .debug_aranges
                0x0000000000000030       0x30 Core/Src/dma2d.o
 .debug_aranges
                0x0000000000000060       0x40 Core/Src/fmc.o
 .debug_aranges
                0x00000000000000a0       0x28 Core/Src/gpio.o
 .debug_aranges
                0x00000000000000c8       0x30 Core/Src/i2c.o
 .debug_aranges
                0x00000000000000f8       0x30 Core/Src/ltdc.o
 .debug_aranges
                0x0000000000000128       0x40 Core/Src/main.o
 .debug_aranges
                0x0000000000000168       0x40 Core/Src/queue.o
 .debug_aranges
                0x00000000000001a8       0x30 Core/Src/spi.o
 .debug_aranges
                0x00000000000001d8       0x20 Core/Src/stepper.o
 .debug_aranges
                0x00000000000001f8       0x20 Core/Src/stm32f4xx_hal_msp.o
 .debug_aranges
                0x0000000000000218       0x30 Core/Src/stm32f4xx_hal_timebase_tim.o
 .debug_aranges
                0x0000000000000248       0x98 Core/Src/stm32f4xx_it.o
 .debug_aranges
                0x00000000000002e0       0x28 Core/Src/system_stm32f4xx.o
 .debug_aranges
                0x0000000000000308       0x38 Core/Src/tim.o
 .debug_aranges
                0x0000000000000340       0x48 Core/Src/usart.o
 .debug_aranges
                0x0000000000000388       0x30 Core/Src/usb_otg.o
 .debug_aranges
                0x00000000000003b8       0x28 Core/Startup/startup_stm32f429zitx.o
 .debug_aranges
                0x00000000000003e0      0x100 Drivers/STM32F4xx_HAL_Driver/Src/stm32f4xx_hal.o
 .debug_aranges
                0x00000000000004e0      0x118 Drivers/STM32F4xx_HAL_Driver/Src/stm32f4xx_hal_cortex.o
 .debug_aranges
                0x00000000000005f8       0x50 Drivers/STM32F4xx_HAL_Driver/Src/stm32f4xx_hal_crc.o
 .debug_aranges
                0x0000000000000648       0x90 Drivers/STM32F4xx_HAL_Driver/Src/stm32f4xx_hal_dma.o
 .debug_aranges
                0x00000000000006d8      0x118 Drivers/STM32F4xx_HAL_Driver/Src/stm32f4xx_hal_dma2d.o
 .debug_aranges
                0x00000000000007f0       0x58 Drivers/STM32F4xx_HAL_Driver/Src/stm32f4xx_hal_gpio.o
 .debug_aranges
                0x0000000000000848       0xf8 Drivers/STM32F4xx_HAL_Driver/Src/stm32f4xx_hal_hcd.o
 .debug_aranges
                0x0000000000000940      0x2a0 Drivers/STM32F4xx_HAL_Driver/Src/stm32f4xx_hal_i2c.o
 .debug_aranges
                0x0000000000000be0       0x28 Drivers/STM32F4xx_HAL_Driver/Src/stm32f4xx_hal_i2c_ex.o
 .debug_aranges
                0x0000000000000c08      0x158 Drivers/STM32F4xx_HAL_Driver/Src/stm32f4xx_hal_ltdc.o
 .debug_aranges
                0x0000000000000d60       0x88 Drivers/STM32F4xx_HAL_Driver/Src/stm32f4xx_hal_rcc.o
 .debug_aranges
                0x0000000000000de8       0x58 Drivers/STM32F4xx_HAL_Driver/Src/stm32f4xx_hal_rcc_ex.o
 .debug_aranges
                0x0000000000000e40       0xd0 Drivers/STM32F4xx_HAL_Driver/Src/stm32f4xx_hal_sdram.o
 .debug_aranges
                0x0000000000000f10      0x1d0 Drivers/STM32F4xx_HAL_Driver/Src/stm32f4xx_hal_spi.o
 .debug_aranges
                0x00000000000010e0      0x3d0 Drivers/STM32F4xx_HAL_Driver/Src/stm32f4xx_hal_tim.o
 .debug_aranges
                0x00000000000014b0      0x168 Drivers/STM32F4xx_HAL_Driver/Src/stm32f4xx_hal_tim_ex.o
 .debug_aranges
                0x0000000000001618      0x200 Drivers/STM32F4xx_HAL_Driver/Src/stm32f4xx_hal_uart.o
 .debug_aranges
                0x0000000000001818       0xf0 Drivers/STM32F4xx_HAL_Driver/Src/stm32f4xx_ll_fmc.o
 .debug_aranges
                0x0000000000001908      0x198 Drivers/STM32F4xx_HAL_Driver/Src/stm32f4xx_ll_usb.o

.debug_ranges   0x0000000000000000     0x18b0
 .debug_ranges  0x0000000000000000       0x20 Core/Src/crc.o
 .debug_ranges  0x0000000000000020       0x20 Core/Src/dma2d.o
 .debug_ranges  0x0000000000000040       0x30 Core/Src/fmc.o
 .debug_ranges  0x0000000000000070       0x18 Core/Src/gpio.o
 .debug_ranges  0x0000000000000088       0x20 Core/Src/i2c.o
 .debug_ranges  0x00000000000000a8       0x20 Core/Src/ltdc.o
 .debug_ranges  0x00000000000000c8       0x30 Core/Src/main.o
 .debug_ranges  0x00000000000000f8       0x30 Core/Src/queue.o
 .debug_ranges  0x0000000000000128       0x20 Core/Src/spi.o
 .debug_ranges  0x0000000000000148       0x10 Core/Src/stepper.o
 .debug_ranges  0x0000000000000158       0x10 Core/Src/stm32f4xx_hal_msp.o
 .debug_ranges  0x0000000000000168       0x20 Core/Src/stm32f4xx_hal_timebase_tim.o
 .debug_ranges  0x0000000000000188       0x88 Core/Src/stm32f4xx_it.o
 .debug_ranges  0x0000000000000210       0x18 Core/Src/system_stm32f4xx.o
 .debug_ranges  0x0000000000000228       0x28 Core/Src/tim.o
 .debug_ranges  0x0000000000000250       0x38 Core/Src/usart.o
 .debug_ranges  0x0000000000000288       0x20 Core/Src/usb_otg.o
 .debug_ranges  0x00000000000002a8       0x20 Core/Startup/startup_stm32f429zitx.o
 .debug_ranges  0x00000000000002c8       0xf0 Drivers/STM32F4xx_HAL_Driver/Src/stm32f4xx_hal.o
 .debug_ranges  0x00000000000003b8      0x108 Drivers/STM32F4xx_HAL_Driver/Src/stm32f4xx_hal_cortex.o
 .debug_ranges  0x00000000000004c0       0x40 Drivers/STM32F4xx_HAL_Driver/Src/stm32f4xx_hal_crc.o
 .debug_ranges  0x0000000000000500       0x80 Drivers/STM32F4xx_HAL_Driver/Src/stm32f4xx_hal_dma.o
 .debug_ranges  0x0000000000000580      0x108 Drivers/STM32F4xx_HAL_Driver/Src/stm32f4xx_hal_dma2d.o
 .debug_ranges  0x0000000000000688       0x48 Drivers/STM32F4xx_HAL_Driver/Src/stm32f4xx_hal_gpio.o
 .debug_ranges  0x00000000000006d0       0xe8 Drivers/STM32F4xx_HAL_Driver/Src/stm32f4xx_hal_hcd.o
 .debug_ranges  0x00000000000007b8      0x2b8 Drivers/STM32F4xx_HAL_Driver/Src/stm32f4xx_hal_i2c.o
 .debug_ranges  0x0000000000000a70       0x18 Drivers/STM32F4xx_HAL_Driver/Src/stm32f4xx_hal_i2c_ex.o
 .debug_ranges  0x0000000000000a88      0x148 Drivers/STM32F4xx_HAL_Driver/Src/stm32f4xx_hal_ltdc.o
 .debug_ranges  0x0000000000000bd0       0x78 Drivers/STM32F4xx_HAL_Driver/Src/stm32f4xx_hal_rcc.o
 .debug_ranges  0x0000000000000c48       0x48 Drivers/STM32F4xx_HAL_Driver/Src/stm32f4xx_hal_rcc_ex.o
 .debug_ranges  0x0000000000000c90       0xc0 Drivers/STM32F4xx_HAL_Driver/Src/stm32f4xx_hal_sdram.o
 .debug_ranges  0x0000000000000d50      0x1c0 Drivers/STM32F4xx_HAL_Driver/Src/stm32f4xx_hal_spi.o
 .debug_ranges  0x0000000000000f10      0x3c0 Drivers/STM32F4xx_HAL_Driver/Src/stm32f4xx_hal_tim.o
 .debug_ranges  0x00000000000012d0      0x158 Drivers/STM32F4xx_HAL_Driver/Src/stm32f4xx_hal_tim_ex.o
 .debug_ranges  0x0000000000001428      0x220 Drivers/STM32F4xx_HAL_Driver/Src/stm32f4xx_hal_uart.o
 .debug_ranges  0x0000000000001648       0xe0 Drivers/STM32F4xx_HAL_Driver/Src/stm32f4xx_ll_fmc.o
 .debug_ranges  0x0000000000001728      0x188 Drivers/STM32F4xx_HAL_Driver/Src/stm32f4xx_ll_usb.o

.debug_macro    0x0000000000000000    0x29236
 .debug_macro   0x0000000000000000      0x338 Core/Src/crc.o
 .debug_macro   0x0000000000000338      0xaa8 Core/Src/crc.o
 .debug_macro   0x0000000000000de0      0x2c5 Core/Src/crc.o
 .debug_macro   0x00000000000010a5       0x2e Core/Src/crc.o
 .debug_macro   0x00000000000010d3       0x28 Core/Src/crc.o
 .debug_macro   0x00000000000010fb       0x22 Core/Src/crc.o
 .debug_macro   0x000000000000111d       0x8e Core/Src/crc.o
 .debug_macro   0x00000000000011ab       0x51 Core/Src/crc.o
 .debug_macro   0x00000000000011fc      0x103 Core/Src/crc.o
 .debug_macro   0x00000000000012ff       0x6a Core/Src/crc.o
 .debug_macro   0x0000000000001369      0x1df Core/Src/crc.o
 .debug_macro   0x0000000000001548       0x1c Core/Src/crc.o
 .debug_macro   0x0000000000001564       0x22 Core/Src/crc.o
 .debug_macro   0x0000000000001586       0xdf Core/Src/crc.o
 .debug_macro   0x0000000000001665     0x102d Core/Src/crc.o
 .debug_macro   0x0000000000002692      0x11f Core/Src/crc.o
 .debug_macro   0x00000000000027b1    0x17f6a Core/Src/crc.o
 .debug_macro   0x000000000001a71b       0x43 Core/Src/crc.o
 .debug_macro   0x000000000001a75e     0x36c9 Core/Src/crc.o
 .debug_macro   0x000000000001de27      0x174 Core/Src/crc.o
 .debug_macro   0x000000000001df9b       0x5c Core/Src/crc.o
 .debug_macro   0x000000000001dff7      0xca5 Core/Src/crc.o
 .debug_macro   0x000000000001ec9c      0x9fe Core/Src/crc.o
 .debug_macro   0x000000000001f69a      0x117 Core/Src/crc.o
 .debug_macro   0x000000000001f7b1      0x157 Core/Src/crc.o
 .debug_macro   0x000000000001f908       0x82 Core/Src/crc.o
 .debug_macro   0x000000000001f98a      0x182 Core/Src/crc.o
 .debug_macro   0x000000000001fb0c      0x287 Core/Src/crc.o
 .debug_macro   0x000000000001fd93       0x5f Core/Src/crc.o
 .debug_macro   0x000000000001fdf2      0x236 Core/Src/crc.o
 .debug_macro   0x0000000000020028       0x22 Core/Src/crc.o
 .debug_macro   0x000000000002004a      0x20f Core/Src/crc.o
 .debug_macro   0x0000000000020259      0x132 Core/Src/crc.o
 .debug_macro   0x000000000002038b      0x41d Core/Src/crc.o
 .debug_macro   0x00000000000207a8       0x2e Core/Src/crc.o
 .debug_macro   0x00000000000207d6      0x582 Core/Src/crc.o
 .debug_macro   0x0000000000020d58      0x1b5 Core/Src/crc.o
 .debug_macro   0x0000000000020f0d       0x22 Core/Src/crc.o
 .debug_macro   0x0000000000020f2f       0xd6 Core/Src/crc.o
 .debug_macro   0x0000000000021005      0x198 Core/Src/crc.o
 .debug_macro   0x000000000002119d       0xd6 Core/Src/crc.o
 .debug_macro   0x0000000000021273      0x11a Core/Src/crc.o
 .debug_macro   0x000000000002138d       0xe2 Core/Src/crc.o
 .debug_macro   0x000000000002146f       0x89 Core/Src/crc.o
 .debug_macro   0x00000000000214f8      0x225 Core/Src/crc.o
 .debug_macro   0x000000000002171d      0x8d1 Core/Src/crc.o
 .debug_macro   0x0000000000021fee       0x47 Core/Src/crc.o
 .debug_macro   0x0000000000022035      0x295 Core/Src/crc.o
 .debug_macro   0x00000000000222ca      0x21e Core/Src/crc.o
 .debug_macro   0x00000000000224e8       0x7a Core/Src/crc.o
 .debug_macro   0x0000000000022562      0x134 Core/Src/crc.o
 .debug_macro   0x0000000000022696       0x18 Core/Src/crc.o
 .debug_macro   0x00000000000226ae       0x52 Core/Src/crc.o
 .debug_macro   0x0000000000022700       0x3c Core/Src/crc.o
 .debug_macro   0x000000000002273c       0x34 Core/Src/crc.o
 .debug_macro   0x0000000000022770       0x16 Core/Src/crc.o
 .debug_macro   0x0000000000022786       0x35 Core/Src/crc.o
 .debug_macro   0x00000000000227bb       0x16 Core/Src/crc.o
 .debug_macro   0x00000000000227d1       0x43 Core/Src/crc.o
 .debug_macro   0x0000000000022814       0x34 Core/Src/crc.o
 .debug_macro   0x0000000000022848       0x10 Core/Src/crc.o
 .debug_macro   0x0000000000022858       0x58 Core/Src/crc.o
 .debug_macro   0x00000000000228b0       0x71 Core/Src/crc.o
 .debug_macro   0x0000000000022921       0x1c Core/Src/crc.o
 .debug_macro   0x000000000002293d      0x12a Core/Src/crc.o
 .debug_macro   0x0000000000022a67      0x333 Core/Src/crc.o
 .debug_macro   0x0000000000022d9a       0x16 Core/Src/crc.o
 .debug_macro   0x0000000000022db0       0x29 Core/Src/crc.o
 .debug_macro   0x0000000000022dd9      0x4d0 Core/Src/crc.o
 .debug_macro   0x00000000000232a9      0x338 Core/Src/dma2d.o
 .debug_macro   0x00000000000235e1      0x338 Core/Src/fmc.o
 .debug_macro   0x0000000000023919      0x34b Core/Src/gpio.o
 .debug_macro   0x0000000000023c64       0x10 Core/Src/gpio.o
 .debug_macro   0x0000000000023c74      0x338 Core/Src/i2c.o
 .debug_macro   0x0000000000023fac      0x338 Core/Src/ltdc.o
 .debug_macro   0x00000000000242e4      0x3a3 Core/Src/main.o
 .debug_macro   0x0000000000024687      0x33e Core/Src/queue.o
 .debug_macro   0x00000000000249c5      0x338 Core/Src/spi.o
 .debug_macro   0x0000000000024cfd      0x35b Core/Src/stepper.o
 .debug_macro   0x0000000000025058      0x32e Core/Src/stm32f4xx_hal_msp.o
 .debug_macro   0x0000000000025386      0x253 Core/Src/stm32f4xx_hal_timebase_tim.o
 .debug_macro   0x00000000000255d9      0x338 Core/Src/stm32f4xx_it.o
 .debug_macro   0x0000000000025911      0x253 Core/Src/system_stm32f4xx.o
 .debug_macro   0x0000000000025b64      0x338 Core/Src/tim.o
 .debug_macro   0x0000000000025e9c      0x341 Core/Src/usart.o
 .debug_macro   0x00000000000261dd      0x338 Core/Src/usb_otg.o
 .debug_macro   0x0000000000026515      0x2b3 Drivers/STM32F4xx_HAL_Driver/Src/stm32f4xx_hal.o
 .debug_macro   0x00000000000267c8      0x253 Drivers/STM32F4xx_HAL_Driver/Src/stm32f4xx_hal_cortex.o
 .debug_macro   0x0000000000026a1b      0x253 Drivers/STM32F4xx_HAL_Driver/Src/stm32f4xx_hal_crc.o
 .debug_macro   0x0000000000026c6e      0x259 Drivers/STM32F4xx_HAL_Driver/Src/stm32f4xx_hal_dma.o
 .debug_macro   0x0000000000026ec7      0x262 Drivers/STM32F4xx_HAL_Driver/Src/stm32f4xx_hal_dma2d.o
 .debug_macro   0x0000000000027129      0x259 Drivers/STM32F4xx_HAL_Driver/Src/stm32f4xx_hal_gpio.o
 .debug_macro   0x0000000000027382      0x253 Drivers/STM32F4xx_HAL_Driver/Src/stm32f4xx_hal_hcd.o
 .debug_macro   0x00000000000275d5      0x29a Drivers/STM32F4xx_HAL_Driver/Src/stm32f4xx_hal_i2c.o
 .debug_macro   0x000000000002786f      0x253 Drivers/STM32F4xx_HAL_Driver/Src/stm32f4xx_hal_i2c_ex.o
 .debug_macro   0x0000000000027ac2      0x254 Drivers/STM32F4xx_HAL_Driver/Src/stm32f4xx_hal_ltdc.o
 .debug_macro   0x0000000000027d16      0x277 Drivers/STM32F4xx_HAL_Driver/Src/stm32f4xx_hal_rcc.o
 .debug_macro   0x0000000000027f8d      0x253 Drivers/STM32F4xx_HAL_Driver/Src/stm32f4xx_hal_rcc_ex.o
 .debug_macro   0x00000000000281e0      0x253 Drivers/STM32F4xx_HAL_Driver/Src/stm32f4xx_hal_sdram.o
 .debug_macro   0x0000000000028433      0x262 Drivers/STM32F4xx_HAL_Driver/Src/stm32f4xx_hal_spi.o
 .debug_macro   0x0000000000028695      0x254 Drivers/STM32F4xx_HAL_Driver/Src/stm32f4xx_hal_tim.o
 .debug_macro   0x00000000000288e9      0x253 Drivers/STM32F4xx_HAL_Driver/Src/stm32f4xx_hal_tim_ex.o
 .debug_macro   0x0000000000028b3c      0x254 Drivers/STM32F4xx_HAL_Driver/Src/stm32f4xx_hal_uart.o
 .debug_macro   0x0000000000028d90      0x253 Drivers/STM32F4xx_HAL_Driver/Src/stm32f4xx_ll_fmc.o
 .debug_macro   0x0000000000028fe3      0x253 Drivers/STM32F4xx_HAL_Driver/Src/stm32f4xx_ll_usb.o

.debug_line     0x0000000000000000    0x23cda
 .debug_line    0x0000000000000000      0x95b Core/Src/crc.o
 .debug_line    0x000000000000095b      0x980 Core/Src/dma2d.o
 .debug_line    0x00000000000012db      0xa47 Core/Src/fmc.o
 .debug_line    0x0000000000001d22      0x9c6 Core/Src/gpio.o
 .debug_line    0x00000000000026e8      0x9ad Core/Src/i2c.o
 .debug_line    0x0000000000003095      0xa44 Core/Src/ltdc.o
 .debug_line    0x0000000000003ad9      0xa80 Core/Src/main.o
 .debug_line    0x0000000000004559      0x9fd Core/Src/queue.o
 .debug_line    0x0000000000004f56      0x991 Core/Src/spi.o
 .debug_line    0x00000000000058e7      0x95e Core/Src/stepper.o
 .debug_line    0x0000000000006245      0x920 Core/Src/stm32f4xx_hal_msp.o
 .debug_line    0x0000000000006b65      0x82d Core/Src/stm32f4xx_hal_timebase_tim.o
 .debug_line    0x0000000000007392      0xa85 Core/Src/stm32f4xx_it.o
 .debug_line    0x0000000000007e17      0x84f Core/Src/system_stm32f4xx.o
 .debug_line    0x0000000000008666      0x9ed Core/Src/tim.o
 .debug_line    0x0000000000009053      0xa3e Core/Src/usart.o
 .debug_line    0x0000000000009a91      0x999 Core/Src/usb_otg.o
 .debug_line    0x000000000000a42a       0x88 Core/Startup/startup_stm32f429zitx.o
 .debug_line    0x000000000000a4b2      0xaeb Drivers/STM32F4xx_HAL_Driver/Src/stm32f4xx_hal.o
 .debug_line    0x000000000000af9d      0xd64 Drivers/STM32F4xx_HAL_Driver/Src/stm32f4xx_hal_cortex.o
 .debug_line    0x000000000000bd01      0x914 Drivers/STM32F4xx_HAL_Driver/Src/stm32f4xx_hal_crc.o
 .debug_line    0x000000000000c615     0x101e Drivers/STM32F4xx_HAL_Driver/Src/stm32f4xx_hal_dma.o
 .debug_line    0x000000000000d633     0x126d Drivers/STM32F4xx_HAL_Driver/Src/stm32f4xx_hal_dma2d.o
 .debug_line    0x000000000000e8a0      0xc55 Drivers/STM32F4xx_HAL_Driver/Src/stm32f4xx_hal_gpio.o
 .debug_line    0x000000000000f4f5     0x12ca Drivers/STM32F4xx_HAL_Driver/Src/stm32f4xx_hal_hcd.o
 .debug_line    0x00000000000107bf     0x3a3c Drivers/STM32F4xx_HAL_Driver/Src/stm32f4xx_hal_i2c.o
 .debug_line    0x00000000000141fb      0x848 Drivers/STM32F4xx_HAL_Driver/Src/stm32f4xx_hal_i2c_ex.o
 .debug_line    0x0000000000014a43     0x17c8 Drivers/STM32F4xx_HAL_Driver/Src/stm32f4xx_hal_ltdc.o
 .debug_line    0x000000000001620b      0xe31 Drivers/STM32F4xx_HAL_Driver/Src/stm32f4xx_hal_rcc.o
 .debug_line    0x000000000001703c      0xc86 Drivers/STM32F4xx_HAL_Driver/Src/stm32f4xx_hal_rcc_ex.o
 .debug_line    0x0000000000017cc2      0xd1d Drivers/STM32F4xx_HAL_Driver/Src/stm32f4xx_hal_sdram.o
 .debug_line    0x00000000000189df     0x1d3d Drivers/STM32F4xx_HAL_Driver/Src/stm32f4xx_hal_spi.o
 .debug_line    0x000000000001a71c     0x36e1 Drivers/STM32F4xx_HAL_Driver/Src/stm32f4xx_hal_tim.o
 .debug_line    0x000000000001ddfd     0x1a82 Drivers/STM32F4xx_HAL_Driver/Src/stm32f4xx_hal_tim_ex.o
 .debug_line    0x000000000001f87f     0x1b7b Drivers/STM32F4xx_HAL_Driver/Src/stm32f4xx_hal_uart.o
 .debug_line    0x00000000000213fa      0xf5a Drivers/STM32F4xx_HAL_Driver/Src/stm32f4xx_ll_fmc.o
 .debug_line    0x0000000000022354     0x1986 Drivers/STM32F4xx_HAL_Driver/Src/stm32f4xx_ll_usb.o

.debug_str      0x0000000000000000    0xe7082
 .debug_str     0x0000000000000000    0xdf8d1 Core/Src/crc.o
                                      0xdfc04 (size before relaxing)
 .debug_str     0x00000000000df8d1      0x73a Core/Src/dma2d.o
                                      0xe02b3 (size before relaxing)
 .debug_str     0x00000000000e000b      0x4bc Core/Src/fmc.o
                                      0xe004c (size before relaxing)
 .debug_str     0x00000000000e04c7      0x26e Core/Src/gpio.o
                                      0xe0558 (size before relaxing)
 .debug_str     0x00000000000e0735      0x2b3 Core/Src/i2c.o
                                      0xe006a (size before relaxing)
 .debug_str     0x00000000000e09e8      0x2a1 Core/Src/ltdc.o
                                      0xe039c (size before relaxing)
 .debug_str     0x00000000000e0c89      0xa0f Core/Src/main.o
                                      0xe1335 (size before relaxing)
 .debug_str     0x00000000000e1698       0x4b Core/Src/queue.o
                                      0xdfa1b (size before relaxing)
 .debug_str     0x00000000000e16e3       0x4b Core/Src/spi.o
                                      0xdffc2 (size before relaxing)
 .debug_str     0x00000000000e172e       0x41 Core/Src/stepper.o
                                      0xe014d (size before relaxing)
 .debug_str     0x00000000000e176f       0x2c Core/Src/stm32f4xx_hal_msp.o
                                      0xdfac8 (size before relaxing)
 .debug_str     0x00000000000e179b       0xaa Core/Src/stm32f4xx_hal_timebase_tim.o
                                      0xdc436 (size before relaxing)
 .debug_str     0x00000000000e1845      0x115 Core/Src/stm32f4xx_it.o
                                      0xe09e2 (size before relaxing)
 .debug_str     0x00000000000e195a       0xaf Core/Src/system_stm32f4xx.o
                                      0xdb945 (size before relaxing)
 .debug_str     0x00000000000e1a09      0x104 Core/Src/tim.o
                                      0xe065c (size before relaxing)
 .debug_str     0x00000000000e1b0d       0x9b Core/Src/usart.o
                                      0xe05b1 (size before relaxing)
 .debug_str     0x00000000000e1ba8       0x59 Core/Src/usb_otg.o
                                      0xe0517 (size before relaxing)
 .debug_str     0x00000000000e1c01       0x36 Core/Startup/startup_stm32f429zitx.o
                                         0x69 (size before relaxing)
 .debug_str     0x00000000000e1c37      0x573 Drivers/STM32F4xx_HAL_Driver/Src/stm32f4xx_hal.o
                                      0xdc4c6 (size before relaxing)
 .debug_str     0x00000000000e21aa      0x392 Drivers/STM32F4xx_HAL_Driver/Src/stm32f4xx_hal_cortex.o
                                      0xdc267 (size before relaxing)
 .debug_str     0x00000000000e253c       0xaa Drivers/STM32F4xx_HAL_Driver/Src/stm32f4xx_hal_crc.o
                                      0xdb98c (size before relaxing)
 .debug_str     0x00000000000e25e6      0x310 Drivers/STM32F4xx_HAL_Driver/Src/stm32f4xx_hal_dma.o
                                      0xdbd5c (size before relaxing)
 .debug_str     0x00000000000e28f6      0x3a6 Drivers/STM32F4xx_HAL_Driver/Src/stm32f4xx_hal_dma2d.o
                                      0xdbf41 (size before relaxing)
 .debug_str     0x00000000000e2c9c      0x13a Drivers/STM32F4xx_HAL_Driver/Src/stm32f4xx_hal_gpio.o
                                      0xdbaec (size before relaxing)
 .debug_str     0x00000000000e2dd6      0x3dc Drivers/STM32F4xx_HAL_Driver/Src/stm32f4xx_hal_hcd.o
                                      0xdbfe3 (size before relaxing)
 .debug_str     0x00000000000e31b2      0xa92 Drivers/STM32F4xx_HAL_Driver/Src/stm32f4xx_hal_i2c.o
                                      0xdc8b9 (size before relaxing)
 .debug_str     0x00000000000e3c44       0x3b Drivers/STM32F4xx_HAL_Driver/Src/stm32f4xx_hal_i2c_ex.o
                                      0xdbd40 (size before relaxing)
 .debug_str     0x00000000000e3c7f      0x480 Drivers/STM32F4xx_HAL_Driver/Src/stm32f4xx_hal_ltdc.o
                                      0xdbf9b (size before relaxing)
 .debug_str     0x00000000000e40ff      0x244 Drivers/STM32F4xx_HAL_Driver/Src/stm32f4xx_hal_rcc.o
                                      0xdbd47 (size before relaxing)
 .debug_str     0x00000000000e4343      0x14d Drivers/STM32F4xx_HAL_Driver/Src/stm32f4xx_hal_rcc_ex.o
                                      0xdbb38 (size before relaxing)
 .debug_str     0x00000000000e4490      0x2b0 Drivers/STM32F4xx_HAL_Driver/Src/stm32f4xx_hal_sdram.o
                                      0xdbf3b (size before relaxing)
 .debug_str     0x00000000000e4740      0x564 Drivers/STM32F4xx_HAL_Driver/Src/stm32f4xx_hal_spi.o
                                      0xdc1d6 (size before relaxing)
 .debug_str     0x00000000000e4ca4      0xdbd Drivers/STM32F4xx_HAL_Driver/Src/stm32f4xx_hal_tim.o
                                      0xdcc5a (size before relaxing)
 .debug_str     0x00000000000e5a61      0x4ee Drivers/STM32F4xx_HAL_Driver/Src/stm32f4xx_hal_tim_ex.o
                                      0xdc40b (size before relaxing)
 .debug_str     0x00000000000e5f4f      0x5a5 Drivers/STM32F4xx_HAL_Driver/Src/stm32f4xx_hal_uart.o
                                      0xdc296 (size before relaxing)
 .debug_str     0x00000000000e64f4      0x556 Drivers/STM32F4xx_HAL_Driver/Src/stm32f4xx_ll_fmc.o
                                      0xdbf9c (size before relaxing)
 .debug_str     0x00000000000e6a4a      0x638 Drivers/STM32F4xx_HAL_Driver/Src/stm32f4xx_ll_usb.o
                                      0xdc23d (size before relaxing)

.comment        0x0000000000000000       0x53
 .comment       0x0000000000000000       0x53 Core/Src/crc.o
                                         0x54 (size before relaxing)
 .comment       0x0000000000000053       0x54 Core/Src/dma2d.o
 .comment       0x0000000000000053       0x54 Core/Src/fmc.o
 .comment       0x0000000000000053       0x54 Core/Src/gpio.o
 .comment       0x0000000000000053       0x54 Core/Src/i2c.o
 .comment       0x0000000000000053       0x54 Core/Src/ltdc.o
 .comment       0x0000000000000053       0x54 Core/Src/main.o
 .comment       0x0000000000000053       0x54 Core/Src/queue.o
 .comment       0x0000000000000053       0x54 Core/Src/spi.o
 .comment       0x0000000000000053       0x54 Core/Src/stepper.o
 .comment       0x0000000000000053       0x54 Core/Src/stm32f4xx_hal_msp.o
 .comment       0x0000000000000053       0x54 Core/Src/stm32f4xx_hal_timebase_tim.o
 .comment       0x0000000000000053       0x54 Core/Src/stm32f4xx_it.o
 .comment       0x0000000000000053       0x54 Core/Src/system_stm32f4xx.o
 .comment       0x0000000000000053       0x54 Core/Src/tim.o
 .comment       0x0000000000000053       0x54 Core/Src/usart.o
 .comment       0x0000000000000053       0x54 Core/Src/usb_otg.o
 .comment       0x0000000000000053       0x54 Drivers/STM32F4xx_HAL_Driver/Src/stm32f4xx_hal.o
 .comment       0x0000000000000053       0x54 Drivers/STM32F4xx_HAL_Driver/Src/stm32f4xx_hal_cortex.o
 .comment       0x0000000000000053       0x54 Drivers/STM32F4xx_HAL_Driver/Src/stm32f4xx_hal_crc.o
 .comment       0x0000000000000053       0x54 Drivers/STM32F4xx_HAL_Driver/Src/stm32f4xx_hal_dma.o
 .comment       0x0000000000000053       0x54 Drivers/STM32F4xx_HAL_Driver/Src/stm32f4xx_hal_dma2d.o
 .comment       0x0000000000000053       0x54 Drivers/STM32F4xx_HAL_Driver/Src/stm32f4xx_hal_gpio.o
 .comment       0x0000000000000053       0x54 Drivers/STM32F4xx_HAL_Driver/Src/stm32f4xx_hal_hcd.o
 .comment       0x0000000000000053       0x54 Drivers/STM32F4xx_HAL_Driver/Src/stm32f4xx_hal_i2c.o
 .comment       0x0000000000000053       0x54 Drivers/STM32F4xx_HAL_Driver/Src/stm32f4xx_hal_i2c_ex.o
 .comment       0x0000000000000053       0x54 Drivers/STM32F4xx_HAL_Driver/Src/stm32f4xx_hal_ltdc.o
 .comment       0x0000000000000053       0x54 Drivers/STM32F4xx_HAL_Driver/Src/stm32f4xx_hal_rcc.o
 .comment       0x0000000000000053       0x54 Drivers/STM32F4xx_HAL_Driver/Src/stm32f4xx_hal_rcc_ex.o
 .comment       0x0000000000000053       0x54 Drivers/STM32F4xx_HAL_Driver/Src/stm32f4xx_hal_sdram.o
 .comment       0x0000000000000053       0x54 Drivers/STM32F4xx_HAL_Driver/Src/stm32f4xx_hal_spi.o
 .comment       0x0000000000000053       0x54 Drivers/STM32F4xx_HAL_Driver/Src/stm32f4xx_hal_tim.o
 .comment       0x0000000000000053       0x54 Drivers/STM32F4xx_HAL_Driver/Src/stm32f4xx_hal_tim_ex.o
 .comment       0x0000000000000053       0x54 Drivers/STM32F4xx_HAL_Driver/Src/stm32f4xx_hal_uart.o
 .comment       0x0000000000000053       0x54 Drivers/STM32F4xx_HAL_Driver/Src/stm32f4xx_ll_fmc.o
 .comment       0x0000000000000053       0x54 Drivers/STM32F4xx_HAL_Driver/Src/stm32f4xx_ll_usb.o

.debug_frame    0x0000000000000000     0x6fd8
 .debug_frame   0x0000000000000000       0x7c Core/Src/crc.o
 .debug_frame   0x000000000000007c       0x74 Core/Src/dma2d.o
 .debug_frame   0x00000000000000f0       0xbc Core/Src/fmc.o
 .debug_frame   0x00000000000001ac       0x5c Core/Src/gpio.o
 .debug_frame   0x0000000000000208       0x74 Core/Src/i2c.o
 .debug_frame   0x000000000000027c       0x80 Core/Src/ltdc.o
 .debug_frame   0x00000000000002fc       0xb8 Core/Src/main.o
 .debug_frame   0x00000000000003b4       0xd0 Core/Src/queue.o
 .debug_frame   0x0000000000000484       0x74 Core/Src/spi.o
 .debug_frame   0x00000000000004f8       0x2c Core/Src/stepper.o
 .debug_frame   0x0000000000000524       0x38 Core/Src/stm32f4xx_hal_msp.o