Archive member included to satisfy reference by file (symbol)

c:/st/stm32cubeide_1.6.1/stm32cubeide/plugins/com.st.stm32cube.ide.mcu.externaltools.gnu-tools-for-stm32.9-2020-q2-update.win32_1.5.0.202011040924/tools/bin/../lib/gcc/arm-none-eabi/9.3.1/../../../../arm-none-eabi/lib/thumb/v7e-m+fp/hard\libc_nano.a(lib_a-errno.o)
                              Core/Src/syscalls.o (__errno)
c:/st/stm32cubeide_1.6.1/stm32cubeide/plugins/com.st.stm32cube.ide.mcu.externaltools.gnu-tools-for-stm32.9-2020-q2-update.win32_1.5.0.202011040924/tools/bin/../lib/gcc/arm-none-eabi/9.3.1/../../../../arm-none-eabi/lib/thumb/v7e-m+fp/hard\libc_nano.a(lib_a-exit.o)
                              c:/st/stm32cubeide_1.6.1/stm32cubeide/plugins/com.st.stm32cube.ide.mcu.externaltools.gnu-tools-for-stm32.9-2020-q2-update.win32_1.5.0.202011040924/tools/bin/../lib/gcc/arm-none-eabi/9.3.1/../../../../arm-none-eabi/lib/thumb/v7e-m+fp/hard/crt0.o (exit)
c:/st/stm32cubeide_1.6.1/stm32cubeide/plugins/com.st.stm32cube.ide.mcu.externaltools.gnu-tools-for-stm32.9-2020-q2-update.win32_1.5.0.202011040924/tools/bin/../lib/gcc/arm-none-eabi/9.3.1/../../../../arm-none-eabi/lib/thumb/v7e-m+fp/hard\libc_nano.a(lib_a-impure.o)
                              c:/st/stm32cubeide_1.6.1/stm32cubeide/plugins/com.st.stm32cube.ide.mcu.externaltools.gnu-tools-for-stm32.9-2020-q2-update.win32_1.5.0.202011040924/tools/bin/../lib/gcc/arm-none-eabi/9.3.1/../../../../arm-none-eabi/lib/thumb/v7e-m+fp/hard\libc_nano.a(lib_a-exit.o) (_global_impure_ptr)
c:/st/stm32cubeide_1.6.1/stm32cubeide/plugins/com.st.stm32cube.ide.mcu.externaltools.gnu-tools-for-stm32.9-2020-q2-update.win32_1.5.0.202011040924/tools/bin/../lib/gcc/arm-none-eabi/9.3.1/../../../../arm-none-eabi/lib/thumb/v7e-m+fp/hard\libc_nano.a(lib_a-init.o)
                              c:/st/stm32cubeide_1.6.1/stm32cubeide/plugins/com.st.stm32cube.ide.mcu.externaltools.gnu-tools-for-stm32.9-2020-q2-update.win32_1.5.0.202011040924/tools/bin/../lib/gcc/arm-none-eabi/9.3.1/../../../../arm-none-eabi/lib/thumb/v7e-m+fp/hard/crt0.o (__libc_init_array)
c:/st/stm32cubeide_1.6.1/stm32cubeide/plugins/com.st.stm32cube.ide.mcu.externaltools.gnu-tools-for-stm32.9-2020-q2-update.win32_1.5.0.202011040924/tools/bin/../lib/gcc/arm-none-eabi/9.3.1/../../../../arm-none-eabi/lib/thumb/v7e-m+fp/hard\libc_nano.a(lib_a-itoa.o)
                              Core/Src/stepper.o (itoa)
c:/st/stm32cubeide_1.6.1/stm32cubeide/plugins/com.st.stm32cube.ide.mcu.externaltools.gnu-tools-for-stm32.9-2020-q2-update.win32_1.5.0.202011040924/tools/bin/../lib/gcc/arm-none-eabi/9.3.1/../../../../arm-none-eabi/lib/thumb/v7e-m+fp/hard\libc_nano.a(lib_a-memset.o)
                              c:/st/stm32cubeide_1.6.1/stm32cubeide/plugins/com.st.stm32cube.ide.mcu.externaltools.gnu-tools-for-stm32.9-2020-q2-update.win32_1.5.0.202011040924/tools/bin/../lib/gcc/arm-none-eabi/9.3.1/../../../../arm-none-eabi/lib/thumb/v7e-m+fp/hard/crt0.o (memset)
c:/st/stm32cubeide_1.6.1/stm32cubeide/plugins/com.st.stm32cube.ide.mcu.externaltools.gnu-tools-for-stm32.9-2020-q2-update.win32_1.5.0.202011040924/tools/bin/../lib/gcc/arm-none-eabi/9.3.1/../../../../arm-none-eabi/lib/thumb/v7e-m+fp/hard\libc_nano.a(lib_a-utoa.o)
                              c:/st/stm32cubeide_1.6.1/stm32cubeide/plugins/com.st.stm32cube.ide.mcu.externaltools.gnu-tools-for-stm32.9-2020-q2-update.win32_1.5.0.202011040924/tools/bin/../lib/gcc/arm-none-eabi/9.3.1/../../../../arm-none-eabi/lib/thumb/v7e-m+fp/hard\libc_nano.a(lib_a-itoa.o) (__utoa)
c:/st/stm32cubeide_1.6.1/stm32cubeide/plugins/com.st.stm32cube.ide.mcu.externaltools.gnu-tools-for-stm32.9-2020-q2-update.win32_1.5.0.202011040924/tools/bin/../lib/gcc/arm-none-eabi/9.3.1/thumb/v7e-m+fp/hard\libgcc.a(_aeabi_uldivmod.o)
                              Drivers/STM32F4xx_HAL_Driver/Src/stm32f4xx_hal_rcc.o (__aeabi_uldivmod)
c:/st/stm32cubeide_1.6.1/stm32cubeide/plugins/com.st.stm32cube.ide.mcu.externaltools.gnu-tools-for-stm32.9-2020-q2-update.win32_1.5.0.202011040924/tools/bin/../lib/gcc/arm-none-eabi/9.3.1/thumb/v7e-m+fp/hard\libgcc.a(_udivmoddi4.o)
                              c:/st/stm32cubeide_1.6.1/stm32cubeide/plugins/com.st.stm32cube.ide.mcu.externaltools.gnu-tools-for-stm32.9-2020-q2-update.win32_1.5.0.202011040924/tools/bin/../lib/gcc/arm-none-eabi/9.3.1/thumb/v7e-m+fp/hard\libgcc.a(_aeabi_uldivmod.o) (__udivmoddi4)
c:/st/stm32cubeide_1.6.1/stm32cubeide/plugins/com.st.stm32cube.ide.mcu.externaltools.gnu-tools-for-stm32.9-2020-q2-update.win32_1.5.0.202011040924/tools/bin/../lib/gcc/arm-none-eabi/9.3.1/thumb/v7e-m+fp/hard\libgcc.a(_dvmd_tls.o)
                              c:/st/stm32cubeide_1.6.1/stm32cubeide/plugins/com.st.stm32cube.ide.mcu.externaltools.gnu-tools-for-stm32.9-2020-q2-update.win32_1.5.0.202011040924/tools/bin/../lib/gcc/arm-none-eabi/9.3.1/thumb/v7e-m+fp/hard\libgcc.a(_aeabi_uldivmod.o) (__aeabi_ldiv0)

Allocating common symbols
Common symbol       size              file

hi2c3               0x54              Core/Src/i2c.o
[...]
Memory Configuration

Name             Origin             Length             Attributes
CCMRAM           0x0000000010000000 0x0000000000010000 xrw
RAM              0x0000000020000000 0x0000000000030000 xrw
FLASH            0x0000000008000000 0x0000000000200000 xr
*default*        0x0000000000000000 0xffffffffffffffff

Linker script and memory map

LOAD c:/st/stm32cubeide_1.6.1/stm32cubeide/plugins/com.st.stm32cube.ide.mcu.externaltools.gnu-tools-for-stm32.9-2020-q2-update.win32_1.5.0.202011040924/tools/bin/../lib/gcc/arm-none-eabi/9.3.1/thumb/v7e-m+fp/hard/crti.o
LOAD c:/st/stm32cubeide_1.6.1/stm32cubeide/plugins/com.st.stm32cube.ide.mcu.externaltools.gnu-tools-for-stm32.9-2020-q2-update.win32_1.5.0.202011040924/tools/bin/../lib/gcc/arm-none-eabi/9.3.1/thumb/v7e-m+fp/hard/crtbegin.o
LOAD c:/st/stm32cubeide_1.6.1/stm32cubeide/plugins/com.st.stm32cube.ide.mcu.externaltools.gnu-tools-for-stm32.9-2020-q2-update.win32_1.5.0.202011040924/tools/bin/../lib/gcc/arm-none-eabi/9.3.1/../../../../arm-none-eabi/lib/thumb/v7e-m+fp/hard/crt0.o
LOAD Core/Src/crc.o
LOAD Core/Src/dma2d.o
LOAD Core/Src/fmc.o
LOAD Core/Src/gpio.o
LOAD Core/Src/i2c.o
LOAD Core/Src/ltdc.o
LOAD Core/Src/main.o
LOAD Core/Src/queue.o
LOAD Core/Src/spi.o
LOAD Core/Src/stepper.o
LOAD Core/Src/stm32f4xx_hal_msp.o
LOAD Core/Src/stm32f4xx_hal_timebase_tim.o
LOAD Core/Src/stm32f4xx_it.o
LOAD Core/Src/stp_cntr.o
LOAD Core/Src/syscalls.o
LOAD Core/Src/sysmem.o
LOAD Core/Src/system_stm32f4xx.o
LOAD Core/Src/tim.o
LOAD Core/Src/usart.o
LOAD Core/Src/usb_otg.o
LOAD Core/Startup/startup_stm32f429zitx.o
LOAD Drivers/STM32F4xx_HAL_Driver/Src/stm32f4xx_hal.o
LOAD Drivers/STM32F4xx_HAL_Driver/Src/stm32f4xx_hal_cortex.o
LOAD Drivers/STM32F4xx_HAL_Driver/Src/stm32f4xx_hal_crc.o
LOAD Drivers/STM32F4xx_HAL_Driver/Src/stm32f4xx_hal_dma.o
LOAD Drivers/STM32F4xx_HAL_Driver/Src/stm32f4xx_hal_dma2d.o
LOAD Drivers/STM32F4xx_HAL_Driver/Src/stm32f4xx_hal_dma_ex.o
LOAD Drivers/STM32F4xx_HAL_Driver/Src/stm32f4xx_hal_dsi.o
LOAD Drivers/STM32F4xx_HAL_Driver/Src/stm32f4xx_hal_exti.o
LOAD Drivers/STM32F4xx_HAL_Driver/Src/stm32f4xx_hal_flash.o
LOAD Drivers/STM32F4xx_HAL_Driver/Src/stm32f4xx_hal_flash_ex.o
LOAD Drivers/STM32F4xx_HAL_Driver/Src/stm32f4xx_hal_flash_ramfunc.o
LOAD Drivers/STM32F4xx_HAL_Driver/Src/stm32f4xx_hal_gpio.o
LOAD Drivers/STM32F4xx_HAL_Driver/Src/stm32f4xx_hal_hcd.o
LOAD Drivers/STM32F4xx_HAL_Driver/Src/stm32f4xx_hal_i2c.o
LOAD Drivers/STM32F4xx_HAL_Driver/Src/stm32f4xx_hal_i2c_ex.o
LOAD Drivers/STM32F4xx_HAL_Driver/Src/stm32f4xx_hal_ltdc.o
LOAD Drivers/STM32F4xx_HAL_Driver/Src/stm32f4xx_hal_ltdc_ex.o
LOAD Drivers/STM32F4xx_HAL_Driver/Src/stm32f4xx_hal_pwr.o
LOAD Drivers/STM32F4xx_HAL_Driver/Src/stm32f4xx_hal_pwr_ex.o
LOAD Drivers/STM32F4xx_HAL_Driver/Src/stm32f4xx_hal_rcc.o
LOAD Drivers/STM32F4xx_HAL_Driver/Src/stm32f4xx_hal_rcc_ex.o
LOAD Drivers/STM32F4xx_HAL_Driver/Src/stm32f4xx_hal_sdram.o
LOAD Drivers/STM32F4xx_HAL_Driver/Src/stm32f4xx_hal_spi.o
LOAD Drivers/STM32F4xx_HAL_Driver/Src/stm32f4xx_hal_tim.o
LOAD Drivers/STM32F4xx_HAL_Driver/Src/stm32f4xx_hal_tim_ex.o
LOAD Drivers/STM32F4xx_HAL_Driver/Src/stm32f4xx_hal_uart.o
LOAD Drivers/STM32F4xx_HAL_Driver/Src/stm32f4xx_ll_fmc.o
LOAD Drivers/STM32F4xx_HAL_Driver/Src/stm32f4xx_ll_usb.o
START GROUP
LOAD c:/st/stm32cubeide_1.6.1/stm32cubeide/plugins/com.st.stm32cube.ide.mcu.externaltools.gnu-tools-for-stm32.9-2020-q2-update.win32_1.5.0.202011040924/tools/bin/../lib/gcc/arm-none-eabi/9.3.1/../../../../arm-none-eabi/lib/thumb/v7e-m+fp/hard\libc_nano.a
LOAD c:/st/stm32cubeide_1.6.1/stm32cubeide/plugins/com.st.stm32cube.ide.mcu.externaltools.gnu-tools-for-stm32.9-2020-q2-update.win32_1.5.0.202011040924/tools/bin/../lib/gcc/arm-none-eabi/9.3.1/../../../../arm-none-eabi/lib/thumb/v7e-m+fp/hard\libm.a
END GROUP
START GROUP
LOAD c:/st/stm32cubeide_1.6.1/stm32cubeide/plugins/com.st.stm32cube.ide.mcu.externaltools.gnu-tools-for-stm32.9-2020-q2-update.win32_1.5.0.202011040924/tools/bin/../lib/gcc/arm-none-eabi/9.3.1/thumb/v7e-m+fp/hard\libgcc.a
LOAD c:/st/stm32cubeide_1.6.1/stm32cubeide/plugins/com.st.stm32cube.ide.mcu.externaltools.gnu-tools-for-stm32.9-2020-q2-update.win32_1.5.0.202011040924/tools/bin/../lib/gcc/arm-none-eabi/9.3.1/../../../../arm-none-eabi/lib/thumb/v7e-m+fp/hard\libc_nano.a
END GROUP
START GROUP
LOAD c:/st/stm32cubeide_1.6.1/stm32cubeide/plugins/com.st.stm32cube.ide.mcu.externaltools.gnu-tools-for-stm32.9-2020-q2-update.win32_1.5.0.202011040924/tools/bin/../lib/gcc/arm-none-eabi/9.3.1/thumb/v7e-m+fp/hard\libgcc.a
LOAD c:/st/stm32cubeide_1.6.1/stm32cubeide/plugins/com.st.stm32cube.ide.mcu.externaltools.gnu-tools-for-stm32.9-2020-q2-update.win32_1.5.0.202011040924/tools/bin/../lib/gcc/arm-none-eabi/9.3.1/../../../../arm-none-eabi/lib/thumb/v7e-m+fp/hard\libc_nano.a
LOAD c:/st/stm32cubeide_1.6.1/stm32cubeide/plugins/com.st.stm32cube.ide.mcu.externaltools.gnu-tools-for-stm32.9-2020-q2-update.win32_1.5.0.202011040924/tools/bin/../lib/gcc/arm-none-eabi/9.3.1/../../../../arm-none-eabi/lib/thumb/v7e-m+fp/hard\libnosys.a
END GROUP
START GROUP
LOAD c:/st/stm32cubeide_1.6.1/stm32cubeide/plugins/com.st.stm32cube.ide.mcu.externaltools.gnu-tools-for-stm32.9-2020-q2-update.win32_1.5.0.202011040924/tools/bin/../lib/gcc/arm-none-eabi/9.3.1/thumb/v7e-m+fp/hard\libgcc.a
LOAD c:/st/stm32cubeide_1.6.1/stm32cubeide/plugins/com.st.stm32cube.ide.mcu.externaltools.gnu-tools-for-stm32.9-2020-q2-update.win32_1.5.0.202011040924/tools/bin/../lib/gcc/arm-none-eabi/9.3.1/../../../../arm-none-eabi/lib/thumb/v7e-m+fp/hard\libc_nano.a
LOAD c:/st/stm32cubeide_1.6.1/stm32cubeide/plugins/com.st.stm32cube.ide.mcu.externaltools.gnu-tools-for-stm32.9-2020-q2-update.win32_1.5.0.202011040924/tools/bin/../lib/gcc/arm-none-eabi/9.3.1/../../../../arm-none-eabi/lib/thumb/v7e-m+fp/hard\libnosys.a
END GROUP
LOAD c:/st/stm32cubeide_1.6.1/stm32cubeide/plugins/com.st.stm32cube.ide.mcu.externaltools.gnu-tools-for-stm32.9-2020-q2-update.win32_1.5.0.202011040924/tools/bin/../lib/gcc/arm-none-eabi/9.3.1/thumb/v7e-m+fp/hard/crtend.o
LOAD c:/st/stm32cubeide_1.6.1/stm32cubeide/plugins/com.st.stm32cube.ide.mcu.externaltools.gnu-tools-for-stm32.9-2020-q2-update.win32_1.5.0.202011040924/tools/bin/../lib/gcc/arm-none-eabi/9.3.1/thumb/v7e-m+fp/hard/crtn.o
                0x0000000020030000                _estack = (ORIGIN (RAM) + LENGTH (RAM))
                0x0000000000000200                _Min_Heap_Size = 0x200
                0x0000000000000400                _Min_Stack_Size = 0x400

.isr_vector     0x0000000008000000      0x1ac
                0x0000000008000000                . = ALIGN (0x4)
 *(.isr_vector)
 .isr_vector    0x0000000008000000      0x1ac Core/Startup/startup_stm32f429zitx.o
                0x0000000008000000                g_pfnVectors
                0x00000000080001ac                . = ALIGN (0x4)

.text           0x00000000080001ac     0x70fc
                0x00000000080001ac                . = ALIGN (0x4)
 *(.text)
 .text          0x00000000080001ac       0x40 c:/st/stm32cubeide_1.6.1/stm32cubeide/plugins/com.st.stm32cube.ide.mcu.externaltools.gnu-tools-for-stm32.9-2020-q2-update.win32_1.5.0.202011040924/tools/bin/../lib/gcc/arm-none-eabi/9.3.1/thumb/v7e-m+fp/hard/crtbegin.o
 .text          0x00000000080001ec       0x30 c:/st/stm32cubeide_1.6.1/stm32cubeide/plugins/com.st.stm32cube.ide.mcu.externaltools.gnu-tools-for-stm32.9-2020-q2-update.win32_1.5.0.202011040924/tools/bin/../lib/gcc/arm-none-eabi/9.3.1/thumb/v7e-m+fp/hard\libgcc.a(_aeabi_uldivmod.o)
                0x00000000080001ec                __aeabi_uldivmod
 .text          0x000000000800021c      0x2c4 c:/st/stm32cubeide_1.6.1/stm32cubeide/plugins/com.st.stm32cube.ide.mcu.externaltools.gnu-tools-for-stm32.9-2020-q2-update.win32_1.5.0.202011040924/tools/bin/../lib/gcc/arm-none-eabi/9.3.1/thumb/v7e-m+fp/hard\libgcc.a(_udivmoddi4.o)
                0x000000000800021c                __udivmoddi4
 .text          0x00000000080004e0        0x4 c:/st/stm32cubeide_1.6.1/stm32cubeide/plugins/com.st.stm32cube.ide.mcu.externaltools.gnu-tools-for-stm32.9-2020-q2-update.win32_1.5.0.202011040924/tools/bin/../lib/gcc/arm-none-eabi/9.3.1/thumb/v7e-m+fp/hard\libgcc.a(_dvmd_tls.o)
                0x00000000080004e0                __aeabi_idiv0
                0x00000000080004e0                __aeabi_ldiv0
 *(.text*)
 .text.MX_CRC_Init
                0x00000000080004e4       0x28 Core/Src/crc.o
                0x00000000080004e4                MX_CRC_Init
 .text.HAL_CRC_MspInit
                0x000000000800050c       0x44 Core/Src/crc.o
                0x000000000800050c                HAL_CRC_MspInit
 .text.MX_DMA2D_Init
                0x0000000008000550       0x64 Core/Src/dma2d.o
                0x0000000008000550                MX_DMA2D_Init
 .text.HAL_DMA2D_MspInit
                0x00000000080005b4       0x50 Core/Src/dma2d.o
                0x00000000080005b4                HAL_DMA2D_MspInit
 .text.MX_FMC_Init
                0x0000000008000604       0xa0 Core/Src/fmc.o
                0x0000000008000604                MX_FMC_Init
 .text.HAL_FMC_MspInit
                0x00000000080006a4      0x124 Core/Src/fmc.o
 .text.HAL_SDRAM_MspInit
                0x00000000080007c8       0x14 Core/Src/fmc.o
                0x00000000080007c8                HAL_SDRAM_MspInit
 .text.MX_GPIO_Init
                0x00000000080007dc      0x24c Core/Src/gpio.o
                0x00000000080007dc                MX_GPIO_Init
 .text.HAL_GPIO_EXTI_Callback
                0x0000000008000a28       0x3c Core/Src/gpio.o
                0x0000000008000a28                HAL_GPIO_EXTI_Callback
 .text.MX_I2C3_Init
                0x0000000008000a64       0x80 Core/Src/i2c.o
                0x0000000008000a64                MX_I2C3_Init
 .text.HAL_I2C_MspInit
                0x0000000008000ae4       0xd4 Core/Src/i2c.o
                0x0000000008000ae4                HAL_I2C_MspInit
 .text.MX_LTDC_Init
                0x0000000008000bb8      0x100 Core/Src/ltdc.o
                0x0000000008000bb8                MX_LTDC_Init
 .text.HAL_LTDC_MspInit
                0x0000000008000cb8      0x22c Core/Src/ltdc.o
                0x0000000008000cb8                HAL_LTDC_MspInit
 .text.main     0x0000000008000ee4       0xc0 Core/Src/main.o
                0x0000000008000ee4                main
 .text.SystemClock_Config
                0x0000000008000fa4      0x108 Core/Src/main.o
                0x0000000008000fa4                SystemClock_Config
 .text.buff_is_ready
                0x00000000080010ac       0x2c Core/Src/main.o
                0x00000000080010ac                buff_is_ready
 .text.HAL_TIM_PeriodElapsedCallback
                0x00000000080010d8       0x24 Core/Src/main.o
                0x00000000080010d8                HAL_TIM_PeriodElapsedCallback
 .text.Error_Handler
                0x00000000080010fc        0xa Core/Src/main.o
                0x00000000080010fc                Error_Handler
 .text.isQ_Full
                0x0000000008001106       0x42 Core/Src/queue.o
                0x0000000008001106                isQ_Full
 .text.reset_Queue
                0x0000000008001148       0x24 Core/Src/queue.o
                0x0000000008001148                reset_Queue
 .text.enQueue  0x000000000800116c       0x5a Core/Src/queue.o
                0x000000000800116c                enQueue
 *fill*         0x00000000080011c6        0x2 
 .text.MX_SPI5_Init
                0x00000000080011c8       0x6c Core/Src/spi.o
                0x00000000080011c8                MX_SPI5_Init
 .text.HAL_SPI_MspInit
                0x0000000008001234       0x90 Core/Src/spi.o
                0x0000000008001234                HAL_SPI_MspInit
 .text.HAL_MspInit
                0x00000000080012c4       0x50 Core/Src/stm32f4xx_hal_msp.o
                0x00000000080012c4                HAL_MspInit
 .text.HAL_InitTick
                0x0000000008001314       0xb4 Core/Src/stm32f4xx_hal_timebase_tim.o
                0x0000000008001314                HAL_InitTick
 .text.NMI_Handler
                0x00000000080013c8        0x6 Core/Src/stm32f4xx_it.o
                0x00000000080013c8                NMI_Handler
 .text.HardFault_Handler
                0x00000000080013ce        0x6 Core/Src/stm32f4xx_it.o
                0x00000000080013ce                HardFault_Handler
 .text.MemManage_Handler
                0x00000000080013d4        0x6 Core/Src/stm32f4xx_it.o
                0x00000000080013d4                MemManage_Handler
 .text.BusFault_Handler
                0x00000000080013da        0x6 Core/Src/stm32f4xx_it.o
                0x00000000080013da                BusFault_Handler
 .text.UsageFault_Handler
                0x00000000080013e0        0x6 Core/Src/stm32f4xx_it.o
                0x00000000080013e0                UsageFault_Handler
 .text.SVC_Handler
                0x00000000080013e6        0xe Core/Src/stm32f4xx_it.o
                0x00000000080013e6                SVC_Handler
 .text.DebugMon_Handler
                0x00000000080013f4        0xe Core/Src/stm32f4xx_it.o
                0x00000000080013f4                DebugMon_Handler
 .text.PendSV_Handler
                0x0000000008001402        0xe Core/Src/stm32f4xx_it.o
                0x0000000008001402                PendSV_Handler
 .text.SysTick_Handler
                0x0000000008001410        0xe Core/Src/stm32f4xx_it.o
                0x0000000008001410                SysTick_Handler
 .text.EXTI0_IRQHandler
                0x000000000800141e        0xe Core/Src/stm32f4xx_it.o
                0x000000000800141e                EXTI0_IRQHandler
 .text.UART5_IRQHandler
                0x000000000800142c       0x14 Core/Src/stm32f4xx_it.o
                0x000000000800142c                UART5_IRQHandler
 .text.TIM6_DAC_IRQHandler
                0x0000000008001440       0x14 Core/Src/stm32f4xx_it.o
                0x0000000008001440                TIM6_DAC_IRQHandler
 .text.TIM7_IRQHandler
                0x0000000008001454       0x14 Core/Src/stm32f4xx_it.o
                0x0000000008001454                TIM7_IRQHandler
 .text.OTG_HS_IRQHandler
                0x0000000008001468       0x14 Core/Src/stm32f4xx_it.o
                0x0000000008001468                OTG_HS_IRQHandler
 .text.LTDC_IRQHandler
                0x000000000800147c       0x14 Core/Src/stm32f4xx_it.o
                0x000000000800147c                LTDC_IRQHandler
 .text.DMA2D_IRQHandler
                0x0000000008001490       0x14 Core/Src/stm32f4xx_it.o
                0x0000000008001490                DMA2D_IRQHandler
 .text.SystemInit
                0x00000000080014a4       0x24 Core/Src/system_stm32f4xx.o
                0x00000000080014a4                SystemInit
 .text.MX_TIM1_Init
                0x00000000080014c8       0xa0 Core/Src/tim.o
                0x00000000080014c8                MX_TIM1_Init
 .text.MX_TIM7_Init
                0x0000000008001568       0x6c Core/Src/tim.o
                0x0000000008001568                MX_TIM7_Init
 .text.HAL_TIM_Base_MspInit
                0x00000000080015d4       0x7c Core/Src/tim.o
                0x00000000080015d4                HAL_TIM_Base_MspInit
 .text.MX_UART5_Init
                0x0000000008001650       0x54 Core/Src/usart.o
                0x0000000008001650                MX_UART5_Init
 .text.MX_USART1_UART_Init
                0x00000000080016a4       0x54 Core/Src/usart.o
                0x00000000080016a4                MX_USART1_UART_Init
 .text.HAL_UART_MspInit
                0x00000000080016f8      0x150 Core/Src/usart.o
                0x00000000080016f8                HAL_UART_MspInit
 .text.HAL_UART_TxCpltCallback
                0x0000000008001848       0x14 Core/Src/usart.o
                0x0000000008001848                HAL_UART_TxCpltCallback
 .text.HAL_UART_RxCpltCallback
                0x000000000800185c       0x34 Core/Src/usart.o
                0x000000000800185c                HAL_UART_RxCpltCallback
 .text.MX_USB_OTG_HS_HCD_Init
                0x0000000008001890       0x58 Core/Src/usb_otg.o
                0x0000000008001890                MX_USB_OTG_HS_HCD_Init
 .text.HAL_HCD_MspInit
                0x00000000080018e8       0xbc Core/Src/usb_otg.o
                0x00000000080018e8                HAL_HCD_MspInit
 .text.Reset_Handler
                0x00000000080019a4       0x50 Core/Startup/startup_stm32f429zitx.o
                0x00000000080019a4                Reset_Handler
 .text.Default_Handler
                0x00000000080019f4        0x2 Core/Startup/startup_stm32f429zitx.o
                0x00000000080019f4                RTC_Alarm_IRQHandler
                0x00000000080019f4                HASH_RNG_IRQHandler
                0x00000000080019f4                EXTI2_IRQHandler
                0x00000000080019f4                TIM8_CC_IRQHandler
                0x00000000080019f4                UART8_IRQHandler
                0x00000000080019f4                SPI4_IRQHandler
                0x00000000080019f4                TIM1_CC_IRQHandler
                0x00000000080019f4                DMA2_Stream5_IRQHandler
                0x00000000080019f4                DMA1_Stream5_IRQHandler
                0x00000000080019f4                PVD_IRQHandler
                0x00000000080019f4                SDIO_IRQHandler
                0x00000000080019f4                TAMP_STAMP_IRQHandler
                0x00000000080019f4                CAN2_RX1_IRQHandler
                0x00000000080019f4                EXTI3_IRQHandler
                0x00000000080019f4                TIM8_TRG_COM_TIM14_IRQHandler
                0x00000000080019f4                TIM1_UP_TIM10_IRQHandler
                0x00000000080019f4                TIM8_UP_TIM13_IRQHandler
                0x00000000080019f4                I2C3_ER_IRQHandler
                0x00000000080019f4                I2C2_EV_IRQHandler
                0x00000000080019f4                DMA1_Stream2_IRQHandler
                0x00000000080019f4                CAN1_RX0_IRQHandler
                0x00000000080019f4                FPU_IRQHandler
                0x00000000080019f4                OTG_HS_WKUP_IRQHandler
                0x00000000080019f4                LTDC_ER_IRQHandler
                0x00000000080019f4                CAN2_SCE_IRQHandler
                0x00000000080019f4                DMA2_Stream2_IRQHandler
                0x00000000080019f4                SPI1_IRQHandler
                0x00000000080019f4                TIM1_BRK_TIM9_IRQHandler
                0x00000000080019f4                DCMI_IRQHandler
                0x00000000080019f4                CAN2_RX0_IRQHandler
                0x00000000080019f4                DMA2_Stream3_IRQHandler
                0x00000000080019f4                USART6_IRQHandler
                0x00000000080019f4                USART3_IRQHandler
                0x00000000080019f4                CAN1_RX1_IRQHandler
                0x00000000080019f4                DMA2_Stream0_IRQHandler
                0x00000000080019f4                TIM4_IRQHandler
                0x00000000080019f4                I2C1_EV_IRQHandler
                0x00000000080019f4                DMA1_Stream6_IRQHandler
                0x00000000080019f4                DMA1_Stream1_IRQHandler
                0x00000000080019f4                UART4_IRQHandler
                0x00000000080019f4                TIM3_IRQHandler
                0x00000000080019f4                RCC_IRQHandler
                0x00000000080019f4                TIM8_BRK_TIM12_IRQHandler
                0x00000000080019f4                Default_Handler
                0x00000000080019f4                EXTI15_10_IRQHandler
                0x00000000080019f4                ADC_IRQHandler
                0x00000000080019f4                DMA1_Stream7_IRQHandler
                0x00000000080019f4                SPI5_IRQHandler
                0x00000000080019f4                CAN2_TX_IRQHandler
                0x00000000080019f4                TIM5_IRQHandler
                0x00000000080019f4                DMA2_Stream7_IRQHandler
                0x00000000080019f4                I2C3_EV_IRQHandler
                0x00000000080019f4                EXTI9_5_IRQHandler
                0x00000000080019f4                RTC_WKUP_IRQHandler
                0x00000000080019f4                ETH_WKUP_IRQHandler
                0x00000000080019f4                SPI2_IRQHandler
                0x00000000080019f4                OTG_HS_EP1_IN_IRQHandler
                0x00000000080019f4                DMA1_Stream0_IRQHandler
                0x00000000080019f4                CAN1_TX_IRQHandler
                0x00000000080019f4                EXTI4_IRQHandler
                0x00000000080019f4                ETH_IRQHandler
                0x00000000080019f4                OTG_HS_EP1_OUT_IRQHandler
                0x00000000080019f4                WWDG_IRQHandler
                0x00000000080019f4                SPI6_IRQHandler
                0x00000000080019f4                TIM2_IRQHandler
                0x00000000080019f4                OTG_FS_WKUP_IRQHandler
                0x00000000080019f4                TIM1_TRG_COM_TIM11_IRQHandler
                0x00000000080019f4                EXTI1_IRQHandler
                0x00000000080019f4                UART7_IRQHandler
                0x00000000080019f4                USART2_IRQHandler
                0x00000000080019f4                I2C2_ER_IRQHandler
                0x00000000080019f4                DMA2_Stream1_IRQHandler
                0x00000000080019f4                CAN1_SCE_IRQHandler
                0x00000000080019f4                FLASH_IRQHandler
                0x00000000080019f4                DMA2_Stream4_IRQHandler
                0x00000000080019f4                USART1_IRQHandler
                0x00000000080019f4                OTG_FS_IRQHandler
                0x00000000080019f4                SPI3_IRQHandler
                0x00000000080019f4                DMA1_Stream4_IRQHandler
                0x00000000080019f4                I2C1_ER_IRQHandler
                0x00000000080019f4                FMC_IRQHandler
                0x00000000080019f4                DMA2_Stream6_IRQHandler
                0x00000000080019f4                SAI1_IRQHandler
                0x00000000080019f4                DMA1_Stream3_IRQHandler
 *fill*         0x00000000080019f6        0x2 
 .text.HAL_Init
                0x00000000080019f8       0x44 Drivers/STM32F4xx_HAL_Driver/Src/stm32f4xx_hal.o
                0x00000000080019f8                HAL_Init
 .text.HAL_IncTick
                0x0000000008001a3c       0x28 Drivers/STM32F4xx_HAL_Driver/Src/stm32f4xx_hal.o
                0x0000000008001a3c                HAL_IncTick
 .text.HAL_GetTick
                0x0000000008001a64       0x18 Drivers/STM32F4xx_HAL_Driver/Src/stm32f4xx_hal.o
                0x0000000008001a64                HAL_GetTick
 .text.HAL_Delay
                0x0000000008001a7c       0x48 Drivers/STM32F4xx_HAL_Driver/Src/stm32f4xx_hal.o
                0x0000000008001a7c                HAL_Delay
 .text.__NVIC_SetPriorityGrouping
                0x0000000008001ac4       0x48 Drivers/STM32F4xx_HAL_Driver/Src/stm32f4xx_hal_cortex.o
 .text.__NVIC_GetPriorityGrouping
                0x0000000008001b0c       0x1c Drivers/STM32F4xx_HAL_Driver/Src/stm32f4xx_hal_cortex.o
 .text.__NVIC_EnableIRQ
                0x0000000008001b28       0x3c Drivers/STM32F4xx_HAL_Driver/Src/stm32f4xx_hal_cortex.o
 .text.__NVIC_SetPriority
                0x0000000008001b64       0x54 Drivers/STM32F4xx_HAL_Driver/Src/stm32f4xx_hal_cortex.o
 .text.NVIC_EncodePriority
                0x0000000008001bb8       0x66 Drivers/STM32F4xx_HAL_Driver/Src/stm32f4xx_hal_cortex.o
 .text.HAL_NVIC_SetPriorityGrouping
                0x0000000008001c1e       0x16 Drivers/STM32F4xx_HAL_Driver/Src/stm32f4xx_hal_cortex.o
                0x0000000008001c1e                HAL_NVIC_SetPriorityGrouping
 .text.HAL_NVIC_SetPriority
                0x0000000008001c34       0x38 Drivers/STM32F4xx_HAL_Driver/Src/stm32f4xx_hal_cortex.o
                0x0000000008001c34                HAL_NVIC_SetPriority
 .text.HAL_NVIC_EnableIRQ
                0x0000000008001c6c       0x1c Drivers/STM32F4xx_HAL_Driver/Src/stm32f4xx_hal_cortex.o
                0x0000000008001c6c                HAL_NVIC_EnableIRQ
 .text.HAL_CRC_Init
                0x0000000008001c88       0x38 Drivers/STM32F4xx_HAL_Driver/Src/stm32f4xx_hal_crc.o
                0x0000000008001c88                HAL_CRC_Init
 .text.HAL_DMA_Abort
                0x0000000008001cc0       0xe0 Drivers/STM32F4xx_HAL_Driver/Src/stm32f4xx_hal_dma.o
                0x0000000008001cc0                HAL_DMA_Abort
 .text.HAL_DMA_Abort_IT
                0x0000000008001da0       0x44 Drivers/STM32F4xx_HAL_Driver/Src/stm32f4xx_hal_dma.o
                0x0000000008001da0                HAL_DMA_Abort_IT
 .text.HAL_DMA2D_Init
                0x0000000008001de4       0x92 Drivers/STM32F4xx_HAL_Driver/Src/stm32f4xx_hal_dma2d.o
                0x0000000008001de4                HAL_DMA2D_Init
 .text.HAL_DMA2D_IRQHandler
                0x0000000008001e76      0x1f8 Drivers/STM32F4xx_HAL_Driver/Src/stm32f4xx_hal_dma2d.o
                0x0000000008001e76                HAL_DMA2D_IRQHandler
 .text.HAL_DMA2D_LineEventCallback
                0x000000000800206e       0x14 Drivers/STM32F4xx_HAL_Driver/Src/stm32f4xx_hal_dma2d.o
                0x000000000800206e                HAL_DMA2D_LineEventCallback
 .text.HAL_DMA2D_CLUTLoadingCpltCallback
                0x0000000008002082       0x14 Drivers/STM32F4xx_HAL_Driver/Src/stm32f4xx_hal_dma2d.o
                0x0000000008002082                HAL_DMA2D_CLUTLoadingCpltCallback
 *fill*         0x0000000008002096        0x2 
 .text.HAL_DMA2D_ConfigLayer
                0x0000000008002098      0x124 Drivers/STM32F4xx_HAL_Driver/Src/stm32f4xx_hal_dma2d.o
                0x0000000008002098                HAL_DMA2D_ConfigLayer
 .text.HAL_GPIO_Init
                0x00000000080021bc      0x358 Drivers/STM32F4xx_HAL_Driver/Src/stm32f4xx_hal_gpio.o
                0x00000000080021bc                HAL_GPIO_Init
 .text.HAL_GPIO_WritePin
                0x0000000008002514       0x32 Drivers/STM32F4xx_HAL_Driver/Src/stm32f4xx_hal_gpio.o
                0x0000000008002514                HAL_GPIO_WritePin
 .text.HAL_GPIO_TogglePin
                0x0000000008002546       0x34 Drivers/STM32F4xx_HAL_Driver/Src/stm32f4xx_hal_gpio.o
                0x0000000008002546                HAL_GPIO_TogglePin
 *fill*         0x000000000800257a        0x2 
 .text.HAL_GPIO_EXTI_IRQHandler
                0x000000000800257c       0x30 Drivers/STM32F4xx_HAL_Driver/Src/stm32f4xx_hal_gpio.o
                0x000000000800257c                HAL_GPIO_EXTI_IRQHandler
 .text.HAL_HCD_Init
                0x00000000080025ac       0xc4 Drivers/STM32F4xx_HAL_Driver/Src/stm32f4xx_hal_hcd.o
                0x00000000080025ac                HAL_HCD_Init
 .text.HAL_HCD_IRQHandler
                0x0000000008002670      0x208 Drivers/STM32F4xx_HAL_Driver/Src/stm32f4xx_hal_hcd.o
                0x0000000008002670                HAL_HCD_IRQHandler
 .text.HAL_HCD_SOF_Callback
                0x0000000008002878       0x14 Drivers/STM32F4xx_HAL_Driver/Src/stm32f4xx_hal_hcd.o
                0x0000000008002878                HAL_HCD_SOF_Callback
 .text.HAL_HCD_Connect_Callback
                0x000000000800288c       0x14 Drivers/STM32F4xx_HAL_Driver/Src/stm32f4xx_hal_hcd.o
                0x000000000800288c                HAL_HCD_Connect_Callback
 .text.HAL_HCD_Disconnect_Callback
                0x00000000080028a0       0x14 Drivers/STM32F4xx_HAL_Driver/Src/stm32f4xx_hal_hcd.o
                0x00000000080028a0                HAL_HCD_Disconnect_Callback
 .text.HAL_HCD_PortEnabled_Callback
                0x00000000080028b4       0x14 Drivers/STM32F4xx_HAL_Driver/Src/stm32f4xx_hal_hcd.o
                0x00000000080028b4                HAL_HCD_PortEnabled_Callback
 .text.HAL_HCD_PortDisabled_Callback
                0x00000000080028c8       0x14 Drivers/STM32F4xx_HAL_Driver/Src/stm32f4xx_hal_hcd.o
                0x00000000080028c8                HAL_HCD_PortDisabled_Callback
 .text.HAL_HCD_HC_NotifyURBChange_Callback
                0x00000000080028dc       0x1c Drivers/STM32F4xx_HAL_Driver/Src/stm32f4xx_hal_hcd.o
                0x00000000080028dc                HAL_HCD_HC_NotifyURBChange_Callback
 .text.HCD_HC_IN_IRQHandler
                0x00000000080028f8      0x844 Drivers/STM32F4xx_HAL_Driver/Src/stm32f4xx_hal_hcd.o
 .text.HCD_HC_OUT_IRQHandler
                0x000000000800313c      0x7fa Drivers/STM32F4xx_HAL_Driver/Src/stm32f4xx_hal_hcd.o
 .text.HCD_RXQLVL_IRQHandler
                0x0000000008003936      0x1a4 Drivers/STM32F4xx_HAL_Driver/Src/stm32f4xx_hal_hcd.o
 .text.HCD_Port_IRQHandler
                0x0000000008003ada       0xe6 Drivers/STM32F4xx_HAL_Driver/Src/stm32f4xx_hal_hcd.o
 .text.HAL_I2C_Init
                0x0000000008003bc0      0x288 Drivers/STM32F4xx_HAL_Driver/Src/stm32f4xx_hal_i2c.o
                0x0000000008003bc0                HAL_I2C_Init
 .text.HAL_I2CEx_ConfigAnalogFilter
                0x0000000008003e48       0x78 Drivers/STM32F4xx_HAL_Driver/Src/stm32f4xx_hal_i2c_ex.o
                0x0000000008003e48                HAL_I2CEx_ConfigAnalogFilter
 .text.HAL_I2CEx_ConfigDigitalFilter
                0x0000000008003ec0       0x7e Drivers/STM32F4xx_HAL_Driver/Src/stm32f4xx_hal_i2c_ex.o
                0x0000000008003ec0                HAL_I2CEx_ConfigDigitalFilter
 *fill*         0x0000000008003f3e        0x2 
 .text.HAL_LTDC_Init
                0x0000000008003f40      0x1a0 Drivers/STM32F4xx_HAL_Driver/Src/stm32f4xx_hal_ltdc.o
                0x0000000008003f40                HAL_LTDC_Init
 .text.HAL_LTDC_IRQHandler
                0x00000000080040e0      0x148 Drivers/STM32F4xx_HAL_Driver/Src/stm32f4xx_hal_ltdc.o
                0x00000000080040e0                HAL_LTDC_IRQHandler
 .text.HAL_LTDC_ErrorCallback
                0x0000000008004228       0x14 Drivers/STM32F4xx_HAL_Driver/Src/stm32f4xx_hal_ltdc.o
                0x0000000008004228                HAL_LTDC_ErrorCallback
 .text.HAL_LTDC_LineEventCallback
                0x000000000800423c       0x14 Drivers/STM32F4xx_HAL_Driver/Src/stm32f4xx_hal_ltdc.o
                0x000000000800423c                HAL_LTDC_LineEventCallback
 .text.HAL_LTDC_ReloadEventCallback
                0x0000000008004250       0x14 Drivers/STM32F4xx_HAL_Driver/Src/stm32f4xx_hal_ltdc.o
                0x0000000008004250                HAL_LTDC_ReloadEventCallback
 .text.HAL_LTDC_ConfigLayer
                0x0000000008004264       0x7c Drivers/STM32F4xx_HAL_Driver/Src/stm32f4xx_hal_ltdc.o
                0x0000000008004264                HAL_LTDC_ConfigLayer
 .text.LTDC_SetConfig
                0x00000000080042e0      0x32e Drivers/STM32F4xx_HAL_Driver/Src/stm32f4xx_hal_ltdc.o
 *fill*         0x000000000800460e        0x2 
 .text.HAL_RCC_OscConfig
                0x0000000008004610      0x4f0 Drivers/STM32F4xx_HAL_Driver/Src/stm32f4xx_hal_rcc.o
                0x0000000008004610                HAL_RCC_OscConfig
 .text.HAL_RCC_ClockConfig
                0x0000000008004b00      0x1cc Drivers/STM32F4xx_HAL_Driver/Src/stm32f4xx_hal_rcc.o
                0x0000000008004b00                HAL_RCC_ClockConfig
 .text.HAL_RCC_GetSysClockFreq
                0x0000000008004ccc      0x1c4 Drivers/STM32F4xx_HAL_Driver/Src/stm32f4xx_hal_rcc.o
                0x0000000008004ccc                HAL_RCC_GetSysClockFreq
 .text.HAL_RCC_GetHCLKFreq
                0x0000000008004e90       0x18 Drivers/STM32F4xx_HAL_Driver/Src/stm32f4xx_hal_rcc.o
                0x0000000008004e90                HAL_RCC_GetHCLKFreq
 .text.HAL_RCC_GetPCLK1Freq
                0x0000000008004ea8       0x28 Drivers/STM32F4xx_HAL_Driver/Src/stm32f4xx_hal_rcc.o
                0x0000000008004ea8                HAL_RCC_GetPCLK1Freq
 .text.HAL_RCC_GetPCLK2Freq
                0x0000000008004ed0       0x28 Drivers/STM32F4xx_HAL_Driver/Src/stm32f4xx_hal_rcc.o
                0x0000000008004ed0                HAL_RCC_GetPCLK2Freq
 .text.HAL_RCC_GetClockConfig
                0x0000000008004ef8       0x64 Drivers/STM32F4xx_HAL_Driver/Src/stm32f4xx_hal_rcc.o
                0x0000000008004ef8                HAL_RCC_GetClockConfig
 .text.HAL_RCCEx_PeriphCLKConfig
                0x0000000008004f5c      0x37c Drivers/STM32F4xx_HAL_Driver/Src/stm32f4xx_hal_rcc_ex.o
                0x0000000008004f5c                HAL_RCCEx_PeriphCLKConfig
 .text.HAL_SDRAM_Init
                0x00000000080052d8       0x68 Drivers/STM32F4xx_HAL_Driver/Src/stm32f4xx_hal_sdram.o
                0x00000000080052d8                HAL_SDRAM_Init
 .text.HAL_SPI_Init
                0x0000000008005340      0x112 Drivers/STM32F4xx_HAL_Driver/Src/stm32f4xx_hal_spi.o
                0x0000000008005340                HAL_SPI_Init
 .text.HAL_TIM_Base_Init
                0x0000000008005452       0x9e Drivers/STM32F4xx_HAL_Driver/Src/stm32f4xx_hal_tim.o
                0x0000000008005452                HAL_TIM_Base_Init
 .text.HAL_TIM_Base_Start_IT
                0x00000000080054f0       0xe0 Drivers/STM32F4xx_HAL_Driver/Src/stm32f4xx_hal_tim.o
                0x00000000080054f0                HAL_TIM_Base_Start_IT
 .text.HAL_TIM_IRQHandler
                0x00000000080055d0      0x210 Drivers/STM32F4xx_HAL_Driver/Src/stm32f4xx_hal_tim.o
                0x00000000080055d0                HAL_TIM_IRQHandler
 .text.HAL_TIM_ConfigClockSource
                0x00000000080057e0      0x188 Drivers/STM32F4xx_HAL_Driver/Src/stm32f4xx_hal_tim.o
                0x00000000080057e0                HAL_TIM_ConfigClockSource
 .text.HAL_TIM_OC_DelayElapsedCallback
                0x0000000008005968       0x14 Drivers/STM32F4xx_HAL_Driver/Src/stm32f4xx_hal_tim.o
                0x0000000008005968                HAL_TIM_OC_DelayElapsedCallback
 .text.HAL_TIM_IC_CaptureCallback
                0x000000000800597c       0x14 Drivers/STM32F4xx_HAL_Driver/Src/stm32f4xx_hal_tim.o
                0x000000000800597c                HAL_TIM_IC_CaptureCallback
 .text.HAL_TIM_PWM_PulseFinishedCallback
                0x0000000008005990       0x14 Drivers/STM32F4xx_HAL_Driver/Src/stm32f4xx_hal_tim.o
                0x0000000008005990                HAL_TIM_PWM_PulseFinishedCallback
 .text.HAL_TIM_TriggerCallback
                0x00000000080059a4       0x14 Drivers/STM32F4xx_HAL_Driver/Src/stm32f4xx_hal_tim.o
                0x00000000080059a4                HAL_TIM_TriggerCallback
 .text.TIM_Base_SetConfig
                0x00000000080059b8      0x140 Drivers/STM32F4xx_HAL_Driver/Src/stm32f4xx_hal_tim.o
                0x00000000080059b8                TIM_Base_SetConfig
 .text.TIM_TI1_ConfigInputStage
                0x0000000008005af8       0x5e Drivers/STM32F4xx_HAL_Driver/Src/stm32f4xx_hal_tim.o
 .text.TIM_TI2_ConfigInputStage
                0x0000000008005b56       0x60 Drivers/STM32F4xx_HAL_Driver/Src/stm32f4xx_hal_tim.o
 .text.TIM_ITRx_SetConfig
                0x0000000008005bb6       0x36 Drivers/STM32F4xx_HAL_Driver/Src/stm32f4xx_hal_tim.o
 .text.TIM_ETR_SetConfig
                0x0000000008005bec       0x40 Drivers/STM32F4xx_HAL_Driver/Src/stm32f4xx_hal_tim.o
                0x0000000008005bec                TIM_ETR_SetConfig
 .text.HAL_TIMEx_MasterConfigSynchronization
                0x0000000008005c2c       0xf8 Drivers/STM32F4xx_HAL_Driver/Src/stm32f4xx_hal_tim_ex.o
                0x0000000008005c2c                HAL_TIMEx_MasterConfigSynchronization
 .text.HAL_TIMEx_CommutCallback
                0x0000000008005d24       0x14 Drivers/STM32F4xx_HAL_Driver/Src/stm32f4xx_hal_tim_ex.o
                0x0000000008005d24                HAL_TIMEx_CommutCallback
 .text.HAL_TIMEx_BreakCallback
                0x0000000008005d38       0x14 Drivers/STM32F4xx_HAL_Driver/Src/stm32f4xx_hal_tim_ex.o
                0x0000000008005d38                HAL_TIMEx_BreakCallback
 .text.HAL_UART_Init
                0x0000000008005d4c       0x9a Drivers/STM32F4xx_HAL_Driver/Src/stm32f4xx_hal_uart.o
                0x0000000008005d4c                HAL_UART_Init
 .text.HAL_UART_Transmit_IT
                0x0000000008005de6       0x8a Drivers/STM32F4xx_HAL_Driver/Src/stm32f4xx_hal_uart.o
                0x0000000008005de6                HAL_UART_Transmit_IT
 .text.HAL_UART_Receive_IT
                0x0000000008005e70       0x60 Drivers/STM32F4xx_HAL_Driver/Src/stm32f4xx_hal_uart.o
                0x0000000008005e70                HAL_UART_Receive_IT
 .text.HAL_UART_IRQHandler
                0x0000000008005ed0      0x358 Drivers/STM32F4xx_HAL_Driver/Src/stm32f4xx_hal_uart.o
                0x0000000008005ed0                HAL_UART_IRQHandler
 .text.HAL_UART_ErrorCallback
                0x0000000008006228       0x14 Drivers/STM32F4xx_HAL_Driver/Src/stm32f4xx_hal_uart.o
                0x0000000008006228                HAL_UART_ErrorCallback
 .text.HAL_UARTEx_RxEventCallback
                0x000000000800623c       0x18 Drivers/STM32F4xx_HAL_Driver/Src/stm32f4xx_hal_uart.o
                0x000000000800623c                HAL_UARTEx_RxEventCallback
 .text.UART_Start_Receive_IT
                0x0000000008006254       0x74 Drivers/STM32F4xx_HAL_Driver/Src/stm32f4xx_hal_uart.o
                0x0000000008006254                UART_Start_Receive_IT
 .text.UART_EndRxTransfer
                0x00000000080062c8       0x5a Drivers/STM32F4xx_HAL_Driver/Src/stm32f4xx_hal_uart.o
 .text.UART_DMAAbortOnError
                0x0000000008006322       0x28 Drivers/STM32F4xx_HAL_Driver/Src/stm32f4xx_hal_uart.o
 .text.UART_Transmit_IT
                0x000000000800634a       0xa0 Drivers/STM32F4xx_HAL_Driver/Src/stm32f4xx_hal_uart.o
 .text.UART_EndTransmit_IT
                0x00000000080063ea       0x30 Drivers/STM32F4xx_HAL_Driver/Src/stm32f4xx_hal_uart.o
 .text.UART_Receive_IT
                0x000000000800641a      0x12e Drivers/STM32F4xx_HAL_Driver/Src/stm32f4xx_hal_uart.o
 .text.UART_SetConfig
                0x0000000008006548      0x390 Drivers/STM32F4xx_HAL_Driver/Src/stm32f4xx_hal_uart.o
 .text.FMC_SDRAM_Init
                0x00000000080068d8       0xe6 Drivers/STM32F4xx_HAL_Driver/Src/stm32f4xx_ll_fmc.o
                0x00000000080068d8                FMC_SDRAM_Init
 .text.FMC_SDRAM_Timing_Init
                0x00000000080069be       0xfe Drivers/STM32F4xx_HAL_Driver/Src/stm32f4xx_ll_fmc.o
                0x00000000080069be                FMC_SDRAM_Timing_Init
 .text.USB_CoreInit
                0x0000000008006abc       0xc2 Drivers/STM32F4xx_HAL_Driver/Src/stm32f4xx_ll_usb.o
                0x0000000008006abc                USB_CoreInit
 .text.USB_DisableGlobalInt
                0x0000000008006b7e       0x22 Drivers/STM32F4xx_HAL_Driver/Src/stm32f4xx_ll_usb.o
                0x0000000008006b7e                USB_DisableGlobalInt
 .text.USB_SetCurrentMode
                0x0000000008006ba0       0x54 Drivers/STM32F4xx_HAL_Driver/Src/stm32f4xx_ll_usb.o
                0x0000000008006ba0                USB_SetCurrentMode
 .text.USB_FlushTxFifo
                0x0000000008006bf4       0x4c Drivers/STM32F4xx_HAL_Driver/Src/stm32f4xx_ll_usb.o
                0x0000000008006bf4                USB_FlushTxFifo
 .text.USB_FlushRxFifo
                0x0000000008006c40       0x44 Drivers/STM32F4xx_HAL_Driver/Src/stm32f4xx_ll_usb.o
                0x0000000008006c40                USB_FlushRxFifo
 .text.USB_ReadPacket
                0x0000000008006c84       0x52 Drivers/STM32F4xx_HAL_Driver/Src/stm32f4xx_ll_usb.o
                0x0000000008006c84                USB_ReadPacket
 .text.USB_ReadInterrupts
                0x0000000008006cd6       0x26 Drivers/STM32F4xx_HAL_Driver/Src/stm32f4xx_ll_usb.o
                0x0000000008006cd6                USB_ReadInterrupts
 .text.USB_GetMode
                0x0000000008006cfc       0x1c Drivers/STM32F4xx_HAL_Driver/Src/stm32f4xx_ll_usb.o
                0x0000000008006cfc                USB_GetMode
 .text.USB_CoreReset
                0x0000000008006d18       0x68 Drivers/STM32F4xx_HAL_Driver/Src/stm32f4xx_ll_usb.o
 .text.USB_HostInit
                0x0000000008006d80      0x178 Drivers/STM32F4xx_HAL_Driver/Src/stm32f4xx_ll_usb.o
                0x0000000008006d80                USB_HostInit
 .text.USB_InitFSLSPClkSel
                0x0000000008006ef8       0x74 Drivers/STM32F4xx_HAL_Driver/Src/stm32f4xx_ll_usb.o
                0x0000000008006ef8                USB_InitFSLSPClkSel
 .text.USB_DriveVbus
                0x0000000008006f6c       0x72 Drivers/STM32F4xx_HAL_Driver/Src/stm32f4xx_ll_usb.o
                0x0000000008006f6c                USB_DriveVbus
 .text.USB_HC_ReadInterrupt
                0x0000000008006fde       0x22 Drivers/STM32F4xx_HAL_Driver/Src/stm32f4xx_ll_usb.o
                0x0000000008006fde                USB_HC_ReadInterrupt
 .text.USB_HC_Halt
                0x0000000008007000      0x238 Drivers/STM32F4xx_HAL_Driver/Src/stm32f4xx_ll_usb.o
                0x0000000008007000                USB_HC_Halt
 .text.__libc_init_array
                0x0000000008007238       0x48 c:/st/stm32cubeide_1.6.1/stm32cubeide/plugins/com.st.stm32cube.ide.mcu.externaltools.gnu-tools-for-stm32.9-2020-q2-update.win32_1.5.0.202011040924/tools/bin/../lib/gcc/arm-none-eabi/9.3.1/../../../../arm-none-eabi/lib/thumb/v7e-m+fp/hard\libc_nano.a(lib_a-init.o)
                0x0000000008007238                __libc_init_array
 .text.memset   0x0000000008007280       0x10 c:/st/stm32cubeide_1.6.1/stm32cubeide/plugins/com.st.stm32cube.ide.mcu.externaltools.gnu-tools-for-stm32.9-2020-q2-update.win32_1.5.0.202011040924/tools/bin/../lib/gcc/arm-none-eabi/9.3.1/../../../../arm-none-eabi/lib/thumb/v7e-m+fp/hard\libc_nano.a(lib_a-memset.o)
                0x0000000008007280                memset
 *(.glue_7)
 .glue_7        0x0000000008007290        0x0 linker stubs
 *(.glue_7t)
 .glue_7t       0x0000000008007290        0x0 linker stubs
 *(.eh_frame)
 .eh_frame      0x0000000008007290        0x0 c:/st/stm32cubeide_1.6.1/stm32cubeide/plugins/com.st.stm32cube.ide.mcu.externaltools.gnu-tools-for-stm32.9-2020-q2-update.win32_1.5.0.202011040924/tools/bin/../lib/gcc/arm-none-eabi/9.3.1/thumb/v7e-m+fp/hard/crtbegin.o
 *(.init)
 .init          0x0000000008007290        0x4 c:/st/stm32cubeide_1.6.1/stm32cubeide/plugins/com.st.stm32cube.ide.mcu.externaltools.gnu-tools-for-stm32.9-2020-q2-update.win32_1.5.0.202011040924/tools/bin/../lib/gcc/arm-none-eabi/9.3.1/thumb/v7e-m+fp/hard/crti.o
                0x0000000008007290                _init
 .init          0x0000000008007294        0x8 c:/st/stm32cubeide_1.6.1/stm32cubeide/plugins/com.st.stm32cube.ide.mcu.externaltools.gnu-tools-for-stm32.9-2020-q2-update.win32_1.5.0.202011040924/tools/bin/../lib/gcc/arm-none-eabi/9.3.1/thumb/v7e-m+fp/hard/crtn.o
 *(.fini)
 .fini          0x000000000800729c        0x4 c:/st/stm32cubeide_1.6.1/stm32cubeide/plugins/com.st.stm32cube.ide.mcu.externaltools.gnu-tools-for-stm32.9-2020-q2-update.win32_1.5.0.202011040924/tools/bin/../lib/gcc/arm-none-eabi/9.3.1/thumb/v7e-m+fp/hard/crti.o
                0x000000000800729c                _fini
 .fini          0x00000000080072a0        0x8 c:/st/stm32cubeide_1.6.1/stm32cubeide/plugins/com.st.stm32cube.ide.mcu.externaltools.gnu-tools-for-stm32.9-2020-q2-update.win32_1.5.0.202011040924/tools/bin/../lib/gcc/arm-none-eabi/9.3.1/thumb/v7e-m+fp/hard/crtn.o
                0x00000000080072a8                . = ALIGN (0x4)
                0x00000000080072a8                _etext = .

.vfp11_veneer   0x00000000080072a8        0x0
 .vfp11_veneer  0x00000000080072a8        0x0 linker stubs

.v4_bx          0x00000000080072a8        0x0
 .v4_bx         0x00000000080072a8        0x0 linker stubs

.iplt           0x00000000080072a8        0x0
 .iplt          0x00000000080072a8        0x0 c:/st/stm32cubeide_1.6.1/stm32cubeide/plugins/com.st.stm32cube.ide.mcu.externaltools.gnu-tools-for-stm32.9-2020-q2-update.win32_1.5.0.202011040924/tools/bin/../lib/gcc/arm-none-eabi/9.3.1/thumb/v7e-m+fp/hard/crtbegin.o

.rodata         0x00000000080072a8       0x2c
                0x00000000080072a8                . = ALIGN (0x4)
 *(.rodata)
 .rodata        0x00000000080072a8       0x12 Core/Src/main.o
 *(.rodata*)
 *fill*         0x00000000080072ba        0x2 
 .rodata.AHBPrescTable
                0x00000000080072bc       0x10 Core/Src/system_stm32f4xx.o
                0x00000000080072bc                AHBPrescTable
 .rodata.APBPrescTable
                0x00000000080072cc        0x8 Core/Src/system_stm32f4xx.o
                0x00000000080072cc                APBPrescTable
                0x00000000080072d4                . = ALIGN (0x4)

.ARM.extab      0x00000000080072d4        0x0
                0x00000000080072d4                . = ALIGN (0x4)
 *(.ARM.extab* .gnu.linkonce.armextab.*)
                0x00000000080072d4                . = ALIGN (0x4)

.ARM            0x00000000080072d4        0x8
                0x00000000080072d4                . = ALIGN (0x4)
                0x00000000080072d4                __exidx_start = .
 *(.ARM.exidx*)
 .ARM.exidx     0x00000000080072d4        0x8 c:/st/stm32cubeide_1.6.1/stm32cubeide/plugins/com.st.stm32cube.ide.mcu.externaltools.gnu-tools-for-stm32.9-2020-q2-update.win32_1.5.0.202011040924/tools/bin/../lib/gcc/arm-none-eabi/9.3.1/thumb/v7e-m+fp/hard\libgcc.a(_udivmoddi4.o)
                0x00000000080072dc                __exidx_end = .
                0x00000000080072dc                . = ALIGN (0x4)

.rel.dyn        0x00000000080072dc        0x0
 .rel.iplt      0x00000000080072dc        0x0 c:/st/stm32cubeide_1.6.1/stm32cubeide/plugins/com.st.stm32cube.ide.mcu.externaltools.gnu-tools-for-stm32.9-2020-q2-update.win32_1.5.0.202011040924/tools/bin/../lib/gcc/arm-none-eabi/9.3.1/thumb/v7e-m+fp/hard/crtbegin.o

.preinit_array  0x00000000080072dc        0x0
                0x00000000080072dc                . = ALIGN (0x4)
                0x00000000080072dc                PROVIDE (__preinit_array_start = .)
 *(.preinit_array*)
                0x00000000080072dc                PROVIDE (__preinit_array_end = .)
                0x00000000080072dc                . = ALIGN (0x4)

.init_array     0x00000000080072dc        0x4
                0x00000000080072dc                . = ALIGN (0x4)
                0x00000000080072dc                PROVIDE (__init_array_start = .)
 *(SORT_BY_NAME(.init_array.*))
 *(.init_array*)
 .init_array    0x00000000080072dc        0x4 c:/st/stm32cubeide_1.6.1/stm32cubeide/plugins/com.st.stm32cube.ide.mcu.externaltools.gnu-tools-for-stm32.9-2020-q2-update.win32_1.5.0.202011040924/tools/bin/../lib/gcc/arm-none-eabi/9.3.1/thumb/v7e-m+fp/hard/crtbegin.o
                0x00000000080072e0                PROVIDE (__init_array_end = .)
                0x00000000080072e0                . = ALIGN (0x4)

.fini_array     0x00000000080072e0        0x4
                0x00000000080072e0                . = ALIGN (0x4)
                [!provide]                        PROVIDE (__fini_array_start = .)
 *(SORT_BY_NAME(.fini_array.*))
 *(.fini_array*)
 .fini_array    0x00000000080072e0        0x4 c:/st/stm32cubeide_1.6.1/stm32cubeide/plugins/com.st.stm32cube.ide.mcu.externaltools.gnu-tools-for-stm32.9-2020-q2-update.win32_1.5.0.202011040924/tools/bin/../lib/gcc/arm-none-eabi/9.3.1/thumb/v7e-m+fp/hard/crtbegin.o
                [!provide]                        PROVIDE (__fini_array_end = .)
                0x00000000080072e4                . = ALIGN (0x4)
                0x00000000080072e4                _sidata = LOADADDR (.data)

.data           0x0000000020000000        0xc load address 0x00000000080072e4
                0x0000000020000000                . = ALIGN (0x4)
                0x0000000020000000                _sdata = .
 *(.data)
 *(.data*)
 .data.SystemCoreClock
                0x0000000020000000        0x4 Core/Src/system_stm32f4xx.o
                0x0000000020000000                SystemCoreClock
 .data.uwTickPrio
                0x0000000020000004        0x4 Drivers/STM32F4xx_HAL_Driver/Src/stm32f4xx_hal.o
                0x0000000020000004                uwTickPrio
 .data.uwTickFreq
                0x0000000020000008        0x1 Drivers/STM32F4xx_HAL_Driver/Src/stm32f4xx_hal.o
                0x0000000020000008                uwTickFreq
 *(.RamFunc)
 *(.RamFunc*)
                0x000000002000000c                . = ALIGN (0x4)
 *fill*         0x0000000020000009        0x3 
                0x000000002000000c                _edata = .

.igot.plt       0x000000002000000c        0x0 load address 0x00000000080072f0
 .igot.plt      0x000000002000000c        0x0 c:/st/stm32cubeide_1.6.1/stm32cubeide/plugins/com.st.stm32cube.ide.mcu.externaltools.gnu-tools-for-stm32.9-2020-q2-update.win32_1.5.0.202011040924/tools/bin/../lib/gcc/arm-none-eabi/9.3.1/thumb/v7e-m+fp/hard/crtbegin.o
                0x000000002000000c                . = ALIGN (0x4)

.bss            0x000000002000000c      0x76c load address 0x00000000080072f0
                0x000000002000000c                _sbss = .
                0x000000002000000c                __bss_start__ = _sbss
 *(.bss)
 .bss           0x000000002000000c       0x1c c:/st/stm32cubeide_1.6.1/stm32cubeide/plugins/com.st.stm32cube.ide.mcu.externaltools.gnu-tools-for-stm32.9-2020-q2-update.win32_1.5.0.202011040924/tools/bin/../lib/gcc/arm-none-eabi/9.3.1/thumb/v7e-m+fp/hard/crtbegin.o
 *(.bss*)
 .bss.FMC_Initialized
                0x0000000020000028        0x4 Core/Src/fmc.o
 *(COMMON)
 COMMON         0x000000002000002c       0x15 Core/Src/crc.o
                0x000000002000002c                rec_buff
                0x0000000020000030                hcrc
                0x0000000020000038                Tx_data
                0x0000000020000040                tr_buff
 *fill*         0x0000000020000041        0x3 
 COMMON         0x0000000020000044       0x40 Core/Src/dma2d.o
                0x0000000020000044                hdma2d
 COMMON         0x0000000020000084       0x34 Core/Src/fmc.o
                0x0000000020000084                hsdram1
 COMMON         0x00000000200000b8      0x104 Core/Src/gpio.o
                0x00000000200000b8                Ser_Queue
 COMMON         0x00000000200001bc       0x54 Core/Src/i2c.o
                0x00000000200001bc                hi2c3
 COMMON         0x0000000020000210       0xa8 Core/Src/ltdc.o
                0x0000000020000210                hltdc
 COMMON         0x00000000200002b8       0x58 Core/Src/spi.o
                0x00000000200002b8                hspi5
 COMMON         0x0000000020000310       0x48 Core/Src/stm32f4xx_hal_timebase_tim.o
                0x0000000020000310                htim6
 COMMON         0x0000000020000358       0x90 Core/Src/tim.o
                0x0000000020000358                htim1
                0x00000000200003a0                htim7
 COMMON         0x00000000200003e8       0x88 Core/Src/usart.o
                0x00000000200003e8                huart5
                0x000000002000042c                huart1
 COMMON         0x0000000020000470      0x304 Core/Src/usb_otg.o
                0x0000000020000470                hhcd_USB_OTG_HS
 COMMON         0x0000000020000774        0x4 Drivers/STM32F4xx_HAL_Driver/Src/stm32f4xx_hal.o
                0x0000000020000774                uwTick
                0x0000000020000778                . = ALIGN (0x4)
                0x0000000020000778                _ebss = .
                0x0000000020000778                __bss_end__ = _ebss

._user_heap_stack
                0x0000000020000778      0x600 load address 0x00000000080072f0
                0x0000000020000778                . = ALIGN (0x8)
                [!provide]                        PROVIDE (end = .)
                0x0000000020000778                PROVIDE (_end = .)
                0x0000000020000978                . = (. + _Min_Heap_Size)
 *fill*         0x0000000020000778      0x200 
                0x0000000020000d78                . = (. + _Min_Stack_Size)
 *fill*         0x0000000020000978      0x400 
                0x0000000020000d78                . = ALIGN (0x8)

/DISCARD/
 libc.a(*)
 libm.a(*)
 libgcc.a(*)

.ARM.attributes
                0x0000000000000000       0x30
 *(.ARM.attributes)
 .ARM.attributes
                0x0000000000000000       0x1e c:/st/stm32cubeide_1.6.1/stm32cubeide/plugins/com.st.stm32cube.ide.mcu.externaltools.gnu-tools-for-stm32.9-2020-q2-update.win32_1.5.0.202011040924/tools/bin/../lib/gcc/arm-none-eabi/9.3.1/thumb/v7e-m+fp/hard/crti.o
 .ARM.attributes
                0x000000000000001e       0x34 c:/st/stm32cubeide_1.6.1/stm32cubeide/plugins/com.st.stm32cube.ide.mcu.externaltools.gnu-tools-for-stm32.9-2020-q2-update.win32_1.5.0.202011040924/tools/bin/../lib/gcc/arm-none-eabi/9.3.1/thumb/v7e-m+fp/hard/crtbegin.o
 .ARM.attributes
                0x0000000000000052       0x34 Core/Src/crc.o
 .ARM.attributes
                0x0000000000000086       0x34 Core/Src/dma2d.o
 .ARM.attributes
                0x00000000000000ba       0x34 Core/Src/fmc.o
 .ARM.attributes
                0x00000000000000ee       0x34 Core/Src/gpio.o
 .ARM.attributes
                0x0000000000000122       0x34 Core/Src/i2c.o
 .ARM.attributes
                0x0000000000000156       0x34 Core/Src/ltdc.o
 .ARM.attributes
                0x000000000000018a       0x34 Core/Src/main.o
 .ARM.attributes
                0x00000000000001be       0x34 Core/Src/queue.o
 .ARM.attributes
                0x00000000000001f2       0x34 Core/Src/spi.o
 .ARM.attributes
                0x0000000000000226       0x34 Core/Src/stm32f4xx_hal_msp.o
 .ARM.attributes
                0x000000000000025a       0x34 Core/Src/stm32f4xx_hal_timebase_tim.o
 .ARM.attributes
                0x000000000000028e       0x34 Core/Src/stm32f4xx_it.o
 .ARM.attributes
                0x00000000000002c2       0x34 Core/Src/system_stm32f4xx.o
 .ARM.attributes
                0x00000000000002f6       0x34 Core/Src/tim.o
 .ARM.attributes
                0x000000000000032a       0x34 Core/Src/usart.o
 .ARM.attributes
                0x000000000000035e       0x34 Core/Src/usb_otg.o
 .ARM.attributes
                0x0000000000000392       0x21 Core/Startup/startup_stm32f429zitx.o
 .ARM.attributes
                0x00000000000003b3       0x34 Drivers/STM32F4xx_HAL_Driver/Src/stm32f4xx_hal.o
 .ARM.attributes
                0x00000000000003e7       0x34 Drivers/STM32F4xx_HAL_Driver/Src/stm32f4xx_hal_cortex.o
 .ARM.attributes
                0x000000000000041b       0x34 Drivers/STM32F4xx_HAL_Driver/Src/stm32f4xx_hal_crc.o
 .ARM.attributes
                0x000000000000044f       0x34 Drivers/STM32F4xx_HAL_Driver/Src/stm32f4xx_hal_dma.o
 .ARM.attributes
                0x0000000000000483       0x34 Drivers/STM32F4xx_HAL_Driver/Src/stm32f4xx_hal_dma2d.o
 .ARM.attributes
                0x00000000000004b7       0x34 Drivers/STM32F4xx_HAL_Driver/Src/stm32f4xx_hal_gpio.o
 .ARM.attributes
                0x00000000000004eb       0x34 Drivers/STM32F4xx_HAL_Driver/Src/stm32f4xx_hal_hcd.o
 .ARM.attributes
                0x000000000000051f       0x34 Drivers/STM32F4xx_HAL_Driver/Src/stm32f4xx_hal_i2c.o
 .ARM.attributes
                0x0000000000000553       0x34 Drivers/STM32F4xx_HAL_Driver/Src/stm32f4xx_hal_i2c_ex.o
 .ARM.attributes
                0x0000000000000587       0x34 Drivers/STM32F4xx_HAL_Driver/Src/stm32f4xx_hal_ltdc.o
 .ARM.attributes
                0x00000000000005bb       0x34 Drivers/STM32F4xx_HAL_Driver/Src/stm32f4xx_hal_rcc.o
 .ARM.attributes
                0x00000000000005ef       0x34 Drivers/STM32F4xx_HAL_Driver/Src/stm32f4xx_hal_rcc_ex.o
 .ARM.attributes
                0x0000000000000623       0x34 Drivers/STM32F4xx_HAL_Driver/Src/stm32f4xx_hal_sdram.o
 .ARM.attributes
                0x0000000000000657       0x34 Drivers/STM32F4xx_HAL_Driver/Src/stm32f4xx_hal_spi.o
 .ARM.attributes
                0x000000000000068b       0x34 Drivers/STM32F4xx_HAL_Driver/Src/stm32f4xx_hal_tim.o
 .ARM.attributes
                0x00000000000006bf       0x34 Drivers/STM32F4xx_HAL_Driver/Src/stm32f4xx_hal_tim_ex.o
 .ARM.attributes
                0x00000000000006f3       0x34 Drivers/STM32F4xx_HAL_Driver/Src/stm32f4xx_hal_uart.o
 .ARM.attributes
                0x0000000000000727       0x34 Drivers/STM32F4xx_HAL_Driver/Src/stm32f4xx_ll_fmc.o
 .ARM.attributes
                0x000000000000075b       0x34 Drivers/STM32F4xx_HAL_Driver/Src/stm32f4xx_ll_usb.o
 .ARM.attributes
                0x000000000000078f       0x34 c:/st/stm32cubeide_1.6.1/stm32cubeide/plugins/com.st.stm32cube.ide.mcu.externaltools.gnu-tools-for-stm32.9-2020-q2-update.win32_1.5.0.202011040924/tools/bin/../lib/gcc/arm-none-eabi/9.3.1/../../../../arm-none-eabi/lib/thumb/v7e-m+fp/hard\libc_nano.a(lib_a-init.o)
 .ARM.attributes
                0x00000000000007c3       0x34 c:/st/stm32cubeide_1.6.1/stm32cubeide/plugins/com.st.stm32cube.ide.mcu.externaltools.gnu-tools-for-stm32.9-2020-q2-update.win32_1.5.0.202011040924/tools/bin/../lib/gcc/arm-none-eabi/9.3.1/../../../../arm-none-eabi/lib/thumb/v7e-m+fp/hard\libc_nano.a(lib_a-memset.o)
 .ARM.attributes
                0x00000000000007f7       0x1e c:/st/stm32cubeide_1.6.1/stm32cubeide/plugins/com.st.stm32cube.ide.mcu.externaltools.gnu-tools-for-stm32.9-2020-q2-update.win32_1.5.0.202011040924/tools/bin/../lib/gcc/arm-none-eabi/9.3.1/thumb/v7e-m+fp/hard\libgcc.a(_aeabi_uldivmod.o)
 .ARM.attributes
                0x0000000000000815       0x34 c:/st/stm32cubeide_1.6.1/stm32cubeide/plugins/com.st.stm32cube.ide.mcu.externaltools.gnu-tools-for-stm32.9-2020-q2-update.win32_1.5.0.202011040924/tools/bin/../lib/gcc/arm-none-eabi/9.3.1/thumb/v7e-m+fp/hard\libgcc.a(_udivmoddi4.o)
 .ARM.attributes
                0x0000000000000849       0x1e c:/st/stm32cubeide_1.6.1/stm32cubeide/plugins/com.st.stm32cube.ide.mcu.externaltools.gnu-tools-for-stm32.9-2020-q2-update.win32_1.5.0.202011040924/tools/bin/../lib/gcc/arm-none-eabi/9.3.1/thumb/v7e-m+fp/hard\libgcc.a(_dvmd_tls.o)
 .ARM.attributes
                0x0000000000000867       0x1e c:/st/stm32cubeide_1.6.1/stm32cubeide/plugins/com.st.stm32cube.ide.mcu.externaltools.gnu-tools-for-stm32.9-2020-q2-update.win32_1.5.0.202011040924/tools/bin/../lib/gcc/arm-none-eabi/9.3.1/thumb/v7e-m+fp/hard/crtn.o
OUTPUT(stm32f4-disco.elf elf32-littlearm)
LOAD linker stubs
LOAD c:/st/stm32cubeide_1.6.1/stm32cubeide/plugins/com.st.stm32cube.ide.mcu.externaltools.gnu-tools-for-stm32.9-2020-q2-update.win32_1.5.0.202011040924/tools/bin/../lib/gcc/arm-none-eabi/9.3.1/../../../../arm-none-eabi/lib/thumb/v7e-m+fp/hard\libc.a
LOAD c:/st/stm32cubeide_1.6.1/stm32cubeide/plugins/com.st.stm32cube.ide.mcu.externaltools.gnu-tools-for-stm32.9-2020-q2-update.win32_1.5.0.202011040924/tools/bin/../lib/gcc/arm-none-eabi/9.3.1/../../../../arm-none-eabi/lib/thumb/v7e-m+fp/hard\libm.a
LOAD c:/st/stm32cubeide_1.6.1/stm32cubeide/plugins/com.st.stm32cube.ide.mcu.externaltools.gnu-tools-for-stm32.9-2020-q2-update.win32_1.5.0.202011040924/tools/bin/../lib/gcc/arm-none-eabi/9.3.1/thumb/v7e-m+fp/hard\libgcc.a

.debug_info     0x0000000000000000    0x217ce
 .debug_info    0x0000000000000000      0x5c8 Core/Src/crc.o
 .debug_info    0x00000000000005c8      0xa24 Core/Src/dma2d.o
 .debug_info    0x0000000000000fec      0xac2 Core/Src/fmc.o
 .debug_info    0x0000000000001aae      0xde8 Core/Src/gpio.o
 .debug_info    0x0000000000002896      0xb40 Core/Src/i2c.o
 .debug_info    0x00000000000033d6      0xca6 Core/Src/ltdc.o
 .debug_info    0x000000000000407c     0x2c59 Core/Src/main.o
 .debug_info    0x0000000000006cd5      0x35e Core/Src/queue.o
 .debug_info    0x0000000000007033      0xaf2 Core/Src/spi.o
 .debug_info    0x0000000000007b25      0x432 Core/Src/stm32f4xx_hal_msp.o
 .debug_info    0x0000000000007f57      0xcbe Core/Src/stm32f4xx_hal_timebase_tim.o
 .debug_info    0x0000000000008c15     0x16ab Core/Src/stm32f4xx_it.o
 .debug_info    0x000000000000a2c0      0x5c0 Core/Src/system_stm32f4xx.o
 .debug_info    0x000000000000a880      0xdb9 Core/Src/tim.o
 .debug_info    0x000000000000b639      0xe42 Core/Src/usart.o
 .debug_info    0x000000000000c47b      0xd1e Core/Src/usb_otg.o
 .debug_info    0x000000000000d199       0x22 Core/Startup/startup_stm32f429zitx.o
 .debug_info    0x000000000000d1bb      0xa2a Drivers/STM32F4xx_HAL_Driver/Src/stm32f4xx_hal.o
 .debug_info    0x000000000000dbe5      0xf0d Drivers/STM32F4xx_HAL_Driver/Src/stm32f4xx_hal_cortex.o
 .debug_info    0x000000000000eaf2      0x47a Drivers/STM32F4xx_HAL_Driver/Src/stm32f4xx_hal_crc.o
 .debug_info    0x000000000000ef6c      0x9f1 Drivers/STM32F4xx_HAL_Driver/Src/stm32f4xx_hal_dma.o
 .debug_info    0x000000000000f95d     0x1059 Drivers/STM32F4xx_HAL_Driver/Src/stm32f4xx_hal_dma2d.o
 .debug_info    0x00000000000109b6      0x85a Drivers/STM32F4xx_HAL_Driver/Src/stm32f4xx_hal_gpio.o
 .debug_info    0x0000000000011210      0xf67 Drivers/STM32F4xx_HAL_Driver/Src/stm32f4xx_hal_hcd.o
 .debug_info    0x0000000000012177     0x2641 Drivers/STM32F4xx_HAL_Driver/Src/stm32f4xx_hal_i2c.o
 .debug_info    0x00000000000147b8      0x78a Drivers/STM32F4xx_HAL_Driver/Src/stm32f4xx_hal_i2c_ex.o
 .debug_info    0x0000000000014f42     0x1205 Drivers/STM32F4xx_HAL_Driver/Src/stm32f4xx_hal_ltdc.o
 .debug_info    0x0000000000016147      0x9b2 Drivers/STM32F4xx_HAL_Driver/Src/stm32f4xx_hal_rcc.o
 .debug_info    0x0000000000016af9      0x723 Drivers/STM32F4xx_HAL_Driver/Src/stm32f4xx_hal_rcc_ex.o
 .debug_info    0x000000000001721c      0xd58 Drivers/STM32F4xx_HAL_Driver/Src/stm32f4xx_hal_sdram.o
 .debug_info    0x0000000000017f74     0x17c0 Drivers/STM32F4xx_HAL_Driver/Src/stm32f4xx_hal_spi.o
 .debug_info    0x0000000000019734     0x2a90 Drivers/STM32F4xx_HAL_Driver/Src/stm32f4xx_hal_tim.o
 .debug_info    0x000000000001c1c4     0x1522 Drivers/STM32F4xx_HAL_Driver/Src/stm32f4xx_hal_tim_ex.o
 .debug_info    0x000000000001d6e6     0x1665 Drivers/STM32F4xx_HAL_Driver/Src/stm32f4xx_hal_uart.o
 .debug_info    0x000000000001ed4b      0xff7 Drivers/STM32F4xx_HAL_Driver/Src/stm32f4xx_ll_fmc.o
 .debug_info    0x000000000001fd42     0x1a8c Drivers/STM32F4xx_HAL_Driver/Src/stm32f4xx_ll_usb.o

.debug_abbrev   0x0000000000000000     0x4993
 .debug_abbrev  0x0000000000000000      0x1bf Core/Src/crc.o
 .debug_abbrev  0x00000000000001bf      0x1f8 Core/Src/dma2d.o
 .debug_abbrev  0x00000000000003b7      0x235 Core/Src/fmc.o
 .debug_abbrev  0x00000000000005ec      0x1ec Core/Src/gpio.o
 .debug_abbrev  0x00000000000007d8      0x1e1 Core/Src/i2c.o
 .debug_abbrev  0x00000000000009b9      0x1d3 Core/Src/ltdc.o
 .debug_abbrev  0x0000000000000b8c      0x2ef Core/Src/main.o
 .debug_abbrev  0x0000000000000e7b      0x1d4 Core/Src/queue.o
 .debug_abbrev  0x000000000000104f      0x1e1 Core/Src/spi.o
 .debug_abbrev  0x0000000000001230      0x17f Core/Src/stm32f4xx_hal_msp.o
 .debug_abbrev  0x00000000000013af      0x1bf Core/Src/stm32f4xx_hal_timebase_tim.o
 .debug_abbrev  0x000000000000156e      0x207 Core/Src/stm32f4xx_it.o
 .debug_abbrev  0x0000000000001775      0x145 Core/Src/system_stm32f4xx.o
 .debug_abbrev  0x00000000000018ba      0x1fd Core/Src/tim.o
 .debug_abbrev  0x0000000000001ab7      0x217 Core/Src/usart.o
 .debug_abbrev  0x0000000000001cce      0x21a Core/Src/usb_otg.o
 .debug_abbrev  0x0000000000001ee8       0x12 Core/Startup/startup_stm32f429zitx.o
 .debug_abbrev  0x0000000000001efa      0x1ed Drivers/STM32F4xx_HAL_Driver/Src/stm32f4xx_hal.o
 .debug_abbrev  0x00000000000020e7      0x33c Drivers/STM32F4xx_HAL_Driver/Src/stm32f4xx_hal_cortex.o
 .debug_abbrev  0x0000000000002423      0x1dd Drivers/STM32F4xx_HAL_Driver/Src/stm32f4xx_hal_crc.o
 .debug_abbrev  0x0000000000002600      0x259 Drivers/STM32F4xx_HAL_Driver/Src/stm32f4xx_hal_dma.o
 .debug_abbrev  0x0000000000002859      0x23f Drivers/STM32F4xx_HAL_Driver/Src/stm32f4xx_hal_dma2d.o
 .debug_abbrev  0x0000000000002a98      0x1f1 Drivers/STM32F4xx_HAL_Driver/Src/stm32f4xx_hal_gpio.o
 .debug_abbrev  0x0000000000002c89      0x28d Drivers/STM32F4xx_HAL_Driver/Src/stm32f4xx_hal_hcd.o
 .debug_abbrev  0x0000000000002f16      0x282 Drivers/STM32F4xx_HAL_Driver/Src/stm32f4xx_hal_i2c.o
 .debug_abbrev  0x0000000000003198      0x18b Drivers/STM32F4xx_HAL_Driver/Src/stm32f4xx_hal_i2c_ex.o
 .debug_abbrev  0x0000000000003323      0x239 Drivers/STM32F4xx_HAL_Driver/Src/stm32f4xx_hal_ltdc.o
 .debug_abbrev  0x000000000000355c      0x275 Drivers/STM32F4xx_HAL_Driver/Src/stm32f4xx_hal_rcc.o
 .debug_abbrev  0x00000000000037d1      0x18f Drivers/STM32F4xx_HAL_Driver/Src/stm32f4xx_hal_rcc_ex.o
 .debug_abbrev  0x0000000000003960      0x221 Drivers/STM32F4xx_HAL_Driver/Src/stm32f4xx_hal_sdram.o
 .debug_abbrev  0x0000000000003b81      0x26e Drivers/STM32F4xx_HAL_Driver/Src/stm32f4xx_hal_spi.o
 .debug_abbrev  0x0000000000003def      0x25e Drivers/STM32F4xx_HAL_Driver/Src/stm32f4xx_hal_tim.o
 .debug_abbrev  0x000000000000404d      0x266 Drivers/STM32F4xx_HAL_Driver/Src/stm32f4xx_hal_tim_ex.o
 .debug_abbrev  0x00000000000042b3      0x28b Drivers/STM32F4xx_HAL_Driver/Src/stm32f4xx_hal_uart.o
 .debug_abbrev  0x000000000000453e      0x1ae Drivers/STM32F4xx_HAL_Driver/Src/stm32f4xx_ll_fmc.o
 .debug_abbrev  0x00000000000046ec      0x2a7 Drivers/STM32F4xx_HAL_Driver/Src/stm32f4xx_ll_usb.o

.debug_aranges  0x0000000000000000     0x1a80
 .debug_aranges
                0x0000000000000000       0x30 Core/Src/crc.o
 .debug_aranges
                0x0000000000000030       0x30 Core/Src/dma2d.o
 .debug_aranges
                0x0000000000000060       0x40 Core/Src/fmc.o
 .debug_aranges
                0x00000000000000a0       0x28 Core/Src/gpio.o
 .debug_aranges
                0x00000000000000c8       0x30 Core/Src/i2c.o
 .debug_aranges
                0x00000000000000f8       0x30 Core/Src/ltdc.o
 .debug_aranges
                0x0000000000000128       0x40 Core/Src/main.o
 .debug_aranges
                0x0000000000000168       0x40 Core/Src/queue.o
 .debug_aranges
                0x00000000000001a8       0x30 Core/Src/spi.o
 .debug_aranges
                0x00000000000001d8       0x20 Core/Src/stm32f4xx_hal_msp.o
 .debug_aranges
                0x00000000000001f8       0x30 Core/Src/stm32f4xx_hal_timebase_tim.o
 .debug_aranges
                0x0000000000000228       0x98 Core/Src/stm32f4xx_it.o
 .debug_aranges
                0x00000000000002c0       0x28 Core/Src/system_stm32f4xx.o
 .debug_aranges
                0x00000000000002e8       0x38 Core/Src/tim.o
 .debug_aranges
                0x0000000000000320       0x48 Core/Src/usart.o
 .debug_aranges
                0x0000000000000368       0x30 Core/Src/usb_otg.o
 .debug_aranges
                0x0000000000000398       0x28 Core/Startup/startup_stm32f429zitx.o
 .debug_aranges
                0x00000000000003c0      0x100 Drivers/STM32F4xx_HAL_Driver/Src/stm32f4xx_hal.o
 .debug_aranges
                0x00000000000004c0      0x118 Drivers/STM32F4xx_HAL_Driver/Src/stm32f4xx_hal_cortex.o
 .debug_aranges
                0x00000000000005d8       0x50 Drivers/STM32F4xx_HAL_Driver/Src/stm32f4xx_hal_crc.o
 .debug_aranges
                0x0000000000000628       0x90 Drivers/STM32F4xx_HAL_Driver/Src/stm32f4xx_hal_dma.o
 .debug_aranges
                0x00000000000006b8      0x118 Drivers/STM32F4xx_HAL_Driver/Src/stm32f4xx_hal_dma2d.o
 .debug_aranges
                0x00000000000007d0       0x58 Drivers/STM32F4xx_HAL_Driver/Src/stm32f4xx_hal_gpio.o
 .debug_aranges
                0x0000000000000828       0xf8 Drivers/STM32F4xx_HAL_Driver/Src/stm32f4xx_hal_hcd.o
 .debug_aranges
                0x0000000000000920      0x2a0 Drivers/STM32F4xx_HAL_Driver/Src/stm32f4xx_hal_i2c.o
 .debug_aranges
                0x0000000000000bc0       0x28 Drivers/STM32F4xx_HAL_Driver/Src/stm32f4xx_hal_i2c_ex.o
 .debug_aranges
                0x0000000000000be8      0x158 Drivers/STM32F4xx_HAL_Driver/Src/stm32f4xx_hal_ltdc.o
 .debug_aranges
                0x0000000000000d40       0x88 Drivers/STM32F4xx_HAL_Driver/Src/stm32f4xx_hal_rcc.o
 .debug_aranges
                0x0000000000000dc8       0x58 Drivers/STM32F4xx_HAL_Driver/Src/stm32f4xx_hal_rcc_ex.o
 .debug_aranges
                0x0000000000000e20       0xd0 Drivers/STM32F4xx_HAL_Driver/Src/stm32f4xx_hal_sdram.o
 .debug_aranges
                0x0000000000000ef0      0x1d0 Drivers/STM32F4xx_HAL_Driver/Src/stm32f4xx_hal_spi.o
 .debug_aranges
                0x00000000000010c0      0x3d0 Drivers/STM32F4xx_HAL_Driver/Src/stm32f4xx_hal_tim.o
 .debug_aranges
                0x0000000000001490      0x168 Drivers/STM32F4xx_HAL_Driver/Src/stm32f4xx_hal_tim_ex.o
 .debug_aranges
                0x00000000000015f8      0x200 Drivers/STM32F4xx_HAL_Driver/Src/stm32f4xx_hal_uart.o
 .debug_aranges
                0x00000000000017f8       0xf0 Drivers/STM32F4xx_HAL_Driver/Src/stm32f4xx_ll_fmc.o
 .debug_aranges
                0x00000000000018e8      0x198 Drivers/STM32F4xx_HAL_Driver/Src/stm32f4xx_ll_usb.o

.debug_ranges   0x0000000000000000     0x18a0
 .debug_ranges  0x0000000000000000       0x20 Core/Src/crc.o
 .debug_ranges  0x0000000000000020       0x20 Core/Src/dma2d.o
 .debug_ranges  0x0000000000000040       0x30 Core/Src/fmc.o
 .debug_ranges  0x0000000000000070       0x18 Core/Src/gpio.o
 .debug_ranges  0x0000000000000088       0x20 Core/Src/i2c.o
 .debug_ranges  0x00000000000000a8       0x20 Core/Src/ltdc.o
 .debug_ranges  0x00000000000000c8       0x30 Core/Src/main.o
 .debug_ranges  0x00000000000000f8       0x30 Core/Src/queue.o
 .debug_ranges  0x0000000000000128       0x20 Core/Src/spi.o
 .debug_ranges  0x0000000000000148       0x10 Core/Src/stm32f4xx_hal_msp.o
 .debug_ranges  0x0000000000000158       0x20 Core/Src/stm32f4xx_hal_timebase_tim.o
 .debug_ranges  0x0000000000000178       0x88 Core/Src/stm32f4xx_it.o
 .debug_ranges  0x0000000000000200       0x18 Core/Src/system_stm32f4xx.o
 .debug_ranges  0x0000000000000218       0x28 Core/Src/tim.o
 .debug_ranges  0x0000000000000240       0x38 Core/Src/usart.o
 .debug_ranges  0x0000000000000278       0x20 Core/Src/usb_otg.o
 .debug_ranges  0x0000000000000298       0x20 Core/Startup/startup_stm32f429zitx.o
 .debug_ranges  0x00000000000002b8       0xf0 Drivers/STM32F4xx_HAL_Driver/Src/stm32f4xx_hal.o
 .debug_ranges  0x00000000000003a8      0x108 Drivers/STM32F4xx_HAL_Driver/Src/stm32f4xx_hal_cortex.o
 .debug_ranges  0x00000000000004b0       0x40 Drivers/STM32F4xx_HAL_Driver/Src/stm32f4xx_hal_crc.o
 .debug_ranges  0x00000000000004f0       0x80 Drivers/STM32F4xx_HAL_Driver/Src/stm32f4xx_hal_dma.o
 .debug_ranges  0x0000000000000570      0x108 Drivers/STM32F4xx_HAL_Driver/Src/stm32f4xx_hal_dma2d.o
 .debug_ranges  0x0000000000000678       0x48 Drivers/STM32F4xx_HAL_Driver/Src/stm32f4xx_hal_gpio.o
 .debug_ranges  0x00000000000006c0       0xe8 Drivers/STM32F4xx_HAL_Driver/Src/stm32f4xx_hal_hcd.o
 .debug_ranges  0x00000000000007a8      0x2b8 Drivers/STM32F4xx_HAL_Driver/Src/stm32f4xx_hal_i2c.o
 .debug_ranges  0x0000000000000a60       0x18 Drivers/STM32F4xx_HAL_Driver/Src/stm32f4xx_hal_i2c_ex.o
 .debug_ranges  0x0000000000000a78      0x148 Drivers/STM32F4xx_HAL_Driver/Src/stm32f4xx_hal_ltdc.o
 .debug_ranges  0x0000000000000bc0       0x78 Drivers/STM32F4xx_HAL_Driver/Src/stm32f4xx_hal_rcc.o
 .debug_ranges  0x0000000000000c38       0x48 Drivers/STM32F4xx_HAL_Driver/Src/stm32f4xx_hal_rcc_ex.o
 .debug_ranges  0x0000000000000c80       0xc0 Drivers/STM32F4xx_HAL_Driver/Src/stm32f4xx_hal_sdram.o
 .debug_ranges  0x0000000000000d40      0x1c0 Drivers/STM32F4xx_HAL_Driver/Src/stm32f4xx_hal_spi.o
 .debug_ranges  0x0000000000000f00      0x3c0 Drivers/STM32F4xx_HAL_Driver/Src/stm32f4xx_hal_tim.o
 .debug_ranges  0x00000000000012c0      0x158 Drivers/STM32F4xx_HAL_Driver/Src/stm32f4xx_hal_tim_ex.o
 .debug_ranges  0x0000000000001418      0x220 Drivers/STM32F4xx_HAL_Driver/Src/stm32f4xx_hal_uart.o
 .debug_ranges  0x0000000000001638       0xe0 Drivers/STM32F4xx_HAL_Driver/Src/stm32f4xx_ll_fmc.o
 .debug_ranges  0x0000000000001718      0x188 Drivers/STM32F4xx_HAL_Driver/Src/stm32f4xx_ll_usb.o

.debug_macro    0x0000000000000000    0x2847f
 .debug_macro   0x0000000000000000      0x26c Core/Src/crc.o
 .debug_macro   0x000000000000026c      0xaa8 Core/Src/crc.o
 .debug_macro   0x0000000000000d14      0x2c5 Core/Src/crc.o
 .debug_macro   0x0000000000000fd9       0x2e Core/Src/crc.o
 .debug_macro   0x0000000000001007       0x28 Core/Src/crc.o
 .debug_macro   0x000000000000102f       0x22 Core/Src/crc.o
 .debug_macro   0x0000000000001051       0x8e Core/Src/crc.o
 .debug_macro   0x00000000000010df       0x51 Core/Src/crc.o
 .debug_macro   0x0000000000001130      0x103 Core/Src/crc.o
 .debug_macro   0x0000000000001233       0x6a Core/Src/crc.o
 .debug_macro   0x000000000000129d      0x1df Core/Src/crc.o
 .debug_macro   0x000000000000147c       0x1c Core/Src/crc.o
 .debug_macro   0x0000000000001498       0x22 Core/Src/crc.o
 .debug_macro   0x00000000000014ba       0xdf Core/Src/crc.o
 .debug_macro   0x0000000000001599     0x102d Core/Src/crc.o
 .debug_macro   0x00000000000025c6      0x11f Core/Src/crc.o
 .debug_macro   0x00000000000026e5    0x17f6a Core/Src/crc.o
 .debug_macro   0x000000000001a64f       0x43 Core/Src/crc.o
 .debug_macro   0x000000000001a692     0x36c9 Core/Src/crc.o
 .debug_macro   0x000000000001dd5b      0x174 Core/Src/crc.o
 .debug_macro   0x000000000001decf       0x5c Core/Src/crc.o
 .debug_macro   0x000000000001df2b      0xca5 Core/Src/crc.o
 .debug_macro   0x000000000001ebd0      0x9fe Core/Src/crc.o
 .debug_macro   0x000000000001f5ce      0x117 Core/Src/crc.o
 .debug_macro   0x000000000001f6e5      0x157 Core/Src/crc.o
 .debug_macro   0x000000000001f83c       0x82 Core/Src/crc.o
 .debug_macro   0x000000000001f8be      0x182 Core/Src/crc.o
 .debug_macro   0x000000000001fa40      0x287 Core/Src/crc.o
 .debug_macro   0x000000000001fcc7       0x5f Core/Src/crc.o
 .debug_macro   0x000000000001fd26      0x236 Core/Src/crc.o
 .debug_macro   0x000000000001ff5c       0x22 Core/Src/crc.o
 .debug_macro   0x000000000001ff7e      0x20f Core/Src/crc.o
 .debug_macro   0x000000000002018d      0x132 Core/Src/crc.o
 .debug_macro   0x00000000000202bf      0x41d Core/Src/crc.o
 .debug_macro   0x00000000000206dc       0x2e Core/Src/crc.o
 .debug_macro   0x000000000002070a      0x582 Core/Src/crc.o
 .debug_macro   0x0000000000020c8c      0x1b5 Core/Src/crc.o
 .debug_macro   0x0000000000020e41       0x22 Core/Src/crc.o
 .debug_macro   0x0000000000020e63       0xd6 Core/Src/crc.o
 .debug_macro   0x0000000000020f39      0x198 Core/Src/crc.o
 .debug_macro   0x00000000000210d1       0xd6 Core/Src/crc.o
 .debug_macro   0x00000000000211a7      0x11a Core/Src/crc.o
 .debug_macro   0x00000000000212c1       0xe2 Core/Src/crc.o
 .debug_macro   0x00000000000213a3       0x89 Core/Src/crc.o
 .debug_macro   0x000000000002142c      0x225 Core/Src/crc.o
 .debug_macro   0x0000000000021651      0x8d1 Core/Src/crc.o
 .debug_macro   0x0000000000021f22       0x47 Core/Src/crc.o
 .debug_macro   0x0000000000021f69      0x295 Core/Src/crc.o
 .debug_macro   0x00000000000221fe      0x21e Core/Src/crc.o
 .debug_macro   0x000000000002241c       0x7a Core/Src/crc.o
 .debug_macro   0x0000000000022496      0x134 Core/Src/crc.o
 .debug_macro   0x00000000000225ca      0x4d0 Core/Src/crc.o
 .debug_macro   0x0000000000022a9a      0x26c Core/Src/dma2d.o
 .debug_macro   0x0000000000022d06      0x26c Core/Src/fmc.o
 .debug_macro   0x0000000000022f72      0x27f Core/Src/gpio.o
 .debug_macro   0x00000000000231f1       0x10 Core/Src/gpio.o
 .debug_macro   0x0000000000023201      0x26c Core/Src/i2c.o
 .debug_macro   0x000000000002346d      0x26c Core/Src/ltdc.o
 .debug_macro   0x00000000000236d9      0x3a3 Core/Src/main.o
 .debug_macro   0x0000000000023a7c       0x18 Core/Src/main.o
 .debug_macro   0x0000000000023a94       0x52 Core/Src/main.o
 .debug_macro   0x0000000000023ae6       0x3c Core/Src/main.o
 .debug_macro   0x0000000000023b22       0x34 Core/Src/main.o
 .debug_macro   0x0000000000023b56       0x16 Core/Src/main.o
 .debug_macro   0x0000000000023b6c       0x35 Core/Src/main.o
 .debug_macro   0x0000000000023ba1       0x16 Core/Src/main.o
 .debug_macro   0x0000000000023bb7       0x43 Core/Src/main.o
 .debug_macro   0x0000000000023bfa       0x34 Core/Src/main.o
 .debug_macro   0x0000000000023c2e       0x10 Core/Src/main.o
 .debug_macro   0x0000000000023c3e       0x58 Core/Src/main.o
 .debug_macro   0x0000000000023c96       0x71 Core/Src/main.o
 .debug_macro   0x0000000000023d07       0x1c Core/Src/main.o
 .debug_macro   0x0000000000023d23      0x12a Core/Src/main.o
 .debug_macro   0x0000000000023e4d      0x333 Core/Src/main.o
 .debug_macro   0x0000000000024180       0x16 Core/Src/main.o
 .debug_macro   0x0000000000024196       0x29 Core/Src/main.o
 .debug_macro   0x00000000000241bf      0x272 Core/Src/queue.o
 .debug_macro   0x0000000000024431      0x26c Core/Src/spi.o
 .debug_macro   0x000000000002469d      0x262 Core/Src/stm32f4xx_hal_msp.o
 .debug_macro   0x00000000000248ff      0x253 Core/Src/stm32f4xx_hal_timebase_tim.o
 .debug_macro   0x0000000000024b52      0x26c Core/Src/stm32f4xx_it.o
 .debug_macro   0x0000000000024dbe      0x253 Core/Src/system_stm32f4xx.o
 .debug_macro   0x0000000000025011      0x26c Core/Src/tim.o
 .debug_macro   0x000000000002527d      0x275 Core/Src/usart.o
 .debug_macro   0x00000000000254f2      0x26c Core/Src/usb_otg.o
 .debug_macro   0x000000000002575e      0x2b3 Drivers/STM32F4xx_HAL_Driver/Src/stm32f4xx_hal.o
 .debug_macro   0x0000000000025a11      0x253 Drivers/STM32F4xx_HAL_Driver/Src/stm32f4xx_hal_cortex.o
 .debug_macro   0x0000000000025c64      0x253 Drivers/STM32F4xx_HAL_Driver/Src/stm32f4xx_hal_crc.o
 .debug_macro   0x0000000000025eb7      0x259 Drivers/STM32F4xx_HAL_Driver/Src/stm32f4xx_hal_dma.o
 .debug_macro   0x0000000000026110      0x262 Drivers/STM32F4xx_HAL_Driver/Src/stm32f4xx_hal_dma2d.o
 .debug_macro   0x0000000000026372      0x259 Drivers/STM32F4xx_HAL_Driver/Src/stm32f4xx_hal_gpio.o
 .debug_macro   0x00000000000265cb      0x253 Drivers/STM32F4xx_HAL_Driver/Src/stm32f4xx_hal_hcd.o
 .debug_macro   0x000000000002681e      0x29a Drivers/STM32F4xx_HAL_Driver/Src/stm32f4xx_hal_i2c.o
 .debug_macro   0x0000000000026ab8      0x253 Drivers/STM32F4xx_HAL_Driver/Src/stm32f4xx_hal_i2c_ex.o
 .debug_macro   0x0000000000026d0b      0x254 Drivers/STM32F4xx_HAL_Driver/Src/stm32f4xx_hal_ltdc.o
 .debug_macro   0x0000000000026f5f      0x277 Drivers/STM32F4xx_HAL_Driver/Src/stm32f4xx_hal_rcc.o
 .debug_macro   0x00000000000271d6      0x253 Drivers/STM32F4xx_HAL_Driver/Src/stm32f4xx_hal_rcc_ex.o
 .debug_macro   0x0000000000027429      0x253 Drivers/STM32F4xx_HAL_Driver/Src/stm32f4xx_hal_sdram.o
 .debug_macro   0x000000000002767c      0x262 Drivers/STM32F4xx_HAL_Driver/Src/stm32f4xx_hal_spi.o
 .debug_macro   0x00000000000278de      0x254 Drivers/STM32F4xx_HAL_Driver/Src/stm32f4xx_hal_tim.o
 .debug_macro   0x0000000000027b32      0x253 Drivers/STM32F4xx_HAL_Driver/Src/stm32f4xx_hal_tim_ex.o
 .debug_macro   0x0000000000027d85      0x254 Drivers/STM32F4xx_HAL_Driver/Src/stm32f4xx_hal_uart.o
 .debug_macro   0x0000000000027fd9      0x253 Drivers/STM32F4xx_HAL_Driver/Src/stm32f4xx_ll_fmc.o
 .debug_macro   0x000000000002822c      0x253 Drivers/STM32F4xx_HAL_Driver/Src/stm32f4xx_ll_usb.o

.debug_line     0x0000000000000000    0x22252
 .debug_line    0x0000000000000000      0x809 Core/Src/crc.o
 .debug_line    0x0000000000000809      0x82e Core/Src/dma2d.o
 .debug_line    0x0000000000001037      0x8f5 Core/Src/fmc.o
 .debug_line    0x000000000000192c      0x874 Core/Src/gpio.o
 .debug_line    0x00000000000021a0      0x85b Core/Src/i2c.o
 .debug_line    0x00000000000029fb      0x8f2 Core/Src/ltdc.o
 .debug_line    0x00000000000032ed      0xa80 Core/Src/main.o
 .debug_line    0x0000000000003d6d      0x8ab Core/Src/queue.o
 .debug_line    0x0000000000004618      0x83f Core/Src/spi.o
 .debug_line    0x0000000000004e57      0x7ce Core/Src/stm32f4xx_hal_msp.o
 .debug_line    0x0000000000005625      0x82d Core/Src/stm32f4xx_hal_timebase_tim.o
 .debug_line    0x0000000000005e52      0x933 Core/Src/stm32f4xx_it.o
 .debug_line    0x0000000000006785      0x84f Core/Src/system_stm32f4xx.o
 .debug_line    0x0000000000006fd4      0x89b Core/Src/tim.o
 .debug_line    0x000000000000786f      0x8ec Core/Src/usart.o
 .debug_line    0x000000000000815b      0x847 Core/Src/usb_otg.o
 .debug_line    0x00000000000089a2       0x88 Core/Startup/startup_stm32f429zitx.o
 .debug_line    0x0000000000008a2a      0xaeb Drivers/STM32F4xx_HAL_Driver/Src/stm32f4xx_hal.o
 .debug_line    0x0000000000009515      0xd64 Drivers/STM32F4xx_HAL_Driver/Src/stm32f4xx_hal_cortex.o
 .debug_line    0x000000000000a279      0x914 Drivers/STM32F4xx_HAL_Driver/Src/stm32f4xx_hal_crc.o
 .debug_line    0x000000000000ab8d     0x101e Drivers/STM32F4xx_HAL_Driver/Src/stm32f4xx_hal_dma.o
 .debug_line    0x000000000000bbab     0x126d Drivers/STM32F4xx_HAL_Driver/Src/stm32f4xx_hal_dma2d.o
 .debug_line    0x000000000000ce18      0xc55 Drivers/STM32F4xx_HAL_Driver/Src/stm32f4xx_hal_gpio.o
 .debug_line    0x000000000000da6d     0x12ca Drivers/STM32F4xx_HAL_Driver/Src/stm32f4xx_hal_hcd.o
 .debug_line    0x000000000000ed37     0x3a3c Drivers/STM32F4xx_HAL_Driver/Src/stm32f4xx_hal_i2c.o
 .debug_line    0x0000000000012773      0x848 Drivers/STM32F4xx_HAL_Driver/Src/stm32f4xx_hal_i2c_ex.o
 .debug_line    0x0000000000012fbb     0x17c8 Drivers/STM32F4xx_HAL_Driver/Src/stm32f4xx_hal_ltdc.o
 .debug_line    0x0000000000014783      0xe31 Drivers/STM32F4xx_HAL_Driver/Src/stm32f4xx_hal_rcc.o
 .debug_line    0x00000000000155b4      0xc86 Drivers/STM32F4xx_HAL_Driver/Src/stm32f4xx_hal_rcc_ex.o
 .debug_line    0x000000000001623a      0xd1d Drivers/STM32F4xx_HAL_Driver/Src/stm32f4xx_hal_sdram.o
 .debug_line    0x0000000000016f57     0x1d3d Drivers/STM32F4xx_HAL_Driver/Src/stm32f4xx_hal_spi.o
 .debug_line    0x0000000000018c94     0x36e1 Drivers/STM32F4xx_HAL_Driver/Src/stm32f4xx_hal_tim.o
 .debug_line    0x000000000001c375     0x1a82 Drivers/STM32F4xx_HAL_Driver/Src/stm32f4xx_hal_tim_ex.o
 .debug_line    0x000000000001ddf7     0x1b7b Drivers/STM32F4xx_HAL_Driver/Src/stm32f4xx_hal_uart.o
 .debug_line    0x000000000001f972      0xf5a Drivers/STM32F4xx_HAL_Driver/Src/stm32f4xx_ll_fmc.o
 .debug_line    0x00000000000208cc     0x1986 Drivers/STM32F4xx_HAL_Driver/Src/stm32f4xx_ll_usb.o

.debug_str      0x0000000000000000    0xe7045
 .debug_str     0x0000000000000000    0xdc6da Core/Src/crc.o
                                      0xdc986 (size before relaxing)
 .debug_str     0x00000000000dc6da      0x73a Core/Src/dma2d.o
                                      0xdd035 (size before relaxing)
 .debug_str     0x00000000000dce14      0x4bc Core/Src/fmc.o
                                      0xdcdce (size before relaxing)
 .debug_str     0x00000000000dd2d0      0x26e Core/Src/gpio.o
                                      0xdd2da (size before relaxing)
 .debug_str     0x00000000000dd53e      0x2b3 Core/Src/i2c.o
                                      0xdcdec (size before relaxing)
 .debug_str     0x00000000000dd7f1      0x2a1 Core/Src/ltdc.o
                                      0xdd11e (size before relaxing)
 .debug_str     0x00000000000dda92     0x3c0a Core/Src/main.o
                                      0xe1333 (size before relaxing)
 .debug_str     0x00000000000e169c       0x4b Core/Src/queue.o
                                      0xdc79d (size before relaxing)
 .debug_str     0x00000000000e16e7       0x4b Core/Src/spi.o
                                      0xdcd44 (size before relaxing)
 .debug_str     0x00000000000e1732       0x2c Core/Src/stm32f4xx_hal_msp.o
                                      0xdc84a (size before relaxing)
 .debug_str     0x00000000000e175e       0xaa Core/Src/stm32f4xx_hal_timebase_tim.o
                                      0xdc434 (size before relaxing)
 .debug_str     0x00000000000e1808      0x115 Core/Src/stm32f4xx_it.o
                                      0xdd75c (size before relaxing)
 .debug_str     0x00000000000e191d       0xaf Core/Src/system_stm32f4xx.o
                                      0xdb943 (size before relaxing)
 .debug_str     0x00000000000e19cc      0x104 Core/Src/tim.o
                                      0xdd3de (size before relaxing)
 .debug_str     0x00000000000e1ad0       0x9b Core/Src/usart.o
                                      0xdd333 (size before relaxing)
 .debug_str     0x00000000000e1b6b       0x59 Core/Src/usb_otg.o
                                      0xdd299 (size before relaxing)
 .debug_str     0x00000000000e1bc4       0x36 Core/Startup/startup_stm32f429zitx.o
                                         0x67 (size before relaxing)
 .debug_str     0x00000000000e1bfa      0x573 Drivers/STM32F4xx_HAL_Driver/Src/stm32f4xx_hal.o
                                      0xdc4c4 (size before relaxing)
 .debug_str     0x00000000000e216d      0x392 Drivers/STM32F4xx_HAL_Driver/Src/stm32f4xx_hal_cortex.o
                                      0xdc265 (size before relaxing)
 .debug_str     0x00000000000e24ff       0xaa Drivers/STM32F4xx_HAL_Driver/Src/stm32f4xx_hal_crc.o
                                      0xdb98a (size before relaxing)
 .debug_str     0x00000000000e25a9      0x310 Drivers/STM32F4xx_HAL_Driver/Src/stm32f4xx_hal_dma.o
                                      0xdbd5a (size before relaxing)
 .debug_str     0x00000000000e28b9      0x3a6 Drivers/STM32F4xx_HAL_Driver/Src/stm32f4xx_hal_dma2d.o
                                      0xdbf3f (size before relaxing)
 .debug_str     0x00000000000e2c5f      0x13a Drivers/STM32F4xx_HAL_Driver/Src/stm32f4xx_hal_gpio.o
                                      0xdbaea (size before relaxing)
 .debug_str     0x00000000000e2d99      0x3dc Drivers/STM32F4xx_HAL_Driver/Src/stm32f4xx_hal_hcd.o
                                      0xdbfe1 (size before relaxing)
 .debug_str     0x00000000000e3175      0xa92 Drivers/STM32F4xx_HAL_Driver/Src/stm32f4xx_hal_i2c.o
                                      0xdc8b7 (size before relaxing)
 .debug_str     0x00000000000e3c07       0x3b Drivers/STM32F4xx_HAL_Driver/Src/stm32f4xx_hal_i2c_ex.o
                                      0xdbd3e (size before relaxing)
 .debug_str     0x00000000000e3c42      0x480 Drivers/STM32F4xx_HAL_Driver/Src/stm32f4xx_hal_ltdc.o
                                      0xdbf99 (size before relaxing)
 .debug_str     0x00000000000e40c2      0x244 Drivers/STM32F4xx_HAL_Driver/Src/stm32f4xx_hal_rcc.o
                                      0xdbd45 (size before relaxing)
 .debug_str     0x00000000000e4306      0x14d Drivers/STM32F4xx_HAL_Driver/Src/stm32f4xx_hal_rcc_ex.o
                                      0xdbb36 (size before relaxing)
 .debug_str     0x00000000000e4453      0x2b0 Drivers/STM32F4xx_HAL_Driver/Src/stm32f4xx_hal_sdram.o
                                      0xdbf39 (size before relaxing)
 .debug_str     0x00000000000e4703      0x564 Drivers/STM32F4xx_HAL_Driver/Src/stm32f4xx_hal_spi.o
                                      0xdc1d4 (size before relaxing)
 .debug_str     0x00000000000e4c67      0xdbd Drivers/STM32F4xx_HAL_Driver/Src/stm32f4xx_hal_tim.o
                                      0xdcc58 (size before relaxing)
 .debug_str     0x00000000000e5a24      0x4ee Drivers/STM32F4xx_HAL_Driver/Src/stm32f4xx_hal_tim_ex.o
                                      0xdc409 (size before relaxing)
 .debug_str     0x00000000000e5f12      0x5a5 Drivers/STM32F4xx_HAL_Driver/Src/stm32f4xx_hal_uart.o
                                      0xdc294 (size before relaxing)
 .debug_str     0x00000000000e64b7      0x556 Drivers/STM32F4xx_HAL_Driver/Src/stm32f4xx_ll_fmc.o
                                      0xdbf9a (size before relaxing)
 .debug_str     0x00000000000e6a0d      0x638 Drivers/STM32F4xx_HAL_Driver/Src/stm32f4xx_ll_usb.o
                                      0xdc23b (size before relaxing)

.comment        0x0000000000000000       0x53
 .comment       0x0000000000000000       0x53 Core/Src/crc.o
                                         0x54 (size before relaxing)
 .comment       0x0000000000000053       0x54 Core/Src/dma2d.o
 .comment       0x0000000000000053       0x54 Core/Src/fmc.o
 .comment       0x0000000000000053       0x54 Core/Src/gpio.o
 .comment       0x0000000000000053       0x54 Core/Src/i2c.o
 .comment       0x0000000000000053       0x54 Core/Src/ltdc.o
 .comment       0x0000000000000053       0x54 Core/Src/main.o
 .comment       0x0000000000000053       0x54 Core/Src/queue.o
 .comment       0x0000000000000053       0x54 Core/Src/spi.o
 .comment       0x0000000000000053       0x54 Core/Src/stm32f4xx_hal_msp.o
 .comment       0x0000000000000053       0x54 Core/Src/stm32f4xx_hal_timebase_tim.o
 .comment       0x0000000000000053       0x54 Core/Src/stm32f4xx_it.o
 .comment       0x0000000000000053       0x54 Core/Src/system_stm32f4xx.o
 .comment       0x0000000000000053       0x54 Core/Src/tim.o
 .comment       0x0000000000000053       0x54 Core/Src/usart.o
 .comment       0x0000000000000053       0x54 Core/Src/usb_otg.o
 .comment       0x0000000000000053       0x54 Drivers/STM32F4xx_HAL_Driver/Src/stm32f4xx_hal.o
 .comment       0x0000000000000053       0x54 Drivers/STM32F4xx_HAL_Driver/Src/stm32f4xx_hal_cortex.o
 .comment       0x0000000000000053       0x54 Drivers/STM32F4xx_HAL_Driver/Src/stm32f4xx_hal_crc.o
 .comment       0x0000000000000053       0x54 Drivers/STM32F4xx_HAL_Driver/Src/stm32f4xx_hal_dma.o
 .comment       0x0000000000000053       0x54 Drivers/STM32F4xx_HAL_Driver/Src/stm32f4xx_hal_dma2d.o
 .comment       0x0000000000000053       0x54 Drivers/STM32F4xx_HAL_Driver/Src/stm32f4xx_hal_gpio.o
 .comment       0x0000000000000053       0x54 Drivers/STM32F4xx_HAL_Driver/Src/stm32f4xx_hal_hcd.o
 .comment       0x0000000000000053       0x54 Drivers/STM32F4xx_HAL_Driver/Src/stm32f4xx_hal_i2c.o
 .comment       0x0000000000000053       0x54 Drivers/STM32F4xx_HAL_Driver/Src/stm32f4xx_hal_i2c_ex.o
 .comment       0x0000000000000053       0x54 Drivers/STM32F4xx_HAL_Driver/Src/stm32f4xx_hal_ltdc.o
 .comment       0x0000000000000053       0x54 Drivers/STM32F4xx_HAL_Driver/Src/stm32f4xx_hal_rcc.o
 .comment       0x0000000000000053       0x54 Drivers/STM32F4xx_HAL_Driver/Src/stm32f4xx_hal_rcc_ex.o
 .comment       0x0000000000000053       0x54 Drivers/STM32F4xx_HAL_Driver/Src/stm32f4xx_hal_sdram.o
 .comment       0x0000000000000053       0x54 Drivers/STM32F4xx_HAL_Driver/Src/stm32f4xx_hal_spi.o
 .comment       0x0000000000000053       0x54 Drivers/STM32F4xx_HAL_Driver/Src/stm32f4xx_hal_tim.o
 .comment       0x0000000000000053       0x54 Drivers/STM32F4xx_HAL_Driver/Src/stm32f4xx_hal_tim_ex.o
 .comment       0x0000000000000053       0x54 Drivers/STM32F4xx_HAL_Driver/Src/stm32f4xx_hal_uart.o
 .comment       0x0000000000000053       0x54 Drivers/STM32F4xx_HAL_Driver/Src/stm32f4xx_ll_fmc.o
 .comment       0x0000000000000053       0x54 Drivers/STM32F4xx_HAL_Driver/Src/stm32f4xx_ll_usb.o

.debug_frame    0x0000000000000000     0x6f2c
 .debug_frame   0x0000000000000000       0x7c Core/Src/crc.o
 .debug_frame   0x000000000000007c       0x74 Core/Src/dma2d.o
 .debug_frame   0x00000000000000f0       0xbc Core/Src/fmc.o
 .debug_frame   0x00000000000001ac       0x5c Core/Src/gpio.o
 .debug_frame   0x0000000000000208       0x74 Core/Src/i2c.o
 .debug_frame   0x000000000000027c       0x80 Core/Src/ltdc.o
 .debug_frame   0x00000000000002fc       0xb8 Core/Src/main.o
 .debug_frame   0x00000000000003b4       0xd0 Core/Src/queue.o
 .debug_frame   0x0000000000000484       0x74 Core/Src/spi.o
 .debug_frame   0x00000000000004f8       0x38 Core/Src/stm32f4xx_hal_msp.o
 .debug_frame   0x0000000000000530       0x74 Core/Src/stm32f4xx_hal_timebase_tim.o
 .debug_frame   0x00000000000005a4      0x1cc Core/Src/stm32f4xx_it.o
 .debug_frame   0x0000000000000770       0x58 Core/Src/system_stm32f4xx.o
 .debug_frame   0x00000000000007c8       0xa0 Core/Src/tim.o
 .debug_frame   0x0000000000000868       0xdc Core/Src/usart.o
 .debug_frame   0x0000000000000944       0x74 Core/Src/usb_otg.o
 .debug_frame   0x00000000000009b8      0x3b4 Drivers/STM32F4xx_HAL_Driver/Src/stm32f4xx_hal.o
 .debug_frame   0x0000000000000d6c      0x498 Drivers/STM32F4xx_HAL_Driver/Src/stm32f4xx_hal_cortex.o
 .debug_frame   0x0000000000001204      0x120 Drivers/STM32F4xx_HAL_Driver/Src/stm32f4xx_hal_crc.o
 .debug_frame   0x0000000000001324      0x250 Drivers/STM32F4xx_HAL_Driver/Src/stm32f4xx_hal_dma.o
 .debug_frame   0x0000000000001574      0x4e0 Drivers/STM32F4xx_HAL_Driver/Src/stm32f4xx_hal_dma2d.o
 .debug_frame   0x0000000000001a54      0x14c Drivers/STM32F4xx_HAL_Driver/Src/stm32f4xx_hal_gpio.o
 .debug_frame   0x0000000000001ba0      0x44c Drivers/STM32F4xx_HAL_Driver/Src/stm32f4xx_hal_hcd.o
 .debug_frame   0x0000000000001fec      0xc5c Drivers/STM32F4xx_HAL_Driver/Src/stm32f4xx_hal_i2c.o
 .debug_frame   0x0000000000002c48       0x60 Drivers/STM32F4xx_HAL_Driver/Src/stm32f4xx_hal_i2c_ex.o
 .debug_frame   0x0000000000002ca8      0x61c Drivers/STM32F4xx_HAL_Driver/Src/stm32f4xx_hal_ltdc.o
 .debug_frame   0x00000000000032c4      0x1f0 Drivers/STM32F4xx_HAL_Driver/Src/stm32f4xx_hal_rcc.o
 .debug_frame   0x00000000000034b4      0x13c Drivers/STM32F4xx_HAL_Driver/Src/stm32f4xx_hal_rcc_ex.o
 .debug_frame   0x00000000000035f0      0x37c Drivers/STM32F4xx_HAL_Driver/Src/stm32f4xx_hal_sdram.o
 .debug_frame   0x000000000000396c      0x824 Drivers/STM32F4xx_HAL_Driver/Src/stm32f4xx_hal_spi.o
 .debug_frame   0x0000000000004190     0x11bc Drivers/STM32F4xx_HAL_Driver/Src/stm32f4xx_hal_tim.o
 .debug_frame   0x000000000000534c      0x638 Drivers/STM32F4xx_HAL_Driver/Src/stm32f4xx_hal_tim_ex.o
 .debug_frame   0x0000000000005984      0x924 Drivers/STM32F4xx_HAL_Driver/Src/stm32f4xx_hal_uart.o
 .debug_frame   0x00000000000062a8      0x440 Drivers/STM32F4xx_HAL_Driver/Src/stm32f4xx_ll_fmc.o
 .debug_frame   0x00000000000066e8      0x798 Drivers/STM32F4xx_HAL_Driver/Src/stm32f4xx_ll_usb.o
 .debug_frame   0x0000000000006e80       0x2c c:/st/stm32cubeide_1.6.1/stm32cubeide/plugins/com.st.stm32cube.ide.mcu.externaltools.gnu-tools-for-stm32.9-2020-q2-update.win32_1.5.0.202011040924/tools/bin/../lib/gcc/arm-none-eabi/9.3.1/../../../../arm-none-eabi/lib/thumb/v7e-m+fp/hard\libc_nano.a(lib_a-init.o)
 .debug_frame   0x0000000000006eac       0x20 c:/st/stm32cubeide_1.6.1/stm32cubeide/plugins/com.st.stm32cube.ide.mcu.externaltools.gnu-tools-for-stm32.9-2020-q2-update.win32_1.5.0.202011040924/tools/bin/../lib/gcc/arm-none-eabi/9.3.1/../../../../arm-none-eabi/lib/thumb/v7e-m+fp/hard\libc_nano.a(lib_a-memset.o)
 .debug_frame   0x0000000000006ecc       0x2c c:/st/stm32cubeide_1.6.1/stm32cubeide/plugins/com.st.stm32cube.ide.mcu.externaltools.gnu-tools-for-stm32.9-2020-q2-update.win32_1.5.0.202011040924/tools/bin/../lib/gcc/arm-none-eabi/9.3.1/thumb/v7e-m+fp/hard\libgcc.a(_aeabi_uldivmod.o)